 FARCmds

 Timestamp is 4f457460 (Thu Feb 23 00:04:00 2012)

 Preferred load address is 10000000

 Start         Length     Name                   Class
 0001:00000000 000000b4H .idata$5                CODE
 0001:000000b8 00000556H .rdata                  CODE
 0001:00000610 000042f5H .text                   CODE
 0001:00004908 00000028H .idata$2                CODE
 0001:00004930 00000014H .idata$3                CODE
 0001:00004944 000000b4H .idata$4                CODE
 0001:000049f8 00000328H .idata$6                CODE
 0001:00004d20 000000a5H .edata                  CODE
 0002:00000000 00000020H .data                   DATA
 0002:00000020 00004174H .bss                    DATA
 0003:00000000 00000058H .rsrc$01                DATA
 0003:00000060 00000378H .rsrc$02                DATA

  Address         Publics by Value              Rva+Base       Lib:Object

 0000:00000000       ___safe_se_handler_table   00000000     <absolute>
 0000:00000000       ___safe_se_handler_count   00000000     <absolute>
 0001:00000000       __imp__RegQueryValueExW@24 10001000     advapi32:ADVAPI32.dll
 0001:00000004       __imp__RegCloseKey@4       10001004     advapi32:ADVAPI32.dll
 0001:00000008       __imp__RegOpenKeyExW@20    10001008     advapi32:ADVAPI32.dll
 0001:0000000c       \177ADVAPI32_NULL_THUNK_DATA 1000100c     advapi32:ADVAPI32.dll
 0001:00000010       __imp__lstrcatW@8          10001010     kernel32:KERNEL32.dll
 0001:00000014       __imp__GetModuleFileNameW@12 10001014     kernel32:KERNEL32.dll
 0001:00000018       __imp__GetProcAddress@8    10001018     kernel32:KERNEL32.dll
 0001:0000001c       __imp__GetModuleHandleW@4  1000101c     kernel32:KERNEL32.dll
 0001:00000020       __imp__CloseHandle@4       10001020     kernel32:KERNEL32.dll
 0001:00000024       __imp__RemoveDirectoryW@4  10001024     kernel32:KERNEL32.dll
 0001:00000028       __imp__DeleteFileW@4       10001028     kernel32:KERNEL32.dll
 0001:0000002c       __imp__GetFileSize@8       1000102c     kernel32:KERNEL32.dll
 0001:00000030       __imp__CreateFileW@28      10001030     kernel32:KERNEL32.dll
 0001:00000034       __imp__lstrcpyW@8          10001034     kernel32:KERNEL32.dll
 0001:00000038       __imp__WriteConsoleW@20    10001038     kernel32:KERNEL32.dll
 0001:0000003c       __imp__ReadFile@20         1000103c     kernel32:KERNEL32.dll
 0001:00000040       __imp__Sleep@4             10001040     kernel32:KERNEL32.dll
 0001:00000044       __imp__GetTempFileNameW@16 10001044     kernel32:KERNEL32.dll
 0001:00000048       __imp__CreateDirectoryW@8  10001048     kernel32:KERNEL32.dll
 0001:0000004c       __imp__MultiByteToWideChar@24 1000104c     kernel32:KERNEL32.dll
 0001:00000050       __imp__GetACP@0            10001050     kernel32:KERNEL32.dll
 0001:00000054       __imp__GetConsoleOutputCP@0 10001054     kernel32:KERNEL32.dll
 0001:00000058       __imp__ExpandEnvironmentStringsW@12 10001058     kernel32:KERNEL32.dll
 0001:0000005c       __imp__WaitForSingleObject@8 1000105c     kernel32:KERNEL32.dll
 0001:00000060       __imp__CreateThread@24     10001060     kernel32:KERNEL32.dll
 0001:00000064       __imp__CreateProcessW@40   10001064     kernel32:KERNEL32.dll
 0001:00000068       __imp__SetConsoleTitleW@4  10001068     kernel32:KERNEL32.dll
 0001:0000006c       __imp__GetConsoleTitleW@8  1000106c     kernel32:KERNEL32.dll
 0001:00000070       __imp__SetCurrentDirectoryW@4 10001070     kernel32:KERNEL32.dll
 0001:00000074       __imp__GetCurrentDirectoryW@8 10001074     kernel32:KERNEL32.dll
 0001:00000078       __imp__SetConsoleCursorPosition@8 10001078     kernel32:KERNEL32.dll
 0001:0000007c       __imp__GetConsoleScreenBufferInfo@8 1000107c     kernel32:KERNEL32.dll
 0001:00000080       __imp__SetConsoleMode@8    10001080     kernel32:KERNEL32.dll
 0001:00000084       __imp__GetConsoleMode@8    10001084     kernel32:KERNEL32.dll
 0001:00000088       __imp__GetStdHandle@4      10001088     kernel32:KERNEL32.dll
 0001:0000008c       __imp__SearchPathW@24      1000108c     kernel32:KERNEL32.dll
 0001:00000090       __imp__GetEnvironmentVariableW@12 10001090     kernel32:KERNEL32.dll
 0001:00000094       __imp__HeapFree@12         10001094     kernel32:KERNEL32.dll
 0001:00000098       __imp__GetProcessHeap@0    10001098     kernel32:KERNEL32.dll
 0001:0000009c       __imp__HeapAlloc@12        1000109c     kernel32:KERNEL32.dll
 0001:000000a0       __imp__lstrlenW@4          100010a0     kernel32:KERNEL32.dll
 0001:000000a4       __imp__GetFileAttributesW@4 100010a4     kernel32:KERNEL32.dll
 0001:000000a8       __imp__ScrollConsoleScreenBufferW@20 100010a8     kernel32:KERNEL32.dll
 0001:000000ac       __imp__lstrcpynW@12        100010ac     kernel32:KERNEL32.dll
 0001:000000b0       \177KERNEL32_NULL_THUNK_DATA 100010b0     kernel32:KERNEL32.dll
 0001:000000b8       ??_C@_1BI@BKNCFIOG@?$AAM?$AAa?$AAx?$AAD?$AAa?$AAt?$AAa?$AAS?$AAi?$AAz?$AAe?$AA?$AA@ 100010b8     FARCmds.obj
 0001:000000d0       ??_C@_1BK@LOJIPNKK@?$AAE?$AAd?$AAi?$AAt?$AAN?$AAe?$AAw?$AAF?$AAi?$AAl?$AAe?$AAs?$AA?$AA@ 100010d0     FARCmds.obj
 0001:000000ec       ??_C@_1BM@BMDAMABJ@?$AAV?$AAi?$AAe?$AAw?$AAZ?$AAe?$AAr?$AAo?$AAF?$AAi?$AAl?$AAe?$AAs?$AA?$AA@ 100010ec     FARCmds.obj
 0001:00000108       ??_C@_1BE@EKEFMMPP@?$AAC?$AAa?$AAt?$AAc?$AAh?$AAM?$AAo?$AAd?$AAe?$AA?$AA@ 10001108     FARCmds.obj
 0001:0000011c       ??_C@_1BM@IEHCKIMD@?$AAS?$AAh?$AAo?$AAw?$AAC?$AAm?$AAd?$AAO?$AAu?$AAt?$AAp?$AAu?$AAt?$AA?$AA@ 1000111c     FARCmds.obj
 0001:00000138       ??_C@_1BE@KBOCGMKN@?$AAS?$AAe?$AAp?$AAa?$AAr?$AAa?$AAt?$AAo?$AAr?$AA?$AA@ 10001138     FARCmds.obj
 0001:0000014c       ??_C@_1BM@FDPIJPAH@?$AAA?$AAd?$AAd?$AA2?$AAD?$AAi?$AAs?$AAk?$AAs?$AAM?$AAe?$AAn?$AAu?$AA?$AA@ 1000114c     FARCmds.obj
 0001:00000168       ??_C@_1BK@EJEHIDJM@?$AAA?$AAd?$AAd?$AA2?$AAP?$AAl?$AAu?$AAg?$AAM?$AAe?$AAn?$AAu?$AA?$AA@ 10001168     FARCmds.obj
 0001:00000184       _MainGuid                  10001184     FARCmds.obj
 0001:00000194       _SameFolderMenuGuid        10001194     FARCmds.obj
 0001:000001a4       _ConfigMenuGuid            100011a4     FARCmds.obj
 0001:000001b4       _DialogGuid                100011b4     FARCmds.obj
 0001:000001c4       ??_C@_13HOIJIPNN@?$AA?5?$AA?$AA@ 100011c4     FARCmds.obj
 0001:000001c8       ??_C@_15BNIPFGCG@?$AA$?$AA?$CK?$AA?$AA@ 100011c8     FARCmds.obj
 0001:000001d0       ??_C@_1BE@EKCMLKPN@?$AA?$CF?$AAC?$AAO?$AAM?$AAS?$AAP?$AAE?$AAC?$AA?$CF?$AA?$AA@ 100011d0     FARCmds.obj
 0001:000001e4       ??_C@_1BC@GDMECMAK@?$AAk?$AAe?$AAr?$AAn?$AAe?$AAl?$AA3?$AA2?$AA?$AA@ 100011e4     FARCmds.obj
 0001:000001f8       ??_C@_0BB@BNALAELI@GetConsoleAliasW?$AA@ 100011f8     FARCmds.obj
 0001:0000020c       ??_C@_13FPGAJAPJ@?$AA?2?$AA?$AA@ 1000120c     FARCmds.obj
 0001:00000210       ??_C@_1BE@BNONMOPA@?$AA?2?$AA?2?$AA?4?$AA?2?$AAc?$AAd?$AAr?$AAo?$AAm?$AA?$AA@ 10001210     FARCmds.obj
 0001:00000224       ??_C@_1CE@JKDBMIKG@?$AA?2?$AA?2?$AA?4?$AA?2?$AAP?$AAh?$AAy?$AAs?$AAi?$AAc?$AAa?$AAl?$AAD?$AAr?$AAi?$AAv?$AAe?$AA?$AA@ 10001224     FARCmds.obj
 0001:00000248       ??_C@_19BKJMDJK@?$AA?2?$AA?2?$AA?4?$AA?2?$AA?$AA@ 10001248     FARCmds.obj
 0001:00000254       ??_C@_17IJMNDCL@?$AA?$CF?$AAl?$AAu?$AA?$AA@ 10001254     FARCmds.obj
 0001:0000025c       ??_C@_1BA@EIPEFBMB@?$AA?$CF?$AAl?$AAu?$AA?1?$AA?$CF?$AAl?$AAu?$AA?$AA@ 1000125c     FARCmds.obj
 0001:00000274       ??_C@_19LJDFFCJJ@?$AA?$CF?$AAs?$AA?$CF?$AAs?$AA?$AA@ 10001274     FARCmds.obj
 0001:00000280       ??_C@_13NEIAEHFG@?$AA?$CC?$AA?$AA@ 10001280     FARCmds.obj
 0001:00000284       ??_C@_1BM@MDBPDFDA@?$AA?$CF?$AAC?$AAO?$AAM?$AAS?$AAP?$AAE?$AAC?$AA?$CF?$AA?5?$AA?1?$AAc?$AA?5?$AA?$AA@ 10001284     FARCmds.obj
 0001:000002a0       ??_C@_15GBHPEJPD@?$AA?1?$AAS?$AA?$AA@ 100012a0     FARCmds.obj
 0001:000002a8       ??_C@_15MDAMMGLB@?$AA?1?$AAN?$AA?$AA@ 100012a8     FARCmds.obj
 0001:000002b0       ??_C@_19JMGCACDF@?$AA?1?$AAM?$AAS?$AAG?$AA?$AA@ 100012b0     FARCmds.obj
 0001:000002bc       ??_C@_19JLKJCDCM@?$AAP?$AAO?$AAS?$AAT?$AA?$AA@ 100012bc     FARCmds.obj
 0001:000002c8       ??_C@_1M@OKBOHALD@?$AAC?$AAH?$AAE?$AAC?$AAK?$AA?$AA@ 100012c8     FARCmds.obj
 0001:000002d4       ??_C@_19NNHMCLFE@?$AAS?$AAA?$AAV?$AAE?$AA?$AA@ 100012d4     FARCmds.obj
 0001:000002e0       ??_C@_11LOCGONAA@?$AA?$AA@ 100012e0     FARCmds.obj
 0001:000002e8       ??_C@_1GO@MIKMNHBD@?$AAS?$AAO?$AAF?$AAT?$AAW?$AAA?$AAR?$AAE?$AA?2?$AAM?$AAi?$AAc?$AAr?$AAo?$AAs?$AAo?$AAf?$AAt?$AA?2?$AAW?$AAi?$AAn?$AAd?$AAo?$AAw?$AAs?$AA?2?$AAC?$AAu?$AAr?$AAr?$AAe@ 100012e8     FARCmds.obj
 0001:00000358       ??_C@_13PJJBFPED@?$AA?$DL?$AA?$AA@ 10001358     FARCmds.obj
 0001:0000035c       ??_C@_17IBNHEMGL@?$AA?$CF?$AAs?$AA?$DL?$AA?$AA@ 1000135c     FARCmds.obj
 0001:00000364       ??_C@_1BA@IBNPAI@?$AAF?$AAA?$AAR?$AAH?$AAO?$AAM?$AAE?$AA?$AA@ 10001364     FARCmds.obj
 0001:00000374       ??_C@_19IJOJOJIB@?$AAP?$AAA?$AAT?$AAH?$AA?$AA@ 10001374     FARCmds.obj
 0001:00000380       ??_C@_1O@PJHDHGJM@?$AAU?$AAn?$AAl?$AAo?$AAa?$AAd?$AA?$AA@ 10001380     FARCmds.obj
 0001:00000390       ??_C@_1O@PAPHGGOK@?$AAU?$AAN?$AAL?$AAO?$AAA?$AAD?$AA?$AA@ 10001390     FARCmds.obj
 0001:000003a0       ??_C@_19OGNEHOBL@?$AAL?$AAo?$AAa?$AAd?$AA?$AA@ 100013a0     FARCmds.obj
 0001:000003ac       ??_C@_19LIDMLGEF@?$AAL?$AAO?$AAA?$AAD?$AA?$AA@ 100013ac     FARCmds.obj
 0001:000003b8       ??_C@_17NMIMIGP@?$AAR?$AAu?$AAn?$AA?$AA@ 100013b8     FARCmds.obj
 0001:000003c0       ??_C@_17KKFGGCGH@?$AAR?$AAU?$AAN?$AA?$AA@ 100013c0     FARCmds.obj
 0001:000003c8       ??_C@_19IJIONFBP@?$AAL?$AAi?$AAn?$AAk?$AA?$AA@ 100013c8     FARCmds.obj
 0001:000003d4       ??_C@_19NHGGBNEB@?$AAL?$AAI?$AAN?$AAK?$AA?$AA@ 100013d4     FARCmds.obj
 0001:000003e0       ??_C@_1M@GPAIAMAH@?$AAM?$AAa?$AAc?$AAr?$AAo?$AA?$AA@ 100013e0     FARCmds.obj
 0001:000003ec       ??_C@_1M@HOLNMHIJ@?$AAM?$AAA?$AAC?$AAR?$AAO?$AA?$AA@ 100013ec     FARCmds.obj
 0001:000003f8       ??_C@_19JKCOJBMF@?$AAG?$AAo?$AAt?$AAo?$AA?$AA@ 100013f8     FARCmds.obj
 0001:00000404       ??_C@_19MEMGFJJL@?$AAG?$AAO?$AAT?$AAO?$AA?$AA@ 10001404     FARCmds.obj
 0001:00000410       ??_C@_19PLOBJMHF@?$AAE?$AAd?$AAi?$AAt?$AA?$AA@ 10001410     FARCmds.obj
 0001:0000041c       ??_C@_19KFAJFECL@?$AAE?$AAD?$AAI?$AAT?$AA?$AA@ 1000141c     FARCmds.obj
 0001:00000428       ??_C@_1BA@BCPLKBBA@?$AAW?$AAh?$AAe?$AAr?$AAe?$AAI?$AAs?$AA?$AA@ 10001428     FARCmds.obj
 0001:00000438       ??_C@_1BA@NBLHMMII@?$AAW?$AAH?$AAE?$AAR?$AAE?$AAI?$AAS?$AA?$AA@ 10001438     FARCmds.obj
 0001:00000448       ??_C@_19KKHIGANA@?$AAC?$AAl?$AAi?$AAp?$AA?$AA@ 10001448     FARCmds.obj
 0001:00000454       ??_C@_19PEJAKIIO@?$AAC?$AAL?$AAI?$AAP?$AA?$AA@ 10001454     FARCmds.obj
 0001:00000460       ??_C@_19MJAKNMNK@?$AAV?$AAi?$AAe?$AAw?$AA?$AA@ 10001460     FARCmds.obj
 0001:0000046c       ??_C@_19JHOCBEIE@?$AAV?$AAI?$AAE?$AAW?$AA?$AA@ 1000146c     FARCmds.obj
 0001:00000478       ??_C@_1BC@ENICKDH@?$AAC?$AAo?$AAn?$AAt?$AAe?$AAn?$AAt?$AAs?$AA?$AA@ 10001478     FARCmds.obj
 0001:0000048c       ??_C@_17NACPPFBM@?$AAF?$AAA?$AAR?$AA?$AA@ 1000148c     FARCmds.obj
 0001:00000494       ??_C@_1DE@BGKMIKPD@?$AAE?$AAu?$AAg?$AAe?$AAn?$AAe?$AA?5?$AAR?$AAo?$AAs?$AAh?$AAa?$AAl?$AA?5?$AA?$CG?$AA?5?$AAF?$AAa?$AAr?$AA?5?$AAG?$AAr?$AAo?$AAu?$AAp?$AA?$AA@ 10001494     FARCmds.obj
 0001:000004c8       ??_C@_1EI@IHKPBHMH@?$AAF?$AAA?$AAR?$AA?5?$AAC?$AAo?$AAm?$AAm?$AAa?$AAn?$AAd?$AAs?$AA?5?$AAP?$AAl?$AAu?$AAg?$AAi?$AAn?$AA?5?$AAf?$AAo?$AAr?$AA?5?$AAF?$AAa?$AAr?$AA?5?$AAM?$AAa?$AAn?$AAa@ 100014c8     FARCmds.obj
 0001:00000510       ??_C@_1BA@LGNBLCFH@?$AAF?$AAA?$AAR?$AAC?$AAm?$AAd?$AAs?$AA?$AA@ 10001510     FARCmds.obj
 0001:00000520       ??_C@_1HG@DCMKDPPF@?$AAf?$AAa?$AAr?$AA?3?$AAv?$AAi?$AAe?$AAw?$AA?3?$AAe?$AAd?$AAi?$AAt?$AA?3?$AAg?$AAo?$AAt?$AAo?$AA?3?$AAc?$AAl?$AAi?$AAp?$AA?3?$AAw?$AAh?$AAe?$AAr?$AAe?$AAi?$AAs?$AA?3@ 10001520     FARCmds.obj
 0001:00000598       ??_7?$DialogItemBinding@UFarDialogItem@@@@6B@ 10001598     FARCmds.obj
 0001:000005a0       ??_7?$DialogBuilderBase@UFarDialogItem@@@@6B@ 100015a0     FARCmds.obj
 0001:000005c0       ??_C@_15EFLNJKHH@?$AA?$CF?$AAu?$AA?$AA@ 100015c0     FARCmds.obj
 0001:000005c8       ??_7PluginIntEditFieldBinding@@6B@ 100015c8     FARCmds.obj
 0001:000005d0       ??_7PluginDialogBuilder@@6B@ 100015d0     FARCmds.obj
 0001:000005f0       ??_7PluginCheckBoxBinding@@6B@ 100015f0     FARCmds.obj
 0001:000005f8       ??_7PluginRadioButtonBinding@@6B@ 100015f8     FARCmds.obj
 0001:00000600       ??_C@_1O@BJPKKLLM@?$AAC?$AAo?$AAn?$AAf?$AAi?$AAg?$AA?$AA@ 10001600     FARCmds.obj
 0001:00000610       __chkstk                   10001610 f   chkstk.obj
 0001:00000610       __alloca_probe             10001610     chkstk.obj
 0001:00000640       _wmemset                   10001640 f i FARCmds.obj
 0001:00000680       ?GetLangString@PluginDialogBuilder@@MAEPB_WH@Z 10001680 f i FARCmds.obj
 0001:000006a0       ?IsSpace@@YIHH@Z           100016a0 f i FARCmds.obj
 0001:000006c0       ?GetInt@@YIHPA_W0@Z        100016c0 f   FARCmds.obj
 0001:00000710       ?ReplaceStrings@@YIHPA_WPB_W1HH@Z 10001710 f   FARCmds.obj
 0001:00000890       ?PartCmdLine@@YIHPB_WPA_WH1H@Z 10001890 f   FARCmds.obj
 0001:00000960       ?ProcessOSAliases@@YIHPA_WH@Z 10001960 f   FARCmds.obj
 0001:00000b10       ?isDevice@@YI_NPB_W0@Z     10001b10 f i FARCmds.obj
 0001:00000dc0       ?ThreadWhatUpdateScreen@@YGKPAX@Z 10001dc0 f   FARCmds.obj
 0001:00001360       ?OpenFromCommandLine@@YIHPA_W@Z 10002360 f   FARCmds.obj
 0001:00002d30       _GetGlobalInfoW@4          10003d30 f   FARCmds.obj
 0001:00002db0       _SetStartupInfoW@4         10003db0 f   FARCmds.obj
 0001:00003080       _OpenW@4                   10004080 f   FARCmds.obj
 0001:00003350       _GetPluginInfoW@4          10004350 f   FARCmds.obj
 0001:00003400       ?InitDialogItem@?$DialogBuilderBase@UFarDialogItem@@@@MAEXPAUFarDialogItem@@PB_W@Z 10004400 f i FARCmds.obj
 0001:00003400       ?SaveValue@?$DialogItemBinding@UFarDialogItem@@@@UAEXPAUFarDialogItem@@H@Z 10004400 f i FARCmds.obj
 0001:00003410       ?TextWidth@?$DialogBuilderBase@UFarDialogItem@@@@MAEHABUFarDialogItem@@@Z 10004410 f i FARCmds.obj
 0001:00003420       ?DoShowDialog@?$DialogBuilderBase@UFarDialogItem@@@@MAEHXZ 10004420 f i FARCmds.obj
 0001:00003430       ?CreateCheckBoxBinding@?$DialogBuilderBase@UFarDialogItem@@@@MAEPAU?$DialogItemBinding@UFarDialogItem@@@@PAHH@Z 10004430 f i FARCmds.obj
 0001:00003430       ?AddIntEditField@?$DialogBuilderBase@UFarDialogItem@@@@UAEPAUFarDialogItem@@PAHH@Z 10004430 f i FARCmds.obj
 0001:00003440       ?CreateRadioButtonBinding@?$DialogBuilderBase@UFarDialogItem@@@@MAEPAU?$DialogItemBinding@UFarDialogItem@@@@PAH@Z 10004440 f i FARCmds.obj
 0001:00003440       ?GetLangString@?$DialogBuilderBase@UFarDialogItem@@@@MAEPB_WH@Z 10004440 f i FARCmds.obj
 0001:00003450       ??1?$DialogBuilderBase@UFarDialogItem@@@@MAE@XZ 10004450 f i FARCmds.obj
 0001:000034a0       ??_G?$DialogBuilderBase@UFarDialogItem@@@@MAEPAXI@Z 100044a0 f i FARCmds.obj
 0001:000034a0       ??_E?$DialogBuilderBase@UFarDialogItem@@@@MAEPAXI@Z 100044a0 f i FARCmds.obj
 0001:000034c0       ?ReallocDialogItems@?$DialogBuilderBase@UFarDialogItem@@@@IAEXXZ 100044c0 f i FARCmds.obj
 0001:00003590       ?UpdateSecondColumnPosition@?$DialogBuilderBase@UFarDialogItem@@@@IAEXXZ 10004590 f i FARCmds.obj
 0001:000035f0       ?SaveValues@?$DialogBuilderBase@UFarDialogItem@@@@IAEXXZ 100045f0 f i FARCmds.obj
 0001:00003640       ?MaxTextWidth@?$DialogBuilderBase@UFarDialogItem@@@@IAEHXZ 10004640 f i FARCmds.obj
 0001:00003700       ??0PluginIntEditFieldBinding@@QAE@ABUPluginStartupInfo@@PAPAXHPAHH@Z 10004700 f i FARCmds.obj
 0001:00003790       ?SaveValue@PluginIntEditFieldBinding@@UAEXPAUFarDialogItem@@H@Z 10004790 f i FARCmds.obj
 0001:000037c0       ?InitDialogItem@PluginDialogBuilder@@MAEXPAUFarDialogItem@@PB_W@Z 100047c0 f i FARCmds.obj
 0001:000037e0       ?TextWidth@PluginDialogBuilder@@MAEHABUFarDialogItem@@@Z 100047e0 f i FARCmds.obj
 0001:00003800       ?DoShowDialog@PluginDialogBuilder@@MAEHXZ 10004800 f i FARCmds.obj
 0001:00003860       ?SaveValue@PluginCheckBoxBinding@@UAEXPAUFarDialogItem@@H@Z 10004860 f i FARCmds.obj
 0001:000038a0       ?SaveValue@PluginRadioButtonBinding@@UAEXPAUFarDialogItem@@H@Z 100048a0 f i FARCmds.obj
 0001:000038d0       ?CreateCheckBoxBinding@PluginDialogBuilder@@MAEPAU?$DialogItemBinding@UFarDialogItem@@@@PAHH@Z 100048d0 f i FARCmds.obj
 0001:00003920       ?CreateRadioButtonBinding@PluginDialogBuilder@@MAEPAU?$DialogItemBinding@UFarDialogItem@@@@PAH@Z 10004920 f i FARCmds.obj
 0001:00003970       ??_EPluginDialogBuilder@@UAEPAXI@Z 10004970 f i FARCmds.obj
 0001:00003970       ??_GPluginDialogBuilder@@UAEPAXI@Z 10004970 f i FARCmds.obj
 0001:000039b0       ?AddBorder@?$DialogBuilderBase@UFarDialogItem@@@@IAEXPB_W@Z 100049b0 f i FARCmds.obj
 0001:00003a10       ?AddCheckbox@?$DialogBuilderBase@UFarDialogItem@@@@QAEPAUFarDialogItem@@HPAHH_N@Z 10004a10 f i FARCmds.obj
 0001:00003b50       ?AddRadioButtons@?$DialogBuilderBase@UFarDialogItem@@@@QAEXPAHHQBH_N@Z 10004b50 f i FARCmds.obj
 0001:00003cc0       ?AddTextBefore@?$DialogBuilderBase@UFarDialogItem@@@@QAEPAUFarDialogItem@@PAU2@H@Z 10004cc0 f i FARCmds.obj
 0001:00003e10       ?AddOKCancel@?$DialogBuilderBase@UFarDialogItem@@@@QAEXHH_N@Z 10004e10 f i FARCmds.obj
 0001:00003f70       ?UpdateBorderSize@?$DialogBuilderBase@UFarDialogItem@@@@IAEXXZ 10004f70 f i FARCmds.obj
 0001:00003ff0       ??_G?$DialogItemBinding@UFarDialogItem@@@@UAEPAXI@Z 10004ff0 f i FARCmds.obj
 0001:00003ff0       ??_GPluginIntEditFieldBinding@@UAEPAXI@Z 10004ff0 f i FARCmds.obj
 0001:00003ff0       ??_EPluginCheckBoxBinding@@UAEPAXI@Z 10004ff0 f i FARCmds.obj
 0001:00003ff0       ??_GPluginRadioButtonBinding@@UAEPAXI@Z 10004ff0 f i FARCmds.obj
 0001:00003ff0       ??_EPluginRadioButtonBinding@@UAEPAXI@Z 10004ff0 f i FARCmds.obj
 0001:00003ff0       ??_E?$DialogItemBinding@UFarDialogItem@@@@UAEPAXI@Z 10004ff0 f i FARCmds.obj
 0001:00003ff0       ??_EPluginIntEditFieldBinding@@UAEPAXI@Z 10004ff0 f i FARCmds.obj
 0001:00003ff0       ??_GPluginCheckBoxBinding@@UAEPAXI@Z 10004ff0 f i FARCmds.obj
 0001:00004010       ??0PluginDialogBuilder@@QAE@ABUPluginStartupInfo@@ABU_GUID@@1HPB_WP6GHPAXHH3@Z3@Z 10005010 f i FARCmds.obj
 0001:000040b0       ?AddIntEditField@PluginDialogBuilder@@UAEPAUFarDialogItem@@PAHH@Z 100050b0 f i FARCmds.obj
 0001:00004180       _ConfigureW@4              10005180 f   FARCmds.obj
 0001:00004680       _wcschr                    10005680 f   libCRT:strchr.obj
 0001:000046b0       _wcsstr                    100056b0 f   libCRT:strstr.obj
 0001:00004710       _memcpy                    10005710 f   libCRT:memcpy.obj
 0001:00004740       _memmove                   10005740 f   libCRT:memmove.obj
 0001:00004790       __memicmp                  10005790 f   libCRT:memicmp.obj
 0001:00004800       ??_V@YAXPAX@Z              10005800 f   libCRT:delete_array.obj
 0001:00004810       ??_U@YAPAXI@Z              10005810 f   libCRT:new_array.obj
 0001:00004820       _swab                      10005820 f   libCRT:swab.obj
 0001:00004870       _free                      10005870 f   libCRT:free.obj
 0001:00004890       _malloc                    10005890 f   libCRT:malloc.obj
 0001:000048b0       _memset                    100058b0 f   libCRT:memset.obj
 0001:000048f0       ??3@YAXPAX@Z               100058f0 f   libCRT:delete.obj
 0001:00004900       ??2@YAPAXI@Z               10005900 f   libCRT:new.obj
 0001:00004908       __IMPORT_DESCRIPTOR_KERNEL32 10005908     kernel32:KERNEL32.dll
 0001:0000491c       __IMPORT_DESCRIPTOR_ADVAPI32 1000591c     advapi32:ADVAPI32.dll
 0001:00004930       __NULL_IMPORT_DESCRIPTOR   10005930     kernel32:KERNEL32.dll
 0002:00000000       ?OptName@@3UOptionsName@@A 10006000     FARCmds.obj
 0002:000000a4       ?Opt@@3UOptions@@A         100060a4     FARCmds.obj
 0002:000000c8       ?cmd@@3PA_WA               100060c8     FARCmds.obj
 0002:00000af0       ?fullcmd@@3PA_WA           10006af0     FARCmds.obj
 0002:00001518       ?selectItem@@3PA_WA        10007518     FARCmds.obj
 0002:00001f40       ?PInfo@@3UPanelInfo@@A     10007f40     FARCmds.obj

 entry point at        0000:00000000

 Static symbols

 0001:00000ac0       ?closeHandle@@YIXAAPAX@Z   10001ac0 f   FARCmds.obj
 0001:00000ae0       ?killTemp@@YIXPA_W@Z       10001ae0 f   FARCmds.obj
 0001:00000b70       ?validForView@@YI_NPB_WHH@Z 10001b70 f   FARCmds.obj
 0001:00000d40       ?showPartOfOutput@@YIKPAUTShowOutputStreamData@@@Z 10001d40 f   FARCmds.obj
 0001:00000f30       ?MakeTempNames@@YI_NPA_W0I@Z 10001f30 f   FARCmds.obj
 0001:00000fc0       ?loadFile@@YIPA_WPB_WKHAAIAA_N@Z 10001fc0 f   FARCmds.obj
 0001:00001200       ?ParseCmdSyntax@@YIXAAPA_WAAH1@Z 10002200 f   FARCmds.obj
