 Compare

 Timestamp is 4f457437 (Thu Feb 23 00:03:19 2012)

 Preferred load address is 10000000

 Start         Length     Name                   Class
 0001:00000000 00000050H .idata$5                CODE
 0001:00000050 000002faH .rdata                  CODE
 0001:00000350 000027b5H .text                   CODE
 0001:00002b08 00000014H .idata$2                CODE
 0001:00002b1c 00000014H .idata$3                CODE
 0001:00002b30 00000050H .idata$4                CODE
 0001:00002b80 0000012cH .idata$6                CODE
 0001:00002cb0 00000090H .edata                  CODE
 0002:00000000 00000258H .data                   DATA
 0002:00000258 000001e0H .bss                    DATA
 0003:00000000 00000058H .rsrc$01                DATA
 0003:00000060 00000380H .rsrc$02                DATA

  Address         Publics by Value              Rva+Base       Lib:Object

 0000:00000000       ___safe_se_handler_count   00000000     <absolute>
 0000:00000000       ___safe_se_handler_table   00000000     <absolute>
 0001:00000000       __imp__lstrlenW@4          10001000     kernel32:KERNEL32.dll
 0001:00000004       __imp__lstrcpyW@8          10001004     kernel32:KERNEL32.dll
 0001:00000008       __imp__GetTickCount@0      10001008     kernel32:KERNEL32.dll
 0001:0000000c       __imp__ReadConsoleInputW@16 1000100c     kernel32:KERNEL32.dll
 0001:00000010       __imp__PeekConsoleInputW@16 10001010     kernel32:KERNEL32.dll
 0001:00000014       __imp__lstrcatW@8          10001014     kernel32:KERNEL32.dll
 0001:00000018       __imp__lstrcmpW@8          10001018     kernel32:KERNEL32.dll
 0001:0000001c       __imp__FindClose@4         1000101c     kernel32:KERNEL32.dll
 0001:00000020       __imp__FindNextFileW@8     10001020     kernel32:KERNEL32.dll
 0001:00000024       __imp__FindFirstFileW@8    10001024     kernel32:KERNEL32.dll
 0001:00000028       __imp__ReadFile@20         10001028     kernel32:KERNEL32.dll
 0001:0000002c       __imp__CloseHandle@4       1000102c     kernel32:KERNEL32.dll
 0001:00000030       __imp__CreateFileW@28      10001030     kernel32:KERNEL32.dll
 0001:00000034       __imp__SetConsoleTitleW@4  10001034     kernel32:KERNEL32.dll
 0001:00000038       __imp__GetConsoleTitleW@8  10001038     kernel32:KERNEL32.dll
 0001:0000003c       __imp__HeapAlloc@12        1000103c     kernel32:KERNEL32.dll
 0001:00000040       __imp__HeapReAlloc@16      10001040     kernel32:KERNEL32.dll
 0001:00000044       __imp__HeapFree@12         10001044     kernel32:KERNEL32.dll
 0001:00000048       __imp__GetProcessHeap@0    10001048     kernel32:KERNEL32.dll
 0001:0000004c       \177KERNEL32_NULL_THUNK_DATA 1000104c     kernel32:KERNEL32.dll
 0001:00000050       _MainGuid                  10001050     Compare.obj
 0001:00000060       _MenuGuid                  10001060     Compare.obj
 0001:00000070       _DialogGuid                10001070     Compare.obj
 0001:00000080       ??_C@_1BC@ENICKDH@?$AAC?$AAo?$AAn?$AAt?$AAe?$AAn?$AAt?$AAs?$AA?$AA@ 10001080     Compare.obj
 0001:00000094       ??_C@_11LOCGONAA@?$AA?$AA@ 10001094     Compare.obj
 0001:00000098       ??_C@_1M@KNJIDFOP@?$AA9?$AA9?$AA9?$AA9?$AA9?$AA?$AA@ 10001098     Compare.obj
 0001:000000a4       ??_C@_1CE@FBOAEKEI@?$AAP?$AAr?$AAo?$AAc?$AAe?$AAs?$AAs?$AAS?$AAu?$AAb?$AAf?$AAo?$AAl?$AAd?$AAe?$AAr?$AAs?$AA?$AA@ 100010a4     Compare.obj
 0001:000000c8       ??_C@_1CA@KJDAALFO@?$AAU?$AAs?$AAe?$AAM?$AAa?$AAx?$AAS?$AAc?$AAa?$AAn?$AAD?$AAe?$AAp?$AAt?$AAh?$AA?$AA@ 100010c8     Compare.obj
 0001:000000e8       ??_C@_1BK@GGEMFANC@?$AAM?$AAa?$AAx?$AAS?$AAc?$AAa?$AAn?$AAD?$AAe?$AAp?$AAt?$AAh?$AA?$AA@ 100010e8     Compare.obj
 0001:00000104       ??_C@_1CA@MDABALAC@?$AAP?$AAr?$AAo?$AAc?$AAe?$AAs?$AAs?$AAS?$AAe?$AAl?$AAe?$AAc?$AAt?$AAe?$AAd?$AA?$AA@ 10001104     Compare.obj
 0001:00000124       ??_C@_1BI@HJKFLAP@?$AAC?$AAo?$AAm?$AAp?$AAa?$AAr?$AAe?$AAT?$AAi?$AAm?$AAe?$AA?$AA@ 10001124     Compare.obj
 0001:0000013c       ??_C@_1CC@GIIFACBC@?$AAL?$AAo?$AAw?$AAP?$AAr?$AAe?$AAc?$AAi?$AAs?$AAi?$AAo?$AAn?$AAT?$AAi?$AAm?$AAe?$AA?$AA@ 1000113c     Compare.obj
 0001:00000160       ??_C@_1EE@EFHMKIOD@?$AAI?$AAg?$AAn?$AAo?$AAr?$AAe?$AAP?$AAo?$AAs?$AAs?$AAi?$AAb?$AAl?$AAe?$AAT?$AAi?$AAm?$AAe?$AAZ?$AAo?$AAn?$AAe?$AAD?$AAi?$AAf?$AAf?$AAe?$AAr?$AAe?$AAn?$AAc?$AAe@ 10001160     Compare.obj
 0001:000001a4       ??_C@_1BI@PLJFHCFF@?$AAC?$AAo?$AAm?$AAp?$AAa?$AAr?$AAe?$AAS?$AAi?$AAz?$AAe?$AA?$AA@ 100011a4     Compare.obj
 0001:000001bc       ??_C@_1CA@JKHJMABM@?$AAC?$AAo?$AAm?$AAp?$AAa?$AAr?$AAe?$AAC?$AAo?$AAn?$AAt?$AAe?$AAn?$AAt?$AAs?$AA?$AA@ 100011bc     Compare.obj
 0001:000001dc       ??_C@_1CM@MCIOEKOG@?$AAC?$AAo?$AAm?$AAp?$AAa?$AAr?$AAe?$AAC?$AAo?$AAn?$AAt?$AAe?$AAn?$AAt?$AAs?$AAI?$AAg?$AAn?$AAo?$AAr?$AAe?$AA?$AA@ 100011dc     Compare.obj
 0001:00000208       ??_C@_1BO@PEKJDKMD@?$AAI?$AAg?$AAn?$AAo?$AAr?$AAe?$AAN?$AAe?$AAw?$AAL?$AAi?$AAn?$AAe?$AAs?$AA?$AA@ 10001208     Compare.obj
 0001:00000228       ??_C@_1CC@EJJKPBBK@?$AAI?$AAg?$AAn?$AAo?$AAr?$AAe?$AAW?$AAh?$AAi?$AAt?$AAe?$AAs?$AAp?$AAa?$AAc?$AAe?$AA?$AA@ 10001228     Compare.obj
 0001:0000024c       ??_C@_1CE@FJPIMCHB@?$AAM?$AAe?$AAs?$AAs?$AAa?$AAg?$AAe?$AAW?$AAh?$AAe?$AAn?$AAN?$AAo?$AAD?$AAi?$AAf?$AAf?$AA?$AA@ 1000124c     Compare.obj
 0001:00000270       ??_C@_13JOFGPIOO@?$AA?4?$AA?$AA@ 10001270     Compare.obj
 0001:00000274       ??_C@_15DDHGOCBH@?$AA?4?$AA?4?$AA?$AA@ 10001274     Compare.obj
 0001:0000027c       ??_C@_1DE@BGKMIKPD@?$AAE?$AAu?$AAg?$AAe?$AAn?$AAe?$AA?5?$AAR?$AAo?$AAs?$AAh?$AAa?$AAl?$AA?5?$AA?$CG?$AA?5?$AAF?$AAa?$AAr?$AA?5?$AAG?$AAr?$AAo?$AAu?$AAp?$AA?$AA@ 1000127c     Compare.obj
 0001:000002b0       ??_C@_1EM@KDLPMJGE@?$AAA?$AAd?$AAv?$AAa?$AAn?$AAc?$AAe?$AAd?$AA?5?$AAF?$AAi?$AAl?$AAe?$AA?5?$AAC?$AAo?$AAm?$AAp?$AAa?$AAr?$AAe?$AA?5?$AAf?$AAo?$AAr?$AA?5?$AAF?$AAa?$AAr?$AA?5?$AAM?$AAa@ 100012b0     Compare.obj
 0001:000002fc       ??_C@_1BA@NIFMCONN@?$AAC?$AAo?$AAm?$AAp?$AAa?$AAr?$AAe?$AA?$AA@ 100012fc     Compare.obj
 0001:0000030c       ??_C@_15PKPONJIK@?$AA?2?$AA?$CK?$AA?$AA@ 1000130c     Compare.obj
 0001:00000314       ??_C@_13BBDEGPLJ@?$AA?$CK?$AA?$AA@ 10001314     Compare.obj
 0001:00000318       ??_C@_1CE@FMMDKAAJ@?$AAC?$AAo?$AAm?$AAp?$AAa?$AAr?$AAe?$AAB?$AAu?$AAf?$AAf?$AAe?$AAr?$AAS?$AAi?$AAz?$AAe?$AA?$AA@ 10001318     Compare.obj
 0001:0000033c       ??_C@_1O@PNMIMBDD@?$AAC?$AAO?$AAN?$AAI?$AAN?$AA$?$AA?$AA@ 1000133c     Compare.obj
 0001:00000350       __chkstk                   10001350 f   chkstk.obj
 0001:00000350       __alloca_probe             10001350     chkstk.obj
 0001:00000380       ??0SimpleString@@QAE@PB_WI@Z 10001380 f i Compare.obj
 0001:00000400       ?Inflate@SimpleString@@QAEXI@Z 10001400 f i Compare.obj
 0001:00000610       ?ShowDialogProc@@YGHPAXHH0@Z 10001610 f   Compare.obj
 0001:00000fe0       ?isnewline@@YI_NH@Z        10001fe0 f   Compare.obj
 0001:00001000       _GetGlobalInfoW@4          10002000 f   Compare.obj
 0001:00001080       _SetStartupInfoW@4         10002080 f   Compare.obj
 0001:000010b0       _GetPluginInfoW@4          100020b0 f   Compare.obj
 0001:000010f0       ?GetPanelItem@@YIXPAXW4FILE_CONTROL_COMMANDS@@HPAUPluginPanelItem@@@Z 100020f0 f   Compare.obj
 0001:00001180       ?FreePanelItems@@YIXAAUOwnPanelInfo@@0@Z 10002180 f   Compare.obj
 0001:00001280       ?Replace@SimpleString@@QAEAAV1@IIPB_WI@Z 10002280 f i Compare.obj
 0001:00001390       ??0SimpleString@@QAE@PB_W@Z 10002390 f i Compare.obj
 0001:00001f80       _OpenW@4                   10002f80 f   Compare.obj
 0001:00002920       _memcpy                    10003920 f   libCRT:memcpy.obj
 0001:00002950       _memmove                   10003950 f   libCRT:memmove.obj
 0001:000029a0       _realloc                   100039a0 f   libCRT:realloc.obj
 0001:000029f0       _free                      100039f0 f   libCRT:free.obj
 0001:00002a10       _wcsdup                    10003a10 f   libCRT:strdup.obj
 0001:00002a40       _memset                    10003a40 f   libCRT:memset.obj
 0001:00002a80       _wcschr                    10003a80 f   libCRT:strchr.obj
 0001:00002ab0       _malloc                    10003ab0 f   libCRT:malloc.obj
 0001:00002ad0       ??_V@YAXPAX@Z              10003ad0 f   libCRT:delete_array.obj
 0001:00002ae0       ??_U@YAPAXI@Z              10003ae0 f   libCRT:new_array.obj
 0001:00002af0       ??3@YAXPAX@Z               10003af0 f   libCRT:delete.obj
 0001:00002b00       ??2@YAPAXI@Z               10003b00 f   libCRT:new.obj
 0001:00002b08       __IMPORT_DESCRIPTOR_KERNEL32 10003b08     kernel32:KERNEL32.dll
 0001:00002b1c       __NULL_IMPORT_DESCRIPTOR   10003b1c     kernel32:KERNEL32.dll
 0002:000003e4       ?Opt@@3UOptions@@A         100043e4     Compare.obj

 entry point at        0000:00000000

 Static symbols

 0001:00000470       ?WFD2FFD@@YIXAAU_WIN32_FIND_DATAW@@AAUPluginPanelItem@@@Z 10001470 f   Compare.obj
 0001:000004e0       ?TrunCopy@@YIXPA_WPB_W@Z   100014e0 f   Compare.obj
 0001:00000540       ?ShowMessage@@YIXPB_W0@Z   10001540 f   Compare.obj
 0001:00000750       ?ShowDialog@@YI_N_N0@Z     10001750 f   Compare.obj
 0001:00000ca0       ?CheckForEsc@@YI_NXZ       10001ca0 f   Compare.obj
 0001:00000df0       ?PICompare@@YAHPBX0@Z      10001df0 f   Compare.obj
 0001:00000e30       ?BuildPanelIndex@@YI_NPBUOwnPanelInfo@@PAUFileIndex@@PAX@Z 10001e30 f   Compare.obj
 0001:00000f90       ?FreeDirList@@YIXPAUOwnPanelInfo@@@Z 10001f90 f   Compare.obj
 0001:00001420       ?GetDirList@@YIHPAUOwnPanelInfo@@PB_W@Z 10002420 f   Compare.obj
 0001:00001550       ?CompareFiles@@YI_NPBUPluginPanelItem@@0PB_W1H@Z 10002550 f   Compare.obj
 0001:00001c90       ?CompareDirs@@YI_NPBUOwnPanelInfo@@0_NH@Z 10002c90 f   Compare.obj
