 Brackets

 Timestamp is 4f457433 (Thu Feb 23 00:03:15 2012)

 Preferred load address is 10000000

 Start         Length     Name                   Class
 0001:00000000 00000020H .idata$5                CODE
 0001:00000020 00000252H .rdata                  CODE
 0001:00000280 00002115H .text                   CODE
 0001:00002398 00000028H .idata$2                CODE
 0001:000023c0 00000014H .idata$3                CODE
 0001:000023d4 00000020H .idata$4                CODE
 0001:000023f4 0000006aH .idata$6                CODE
 0001:00002460 000000a6H .edata                  CODE
 0002:00000000 00000008H .data                   DATA
 0002:00000008 00000148H .bss                    DATA
 0003:00000000 00000058H .rsrc$01                DATA
 0003:00000060 00000380H .rsrc$02                DATA

  Address         Publics by Value              Rva+Base       Lib:Object

 0000:00000000       ___safe_se_handler_count   00000000     <absolute>
 0000:00000000       ___safe_se_handler_table   00000000     <absolute>
 0001:00000000       __imp__lstrlenW@4          10001000     kernel32:KERNEL32.dll
 0001:00000004       __imp__HeapFree@12         10001004     kernel32:KERNEL32.dll
 0001:00000008       __imp__GetProcessHeap@0    10001008     kernel32:KERNEL32.dll
 0001:0000000c       __imp__HeapAlloc@12        1000100c     kernel32:KERNEL32.dll
 0001:00000010       __imp__lstrcpynW@12        10001010     kernel32:KERNEL32.dll
 0001:00000014       \177KERNEL32_NULL_THUNK_DATA 10001014     kernel32:KERNEL32.dll
 0001:00000018       __imp__MessageBeep@4       10001018     user32:USER32.dll
 0001:0000001c       \177USER32_NULL_THUNK_DATA 1000101c     user32:USER32.dll
 0001:00000020       _MainGuid                  10001020     Brackets.obj
 0001:00000030       _MenuGuid                  10001030     Brackets.obj
 0001:00000040       _DialogGuid                10001040     Brackets.obj
 0001:00000050       ??_C@_1DE@BGKMIKPD@?$AAE?$AAu?$AAg?$AAe?$AAn?$AAe?$AA?5?$AAR?$AAo?$AAs?$AAh?$AAa?$AAl?$AA?5?$AA?$CG?$AA?5?$AAF?$AAa?$AAr?$AA?5?$AAG?$AAr?$AAo?$AAu?$AAp?$AA?$AA@ 10001050     Brackets.obj
 0001:00000088       ??_C@_1EE@CJLEEDHO@?$AAB?$AAr?$AAa?$AAc?$AAk?$AAe?$AAt?$AAs?$AA?5?$AAm?$AAa?$AAt?$AAc?$AAh?$AAi?$AAn?$AAg?$AA?5?$AAf?$AAo?$AAr?$AA?5?$AAF?$AAa?$AAr?$AA?5?$AAM?$AAa?$AAn?$AAa?$AAg?$AAe@ 10001088     Brackets.obj
 0001:000000cc       ??_C@_1BC@GJFAHMHB@?$AAB?$AAr?$AAa?$AAc?$AAk?$AAe?$AAt?$AAs?$AA?$AA@ 100010cc     Brackets.obj
 0001:000000e0       ??_C@_1BK@EKFLELHE@?$AA?1?$AA?$CK?$AA?$CK?$AA?1?$AA?$DM?$AA?$DP?$AA?$DP?$AA?$DO?$AA?$DM?$AA?$CF?$AA?$CF?$AA?$DO?$AA?$AA@ 100010e0     Brackets.obj
 0001:000000fc       ??_C@_1BE@DFLFCMNK@?$AAB?$AAr?$AAa?$AAc?$AAk?$AAe?$AAt?$AAs?$AA2?$AA?$AA@ 100010fc     Brackets.obj
 0001:00000110       ??_C@_1BO@BPKELOJL@?$AA?$DM?$AA?$DO?$AA?$HL?$AA?$HN?$AA?$FL?$AA?$FN?$AA?$CI?$AA?$CJ?$AA?$CC?$AA?$CC?$AA?8?$AA?8?$AA?$CF?$AA?$CF?$AA?$AA@ 10001110     Brackets.obj
 0001:00000130       ??_C@_1BE@CHAAIDDE@?$AAB?$AAr?$AAa?$AAc?$AAk?$AAe?$AAt?$AAs?$AA1?$AA?$AA@ 10001130     Brackets.obj
 0001:00000144       ??_C@_1BC@HMMGPJK@?$AA?8?$AA?8?$AA?$CC?$AA?$CC?$AA?$GA?$AA?8?$AA?$GA?$AA?$GA?$AA?$AA@ 10001144     Brackets.obj
 0001:00000158       ??_C@_1BG@ICHMEPOB@?$AAQ?$AAu?$AAo?$AAt?$AAe?$AAs?$AAT?$AAy?$AAp?$AAe?$AA?$AA@ 10001158     Brackets.obj
 0001:00000170       ??_C@_19CNDHNALO@?$AAB?$AAe?$AAe?$AAp?$AA?$AA@ 10001170     Brackets.obj
 0001:0000017c       ??_C@_1BG@KDMBKMK@?$AAJ?$AAu?$AAm?$AAp?$AAT?$AAo?$AAP?$AAa?$AAi?$AAr?$AA?$AA@ 1000117c     Brackets.obj
 0001:00000194       ??_C@_1BK@LJLNAEDP@?$AAB?$AAr?$AAa?$AAc?$AAk?$AAe?$AAt?$AAP?$AAr?$AAi?$AAo?$AAr?$AA?$AA@ 10001194     Brackets.obj
 0001:000001b0       ??_C@_1BI@LPBIFPPH@?$AAI?$AAg?$AAn?$AAo?$AAr?$AAe?$AAA?$AAf?$AAt?$AAe?$AAr?$AA?$AA@ 100011b0     Brackets.obj
 0001:000001c8       ??_C@_1BK@LFBLPBJM@?$AAI?$AAg?$AAn?$AAo?$AAr?$AAe?$AAQ?$AAu?$AAo?$AAt?$AAe?$AAs?$AA?$AA@ 100011c8     Brackets.obj
 0001:000001e4       ??_7?$DialogItemBinding@UFarDialogItem@@@@6B@ 100011e4     Brackets.obj
 0001:000001ec       ??_7?$DialogBuilderBase@UFarDialogItem@@@@6B@ 100011ec     Brackets.obj
 0001:0000020c       ??_7PluginEditFieldBinding@@6B@ 1000120c     Brackets.obj
 0001:00000214       ??_7PluginDialogBuilder@@6B@ 10001214     Brackets.obj
 0001:00000234       ??_7PluginCheckBoxBinding@@6B@ 10001234     Brackets.obj
 0001:0000023c       ??_7PluginRadioButtonBinding@@6B@ 1000123c     Brackets.obj
 0001:00000244       ??_C@_15EFLNJKHH@?$AA?$CF?$AAu?$AA?$AA@ 10001244     Brackets.obj
 0001:0000024c       ??_7PluginIntEditFieldBinding@@6B@ 1000124c     Brackets.obj
 0001:00000254       ??_C@_11LOCGONAA@?$AA?$AA@ 10001254     Brackets.obj
 0001:00000258       ??_C@_19MGMPFFIA@?$AAF?$AAi?$AAn?$AAd?$AA?$AA@ 10001258     Brackets.obj
 0001:00000264       ??_C@_1O@MDCABJAO@?$AAD?$AAi?$AAr?$AAe?$AAc?$AAt?$AA?$AA@ 10001264     Brackets.obj
 0001:00000280       __chkstk                   10001280 f   chkstk.obj
 0001:00000280       __alloca_probe             10001280     chkstk.obj
 0001:000002b0       ?GetLangString@PluginDialogBuilder@@MAEPB_WH@Z 100012b0 f i Brackets.obj
 0001:000002d0       _GetGlobalInfoW@4          100012d0 f   Brackets.obj
 0001:00000350       _SetStartupInfoW@4         10001350 f   Brackets.obj
 0001:000005e0       _GetPluginInfoW@4          100015e0 f   Brackets.obj
 0001:00000630       ?InitDialogItem@?$DialogBuilderBase@UFarDialogItem@@@@MAEXPAUFarDialogItem@@PB_W@Z 10001630 f i Brackets.obj
 0001:00000630       ?SaveValue@?$DialogItemBinding@UFarDialogItem@@@@UAEXPAUFarDialogItem@@H@Z 10001630 f i Brackets.obj
 0001:00000640       ?TextWidth@?$DialogBuilderBase@UFarDialogItem@@@@MAEHABUFarDialogItem@@@Z 10001640 f i Brackets.obj
 0001:00000650       ?CreateRadioButtonBinding@?$DialogBuilderBase@UFarDialogItem@@@@MAEPAU?$DialogItemBinding@UFarDialogItem@@@@PAH@Z 10001650 f i Brackets.obj
 0001:00000650       ?GetLangString@?$DialogBuilderBase@UFarDialogItem@@@@MAEPB_WH@Z 10001650 f i Brackets.obj
 0001:00000660       ?DoShowDialog@?$DialogBuilderBase@UFarDialogItem@@@@MAEHXZ 10001660 f i Brackets.obj
 0001:00000670       ??1?$DialogBuilderBase@UFarDialogItem@@@@MAE@XZ 10001670 f i Brackets.obj
 0001:000006c0       ?CreateCheckBoxBinding@?$DialogBuilderBase@UFarDialogItem@@@@MAEPAU?$DialogItemBinding@UFarDialogItem@@@@PAHH@Z 100016c0 f i Brackets.obj
 0001:000006c0       ?AddIntEditField@?$DialogBuilderBase@UFarDialogItem@@@@UAEPAUFarDialogItem@@PAHH@Z 100016c0 f i Brackets.obj
 0001:000006d0       ??_E?$DialogBuilderBase@UFarDialogItem@@@@MAEPAXI@Z 100016d0 f i Brackets.obj
 0001:000006d0       ??_G?$DialogBuilderBase@UFarDialogItem@@@@MAEPAXI@Z 100016d0 f i Brackets.obj
 0001:000006f0       ?ReallocDialogItems@?$DialogBuilderBase@UFarDialogItem@@@@IAEXXZ 100016f0 f i Brackets.obj
 0001:000007c0       ?UpdateSecondColumnPosition@?$DialogBuilderBase@UFarDialogItem@@@@IAEXXZ 100017c0 f i Brackets.obj
 0001:00000820       ?SaveValues@?$DialogBuilderBase@UFarDialogItem@@@@IAEXXZ 10001820 f i Brackets.obj
 0001:00000870       ?MaxTextWidth@?$DialogBuilderBase@UFarDialogItem@@@@IAEHXZ 10001870 f i Brackets.obj
 0001:00000930       ?SaveValue@PluginEditFieldBinding@@UAEXPAUFarDialogItem@@H@Z 10001930 f i Brackets.obj
 0001:00000960       ?InitDialogItem@PluginDialogBuilder@@MAEXPAUFarDialogItem@@PB_W@Z 10001960 f i Brackets.obj
 0001:00000980       ?TextWidth@PluginDialogBuilder@@MAEHABUFarDialogItem@@@Z 10001980 f i Brackets.obj
 0001:000009a0       ?DoShowDialog@PluginDialogBuilder@@MAEHXZ 100019a0 f i Brackets.obj
 0001:00000a00       ?SaveValue@PluginCheckBoxBinding@@UAEXPAUFarDialogItem@@H@Z 10001a00 f i Brackets.obj
 0001:00000a40       ?SaveValue@PluginRadioButtonBinding@@UAEXPAUFarDialogItem@@H@Z 10001a40 f i Brackets.obj
 0001:00000a70       ??0PluginIntEditFieldBinding@@QAE@ABUPluginStartupInfo@@PAPAXHPAHH@Z 10001a70 f i Brackets.obj
 0001:00000b00       ?SaveValue@PluginIntEditFieldBinding@@UAEXPAUFarDialogItem@@H@Z 10001b00 f i Brackets.obj
 0001:00000b30       ?CreateCheckBoxBinding@PluginDialogBuilder@@MAEPAU?$DialogItemBinding@UFarDialogItem@@@@PAHH@Z 10001b30 f i Brackets.obj
 0001:00000b80       ?CreateRadioButtonBinding@PluginDialogBuilder@@MAEPAU?$DialogItemBinding@UFarDialogItem@@@@PAH@Z 10001b80 f i Brackets.obj
 0001:00000bd0       ??_GPluginDialogBuilder@@UAEPAXI@Z 10001bd0 f i Brackets.obj
 0001:00000bd0       ??_EPluginDialogBuilder@@UAEPAXI@Z 10001bd0 f i Brackets.obj
 0001:00000c10       ?AddBorder@?$DialogBuilderBase@UFarDialogItem@@@@IAEXPB_W@Z 10001c10 f i Brackets.obj
 0001:00000c70       ?AddCheckbox@?$DialogBuilderBase@UFarDialogItem@@@@QAEPAUFarDialogItem@@HPAHH_N@Z 10001c70 f i Brackets.obj
 0001:00000db0       ?UpdateBorderSize@?$DialogBuilderBase@UFarDialogItem@@@@IAEXXZ 10001db0 f i Brackets.obj
 0001:00000e30       ??_EPluginCheckBoxBinding@@UAEPAXI@Z 10001e30 f i Brackets.obj
 0001:00000e30       ??_EPluginEditFieldBinding@@UAEPAXI@Z 10001e30 f i Brackets.obj
 0001:00000e30       ??_GPluginIntEditFieldBinding@@UAEPAXI@Z 10001e30 f i Brackets.obj
 0001:00000e30       ??_EPluginIntEditFieldBinding@@UAEPAXI@Z 10001e30 f i Brackets.obj
 0001:00000e30       ??_EPluginRadioButtonBinding@@UAEPAXI@Z 10001e30 f i Brackets.obj
 0001:00000e30       ??_E?$DialogItemBinding@UFarDialogItem@@@@UAEPAXI@Z 10001e30 f i Brackets.obj
 0001:00000e30       ??_GPluginRadioButtonBinding@@UAEPAXI@Z 10001e30 f i Brackets.obj
 0001:00000e30       ??_GPluginCheckBoxBinding@@UAEPAXI@Z 10001e30 f i Brackets.obj
 0001:00000e30       ??_GPluginEditFieldBinding@@UAEPAXI@Z 10001e30 f i Brackets.obj
 0001:00000e30       ??_G?$DialogItemBinding@UFarDialogItem@@@@UAEPAXI@Z 10001e30 f i Brackets.obj
 0001:00000e50       ??0PluginDialogBuilder@@QAE@ABUPluginStartupInfo@@ABU_GUID@@1HPB_WP6GHPAXHH3@Z3@Z 10001e50 f i Brackets.obj
 0001:00000ef0       ?AddIntEditField@PluginDialogBuilder@@UAEPAUFarDialogItem@@PAHH@Z 10001ef0 f i Brackets.obj
 0001:00000fc0       ?AddFixEditField@PluginDialogBuilder@@QAEPAUFarDialogItem@@PA_WHHPB_W@Z 10001fc0 f i Brackets.obj
 0001:000010b0       ?AddOKCancel@?$DialogBuilderBase@UFarDialogItem@@@@QAEXHH_N@Z 100020b0 f i Brackets.obj
 0001:00001210       ?Config@@YIHXZ             10002210 f   Brackets.obj
 0001:00001830       _ConfigureW@4              10002830 f   Brackets.obj
 0001:00001840       ?ShowMenu@@YIHH@Z          10002840 f   Brackets.obj
 0001:00001950       _OpenW@4                   10002950 f   Brackets.obj
 0001:000022e0       ??_V@YAXPAX@Z              100032e0 f   libCRT:delete_array.obj
 0001:000022f0       ??3@YAXPAX@Z               100032f0 f   libCRT:delete.obj
 0001:00002300       ??_U@YAPAXI@Z              10003300 f   libCRT:new_array.obj
 0001:00002310       _memset                    10003310 f   libCRT:memset.obj
 0001:00002350       ??2@YAPAXI@Z               10003350 f   libCRT:new.obj
 0001:00002360       _free                      10003360 f   libCRT:free.obj
 0001:00002380       _malloc                    10003380 f   libCRT:malloc.obj
 0001:00002398       __IMPORT_DESCRIPTOR_KERNEL32 10003398     kernel32:KERNEL32.dll
 0001:000023ac       __IMPORT_DESCRIPTOR_USER32 100033ac     user32:USER32.dll
 0001:000023c0       __NULL_IMPORT_DESCRIPTOR   100033c0     kernel32:KERNEL32.dll

 entry point at        0000:00000000

 Static symbols

