Turbo Assembler	 Version 4.1	    02/23/14 26:16:14	    Page 1
04hex.asm



      1	0000				     .model tiny
      2	0000				     .code
      3					     org 100h
      4
      5	0100  BB 1279		     start:  mov bx, 4729
      6	0103  B4 02			     mov ah, 02h
      7	0105  B1 04			     mov cl, 04h
      8	0107  B5 01			     mov ch, 1h
      9
     10	0109  E8 000A		     getw:   call getc
     11	010C  CD 21			     int 21h
     12	010E  3A E9			     cmp ch, cl
     13	0110  74 2C			     je	stop
     14	0112  FE C5			     inc ch
     15	0114  EB F3			     jmp getw
     16
     17	0116  B6 00		     getc:   mov dh, 0h
     18	0118  8B FB			     mov di, bx
     19
     20	011A  8A D1			     sha:    mov dl, cl
     21	011C  2A D5				     sub dl, ch
     22	011E  3A F2				     cmp dh, dl
     23	0120  74 06				     je	enough
     24	0122  D3 EF				     shr di, cl
     25	0124  FE C6				     inc dh
     26	0126  EB F2				     jmp sha
     27
     28	0128  83 E7 0F			     enough: and di, 000Fh
     29	012B  83 C7 30				     add di, 30h
     30	012E  83 FF 39				     cmp di, '9'
     31	0131  72 08				     jb	okc
     32	0133  74 06				     je	okc
     33	0135  83 C7 07				     add di, 07h
     34	0138  EB 01 90				     jmp okc
     35
     36	013B  8B D7			     okc:    mov dx, byte ptr di
     37	013D  C3		     ret
     38
     39	013E  B8 4C00		     stop:   mov ax, 4c00h
     40	0141  CD 21			     int 21h
     41
     42				     end     start
Turbo Assembler	 Version 4.1	    02/23/14 26:16:14	    Page 2
Symbol Table




Symbol Name			  Type	 Value

??DATE				  Text	 "02/23/14"
??FILENAME			  Text	 "04hex	  "
??TIME				  Text	 "26:16:14"
??VERSION			  Number 040A
@32BIT				  Text	 0
@CODE				  Text	 DGROUP
@CODESIZE			  Text	 0
@CPU				  Text	 0101H
@CURSEG				  Text	 _TEXT
@DATA				  Text	 DGROUP
@DATASIZE			  Text	 0
@FILENAME			  Text	 04HEX
@INTERFACE			  Text	 000H
@MODEL				  Text	 1
@STACK				  Text	 DGROUP
@WORDSIZE			  Text	 2
ENOUGH				  Near	 DGROUP:0128
GETC				  Near	 DGROUP:0116
GETW				  Near	 DGROUP:0109
OKC				  Near	 DGROUP:013B
SHA				  Near	 DGROUP:011A
START				  Near	 DGROUP:0100
STOP				  Near	 DGROUP:013E

Groups & Segments		  Bit Size Align  Combine Class

DGROUP				  Group
  _DATA				  16  0000 Word	  Public  DATA
  _TEXT				  16  0143 Word	  Public  CODE
