 EMenu

 Timestamp is 4f45744f (Thu Feb 23 00:03:43 2012)

 Preferred load address is 10000000

 Start         Length     Name                   Class
 0001:00000000 00000100H .idata$5                CODE
 0001:00000100 000004c8H .rdata                  CODE
 0001:000005d0 00000010H .rdata$sxdata           CODE
 0001:000005e0 000063f0H .text                   CODE
 0001:000069d0 0000004cH .xdata$x                CODE
 0001:00006a1c 00000050H .idata$2                CODE
 0001:00006a6c 00000014H .idata$3                CODE
 0001:00006a80 00000100H .idata$4                CODE
 0001:00006b80 00000454H .idata$6                CODE
 0001:00006fe0 000000b6H .edata                  CODE
 0002:00000000 00000050H .data                   DATA
 0002:00000050 00000bfcH .bss                    DATA
 0003:00000000 000000a0H .rsrc$01                DATA
 0003:000000a0 000003a0H .rsrc$02                DATA

  Address         Publics by Value              Rva+Base       Lib:Object

 0000:00000000       __except_list              00000000     <absolute>
 0000:00000004       ___safe_se_handler_count   00000004     <absolute>
 0000:00000000       ___ImageBase               10000000     <linker-defined>
 0001:00000000       __imp__CloseHandle@4       10001000     kernel32:KERNEL32.dll
 0001:00000004       __imp__DisableThreadLibraryCalls@4 10001004     kernel32:KERNEL32.dll
 0001:00000008       __imp__lstrcpynW@12        10001008     kernel32:KERNEL32.dll
 0001:0000000c       __imp__lstrcatW@8          1000100c     kernel32:KERNEL32.dll
 0001:00000010       __imp__lstrlenW@4          10001010     kernel32:KERNEL32.dll
 0001:00000014       __imp__lstrcmpW@8          10001014     kernel32:KERNEL32.dll
 0001:00000018       __imp__CompareStringW@24   10001018     kernel32:KERNEL32.dll
 0001:0000001c       __imp__lstrcpyW@8          1000101c     kernel32:KERNEL32.dll
 0001:00000020       __imp__MultiByteToWideChar@24 10001020     kernel32:KERNEL32.dll
 0001:00000024       __imp__lstrlenA@4          10001024     kernel32:KERNEL32.dll
 0001:00000028       __imp__SetEvent@4          10001028     kernel32:KERNEL32.dll
 0001:0000002c       __imp__TerminateThread@8   1000102c     kernel32:KERNEL32.dll
 0001:00000030       __imp__WaitForSingleObject@8 10001030     kernel32:KERNEL32.dll
 0001:00000034       __imp__WaitForMultipleObjects@16 10001034     kernel32:KERNEL32.dll
 0001:00000038       __imp__CreateThread@24     10001038     kernel32:KERNEL32.dll
 0001:0000003c       __imp__GetExitCodeThread@8 1000103c     kernel32:KERNEL32.dll
 0001:00000040       __imp__CreateEventW@16     10001040     kernel32:KERNEL32.dll
 0001:00000044       __imp__GetVersionExW@4     10001044     kernel32:KERNEL32.dll
 0001:00000048       __imp__GetModuleHandleW@4  10001048     kernel32:KERNEL32.dll
 0001:0000004c       __imp__GetFileAttributesW@4 1000104c     kernel32:KERNEL32.dll
 0001:00000050       __imp__lstrcmpA@8          10001050     kernel32:KERNEL32.dll
 0001:00000054       __imp__ExpandEnvironmentStringsW@12 10001054     kernel32:KERNEL32.dll
 0001:00000058       __imp__GetProcAddress@8    10001058     kernel32:KERNEL32.dll
 0001:0000005c       __imp__HeapFree@12         1000105c     kernel32:KERNEL32.dll
 0001:00000060       __imp__GetProcessHeap@0    10001060     kernel32:KERNEL32.dll
 0001:00000064       __imp__HeapAlloc@12        10001064     kernel32:KERNEL32.dll
 0001:00000068       __imp__SetUnhandledExceptionFilter@4 10001068     kernel32:KERNEL32.dll
 0001:0000006c       __imp__UnhandledExceptionFilter@4 1000106c     kernel32:KERNEL32.dll
 0001:00000070       __imp__GetCurrentProcess@0 10001070     kernel32:KERNEL32.dll
 0001:00000074       __imp__TerminateProcess@8  10001074     kernel32:KERNEL32.dll
 0001:00000078       __imp__IsDebuggerPresent@0 10001078     kernel32:KERNEL32.dll
 0001:0000007c       __imp__VirtualQuery@12     1000107c     kernel32:KERNEL32.dll
 0001:00000080       __imp__RtlUnwind@16        10001080     kernel32:KERNEL32.dll
 0001:00000084       \177KERNEL32_NULL_THUNK_DATA 10001084     kernel32:KERNEL32.dll
 0001:00000088       __imp__SHGetSpecialFolderLocation@12 10001088     shell32:SHELL32.dll
 0001:0000008c       __imp__SHGetMalloc@4       1000108c     shell32:SHELL32.dll
 0001:00000090       __imp__SHGetDesktopFolder@4 10001090     shell32:SHELL32.dll
 0001:00000094       \177SHELL32_NULL_THUNK_DATA 10001094     shell32:SHELL32.dll
 0001:00000098       __imp__GetMenuItemCount@4  10001098     user32:USER32.dll
 0001:0000009c       __imp__DestroyWindow@4     1000109c     user32:USER32.dll
 0001:000000a0       __imp__TrackPopupMenu@28   100010a0     user32:USER32.dll
 0001:000000a4       __imp__SetWindowPos@28     100010a4     user32:USER32.dll
 0001:000000a8       __imp__CreateDialogParamW@20 100010a8     user32:USER32.dll
 0001:000000ac       __imp__DestroyMenu@4       100010ac     user32:USER32.dll
 0001:000000b0       __imp__LoadStringW@16      100010b0     user32:USER32.dll
 0001:000000b4       __imp__GetMenuStringW@20   100010b4     user32:USER32.dll
 0001:000000b8       __imp__GetMenuItemInfoW@16 100010b8     user32:USER32.dll
 0001:000000bc       __imp__GetKeyState@4       100010bc     user32:USER32.dll
 0001:000000c0       __imp__wsprintfW           100010c0     user32:USER32.dll
 0001:000000c4       __imp__CreatePopupMenu@0   100010c4     user32:USER32.dll
 0001:000000c8       __imp__GetMessageW@16      100010c8     user32:USER32.dll
 0001:000000cc       __imp__GetWindowRect@8     100010cc     user32:USER32.dll
 0001:000000d0       __imp__PeekMessageW@20     100010d0     user32:USER32.dll
 0001:000000d4       __imp__GetClientRect@8     100010d4     user32:USER32.dll
 0001:000000d8       __imp__ScreenToClient@8    100010d8     user32:USER32.dll
 0001:000000dc       __imp__GetCursorPos@4      100010dc     user32:USER32.dll
 0001:000000e0       __imp__DispatchMessageW@4  100010e0     user32:USER32.dll
 0001:000000e4       __imp__ReplyMessage@4      100010e4     user32:USER32.dll
 0001:000000e8       __imp__SetWindowLongW@12   100010e8     user32:USER32.dll
 0001:000000ec       __imp__GetWindowLongW@8    100010ec     user32:USER32.dll
 0001:000000f0       \177USER32_NULL_THUNK_DATA 100010f0     user32:USER32.dll
 0001:000000f4       __imp__OleInitialize@4     100010f4     ole32:ole32.dll
 0001:000000f8       __imp__OleFlushClipboard@0 100010f8     ole32:ole32.dll
 0001:000000fc       \177ole32_NULL_THUNK_DATA  100010fc     ole32:ole32.dll
 0001:00000100       _MainGuid                  10001100     EMenu.obj
 0001:00000110       _MenuGuid                  10001110     EMenu.obj
 0001:00000120       _DialogGuid                10001120     EMenu.obj
 0001:00000130       _GuiTextMenuGuid           10001130     EMenu.obj
 0001:00000140       ??_C@_1DE@BGKMIKPD@?$AAE?$AAu?$AAg?$AAe?$AAn?$AAe?$AA?5?$AAR?$AAo?$AAs?$AAh?$AAa?$AAl?$AA?5?$AA?$CG?$AA?5?$AAF?$AAa?$AAr?$AA?5?$AAG?$AAr?$AAo?$AAu?$AAp?$AA?$AA@ 10001140     EMenu.obj
 0001:00000174       ??_C@_1DK@JMMNGKID@?$AAE?$AAM?$AAe?$AAn?$AAu?$AA?5?$AAP?$AAl?$AAu?$AAg?$AAi?$AAn?$AA?5?$AAf?$AAo?$AAr?$AA?5?$AAF?$AAa?$AAr?$AA?5?$AAM?$AAa?$AAn?$AAa?$AAg?$AAe?$AAr?$AA?$AA@ 10001174     EMenu.obj
 0001:000001b0       ??_C@_1M@LBLKOFDL@?$AAE?$AAM?$AAe?$AAn?$AAu?$AA?$AA@ 100011b0     EMenu.obj
 0001:000001bc       ??_C@_17CIEOGNAD@?$AA?5?$AA?5?$CF?$LK?$AA?$AA@ 100011bc     FarMenu.obj
 0001:000001c8       ??_C@_13HOIJIPNN@?$AA?5?$AA?$AA@ 100011c8     FarMenu.obj
 0001:000001cc       ??_C@_1M@IAIJHCCH@?$AAC?$AAl?$AAo?$AAs?$AAe?$AA?$AA@ 100011cc     Plugin.obj
 0001:000001d8       ??_C@_1O@MEJAHLJN@?$AAE?$AAr?$AAr?$AAo?$AAr?$AA2?$AA?$AA@ 100011d8     Plugin.obj
 0001:000001e8       ??_C@_1O@NGCFNEHD@?$AAE?$AAr?$AAr?$AAo?$AAr?$AA1?$AA?$AA@ 100011e8     Plugin.obj
 0001:000001f8       ??_C@_1O@GOJJLDBG@?$AAE?$AAr?$AAr?$AAo?$AAr?$AA0?$AA?$AA@ 100011f8     Plugin.obj
 0001:00000208       ??_C@_1O@MCPHAIFL@?$AAM?$AAy?$AAC?$AAo?$AAm?$AAp?$AA?$AA@ 10001208     Plugin.obj
 0001:00000218       ??_C@_1BI@GILJGMBA@?$AAC?$AAo?$AAn?$AAt?$AAe?$AAx?$AAt?$AAM?$AAe?$AAn?$AAu?$AA?$AA@ 10001218     Plugin.obj
 0001:00000230       ??_C@_1BO@CLHFIDDE@?$AAC?$AAh?$AAo?$AAo?$AAs?$AAe?$AAM?$AAe?$AAn?$AAu?$AAT?$AAy?$AAp?$AAe?$AA?$AA@ 10001230     Plugin.obj
 0001:00000250       ??_C@_1O@BJPKKLLM@?$AAC?$AAo?$AAn?$AAf?$AAi?$AAg?$AA?$AA@ 10001250     Plugin.obj
 0001:00000260       ??_C@_19JPHCGFBO@?$AAM?$AAa?$AAi?$AAn?$AA?$AA@ 10001260     Plugin.obj
 0001:0000026c       ??_C@_15DDHGOCBH@?$AA?4?$AA?4?$AA?$AA@ 1000126c     Plugin.obj
 0001:00000274       ??_7?$DialogBuilderBase@UFarDialogItem@@@@6B@ 10001274     Plugin.obj
 0001:00000294       __GUID_000214f4_0000_0000_c000_000000000046 10001294     Plugin.obj
 0001:000002a4       __GUID_bcfce0a0_ec17_11d0_8d10_00a0c90f2719 100012a4     Plugin.obj
 0001:000002b4       ??_7PluginDialogBuilder@@6B@ 100012b4     Plugin.obj
 0001:000002d4       ??_7?$DialogItemBinding@UFarDialogItem@@@@6B@ 100012d4     Plugin.obj
 0001:000002dc       ??_7PluginCheckBoxBinding@@6B@ 100012dc     Plugin.obj
 0001:000002e4       ??_7PluginRadioButtonBinding@@6B@ 100012e4     Plugin.obj
 0001:000002ec       ??_C@_15EFLNJKHH@?$AA?$CF?$AAu?$AA?$AA@ 100012ec     Plugin.obj
 0001:000002f4       ??_7PluginIntEditFieldBinding@@6B@ 100012f4     Plugin.obj
 0001:000002fc       ??_C@_1O@EOCFEDGM@?$AAG?$AAu?$AAi?$AAP?$AAo?$AAs?$AA?$AA@ 100012fc     Plugin.obj
 0001:0000030c       ??_C@_1BM@JNPKPLGJ@?$AAD?$AAi?$AAf?$AAf?$AAe?$AAr?$AAe?$AAn?$AAt?$AAO?$AAn?$AAl?$AAy?$AA?$AA@ 1000130c     Plugin.obj
 0001:00000328       ??_C@_1BC@JAMHBCOF@?$AAH?$AAe?$AAl?$AAp?$AAt?$AAe?$AAx?$AAt?$AA?$AA@ 10001328     Plugin.obj
 0001:0000033c       ??_C@_1O@EFKGCNCH@?$AAS?$AAi?$AAl?$AAe?$AAn?$AAt?$AA?$AA@ 1000133c     Plugin.obj
 0001:0000034c       ??_C@_1BO@ELNGBDOB@?$AAC?$AAl?$AAe?$AAa?$AAr?$AAS?$AAe?$AAl?$AAe?$AAc?$AAt?$AAi?$AAo?$AAn?$AA?$AA@ 1000134c     Plugin.obj
 0001:0000036c       ??_C@_1BI@FNELDPIH@?$AAD?$AAe?$AAl?$AAU?$AAs?$AAi?$AAn?$AAg?$AAF?$AAa?$AAr?$AA?$AA@ 1000136c     Plugin.obj
 0001:00000384       ??_C@_1O@HAPBPKPP@?$AAU?$AAs?$AAe?$AAG?$AAU?$AAI?$AA?$AA@ 10001384     Plugin.obj
 0001:00000394       ??_C@_1BO@BLHAFJIH@?$AAW?$AAa?$AAi?$AAt?$AAT?$AAo?$AAC?$AAo?$AAn?$AAt?$AAi?$AAn?$AAu?$AAe?$AA?$AA@ 10001394     Plugin.obj
 0001:000003b8       ??_C@_1FE@DFGJMLLI@?$AAr?$AAc?$AAl?$AAk?$AA?3?$AAr?$AAc?$AAl?$AAk?$AA_?$AAt?$AAx?$AAt?$AA?3?$AAr?$AAc?$AAl?$AAk?$AA_?$AAg?$AAu?$AAi?$AA?3?$AAr?$AAc?$AAl?$AAk?$AA_?$AAc?$AAm?$AAd?$AA?3@ 100013b8     Plugin.obj
 0001:0000040c       ??_C@_11LOCGONAA@?$AA?$AA@ 1000140c     Plugin.obj
 0001:00000410       ??_C@_13DIBMAFH@?$AA?$CJ?$AA?$AA@ 10001410     Plugin.obj
 0001:00000414       ??_C@_15CMBHNMLL@?$AA?5?$AA?$CI?$AA?$AA@ 10001414     Plugin.obj
 0001:0000041c       ??_C@_13EHOOFIKC@?$AA?$HN?$AA?$AA@ 1000141c     Plugin.obj
 0001:00000420       ??_C@_1BI@BNFKGMFK@?$AAs?$AAh?$AAe?$AAl?$AAl?$AA3?$AA2?$AA?4?$AAd?$AAl?$AAl?$AA?$AA@ 10001420     Plugin.obj
 0001:00000438       ??_C@_13GCIFAHHO@?$AA?$HL?$AA?$AA@ 10001438     Plugin.obj
 0001:0000043c       ??_C@_1BC@DCEGFFEG@?$AAS?$AAh?$AAi?$AAf?$AAt?$AAD?$AAe?$AAl?$AA?$AA@ 1000143c     Plugin.obj
 0001:00000450       ??_C@_1O@KEBGIOJB@?$AAA?$AAl?$AAt?$AAD?$AAe?$AAl?$AA?$AA@ 10001450     Plugin.obj
 0001:00000460       ??_C@_15KCKDGHGD@?$AAF?$AA8?$AA?$AA@ 10001460     Plugin.obj
 0001:00000468       ??_C@_06FOBLBEIN@delete?$AA@ 10001468     Plugin.obj
 0001:00000470       ??_C@_15ECHMBAFA@?$AAF?$AA6?$AA?$AA@ 10001470     Plugin.obj
 0001:00000478       ??_C@_06LMEAOBLB@rename?$AA@ 10001478     Plugin.obj
 0001:00000480       ??_C@_15JOGBDECP@?$AA?0?$AA?5?$AA?$AA@ 10001480     Plugin.obj
 0001:00000488       ??_C@_1M@MDEFCCAF@?$AA?$CF?$AAu?$AA?5?$AA?$CF?$AAs?$AA?$AA@ 10001488     Plugin.obj
 0001:00000494       ??_C@_13FPGAJAPJ@?$AA?2?$AA?$AA@ 10001494     Plugin.obj
 0001:00000498       ??_C@_1BG@CJEHAOD@?$AAr?$AAc?$AAl?$AAk?$AA_?$AAi?$AAt?$AAe?$AAm?$AA?3?$AA?$AA@ 10001498     Plugin.obj
 0001:000004b0       ??_C@_1BE@JGMPCMJC@?$AAr?$AAc?$AAl?$AAk?$AA_?$AAc?$AAm?$AAd?$AA?3?$AA?$AA@ 100014b0     Plugin.obj
 0001:000004c4       ??_C@_1BE@IMOELFKI@?$AAr?$AAc?$AAl?$AAk?$AA_?$AAg?$AAu?$AAi?$AA?3?$AA?$AA@ 100014c4     Plugin.obj
 0001:000004d8       ??_C@_1BE@GEDAILNH@?$AAr?$AAc?$AAl?$AAk?$AA_?$AAt?$AAx?$AAt?$AA?3?$AA?$AA@ 100014d8     Plugin.obj
 0001:000004ec       ??_C@_1M@MGKMLCA@?$AAr?$AAc?$AAl?$AAk?$AA?3?$AA?$AA@ 100014ec     Plugin.obj
 0001:000004f8       ??_C@_0O@KBPMFGHI@DecodePointer?$AA@ 100014f8     vc10wrapper.obj
 0001:00000508       ??_C@_0O@NLDKAIKN@EncodePointer?$AA@ 10001508     vc10wrapper.obj
 0001:00000518       ??_C@_1BC@GDMECMAK@?$AAk?$AAe?$AAr?$AAn?$AAe?$AAl?$AA3?$AA2?$AA?$AA@ 10001518     vc10wrapper.obj
 0001:00000530       __imp__EncodePointer@4     10001530     vc10.obj
 0001:00000534       __imp__DecodePointer@4     10001534     vc10.obj
 0001:00000538       _IID_IContextMenu          10001538     shell32:shguid.obj
 0001:00000548       _IID_IShellFolder          10001548     shell32:shguid.obj
 0001:00000558       _IID_IDropTarget           10001558     uuid:oleidl_i.obj
 0001:00000568       _IID_IDataObject           10001568     uuid:objidl_i.obj
 0001:00000580       __load_config_used         10001580     LIBCMT:loadcfg.obj
 0001:000005d0       ___safe_se_handler_table   100015d0     <linker-defined>
 0001:000005e0       __chkstk                   100015e0 f   chkstk.obj
 0001:000005e0       __alloca_probe             100015e0     chkstk.obj
 0001:00000610       __DllMainCRTStartup@12     10001610 f   EMenu.obj
 0001:00000630       _GetGlobalInfoW@4          10001630 f   EMenu.obj
 0001:000006b0       _SetStartupInfoW@4         100016b0 f   EMenu.obj
 0001:00000760       _GetPluginInfoW@4          10001760 f   EMenu.obj
 0001:00000770       _OpenW@4                   10001770 f   EMenu.obj
 0001:00000790       _ConfigureW@4              10001790 f   EMenu.obj
 0001:000007a0       _ExitFARW@4                100017a0 f   EMenu.obj
 0001:00000850       ??0auto_sz@@QAE@XZ         10001850 f   auto_sz.obj
 0001:00000860       ??Bauto_sz@@QAEPB_WXZ      10001860 f   auto_sz.obj
 0001:00000860       ??Bauto_sz@@QAEPA_WXZ      10001860 f   auto_sz.obj
 0001:00000870       ??Aauto_sz@@QAE_WH@Z       10001870 f   auto_sz.obj
 0001:00000880       ?Realloc@auto_sz@@QAEXI@Z  10001880 f   auto_sz.obj
 0001:00000920       ??Yauto_sz@@QAEAAV0@PB_W@Z 10001920 f   auto_sz.obj
 0001:00000960       ?Len@auto_sz@@QBEIXZ       10001960 f   auto_sz.obj
 0001:00000970       ?Trunc@auto_sz@@QAEXI@Z    10001970 f   auto_sz.obj
 0001:00000990       ??9auto_sz@@QAE_NPB_W@Z    10001990 f   auto_sz.obj
 0001:000009b0       ?CompareExcluding@auto_sz@@QAE_NPB_W_W@Z 100019b0 f   auto_sz.obj
 0001:00000a10       ?RemoveTrailing@auto_sz@@QAEX_W@Z 10001a10 f   auto_sz.obj
 0001:00000a50       ?IsEmpty@auto_sz@@QAE_NXZ  10001a50 f   auto_sz.obj
 0001:00000a70       ??0auto_sz@@QAE@PB_WI@Z    10001a70 f   auto_sz.obj
 0001:00000aa0       ??1auto_sz@@QAE@XZ         10001aa0 f   auto_sz.obj
 0001:00000ad0       ??4auto_sz@@QAEAAV0@PB_W@Z 10001ad0 f   auto_sz.obj
 0001:00000b40       ??4auto_sz@@QAEAAV0@ABV0@@Z 10001b40 f   auto_sz.obj
 0001:00000b70       ??0auto_sz@@QAE@PB_W@Z     10001b70 f   auto_sz.obj
 0001:00000b90       ??0auto_sz@@QAE@ABU_STRRET@@PBU_ITEMIDLIST@@@Z 10001b90 f   auto_sz.obj
 0001:00000c10       ??0CFarMenu@@QAE@PB_WPBU_GUID@@I@Z 10001c10 f   FarMenu.obj
 0001:00000ca0       ??1CFarMenu@@QAE@XZ        10001ca0 f   FarMenu.obj
 0001:00000d00       ?InsertItem@CFarMenu@@QAEIIPB_W_NW4ECheck@1@1@Z 10001d00 f   FarMenu.obj
 0001:00000e40       ?AddArrows@CFarMenu@@IAEXXZ 10001e40 f   FarMenu.obj
 0001:00000fc0       ??ACFarMenu@@QAEPB_WI@Z    10001fc0 f   FarMenu.obj
 0001:00000fe0       ?GetCursorXY@CFarMenu@@QAEXPAH0@Z 10001fe0 f   FarMenu.obj
 0001:000010c0       ?Show@CFarMenu@@QAEHPB_WH_N@Z 100020c0 f   FarMenu.obj
 0001:000012f0       ?AddItem@CFarMenu@@QAEIPB_W_NW4ECheck@1@1@Z 100022f0 f   FarMenu.obj
 0001:00001310       ?AddSeparator@CFarMenu@@QAEXXZ 10002310 f   FarMenu.obj
 0001:000013a0       ?MenuDlgProc@@YGHPAUHWND__@@IIJ@Z 100023a0 f   MenuDlg.obj
 0001:00001560       ?Stop@OleThread@@YIXXZ     10002560 f   OleThread.obj
 0001:00001580       ??1CThreadTerminator@OleThread@@QAE@XZ 10002580 f   OleThread.obj
 0001:000015c0       ?ThreadProc@OleThread@@YGKPAX@Z 100025c0 f   OleThread.obj
 0001:00001710       ?EnsureThreadStarted@OleThread@@YI_NXZ 10002710 f   OleThread.obj
 0001:000017f0       ?OpenPlugin@OleThread@@YI?AW4EDoMenu@CPlugin@@HH@Z 100027f0 f   OleThread.obj
 0001:00001840       ??0CPidl@@QAE@PAUIMalloc@@@Z 10002840 f   Pidl.obj
 0001:00001860       ??1CPidl@@QAE@XZ           10002860 f   Pidl.obj
 0001:000018a0       ??BCPidl@@QAEPAU_ITEMIDLIST@@XZ 100028a0 f   Pidl.obj
 0001:000018b0       ?EnsureSpace@CPidl@@QAEXXZ 100028b0 f   Pidl.obj
 0001:00001900       ?GetArray@CPidl@@QAEPAPBU_ITEMIDLIST@@XZ 10002900 f   Pidl.obj
 0001:00001900       ??ICPidl@@QAEPAPAU_ITEMIDLIST@@XZ 10002900 f   Pidl.obj
 0001:00001920       ?Insert@CPidl@@QAEXIPAU_ITEMIDLIST@@@Z 10002920 f   Pidl.obj
 0001:000019b0       ?GetAt@CPidl@@QAEPAU_ITEMIDLIST@@I@Z 100029b0 f   Pidl.obj
 0001:000019d0       ?Count@CPidl@@QAEIXZ       100029d0 f   Pidl.obj
 0001:000019e0       ?Add@CPidl@@QAEXPAU_ITEMIDLIST@@@Z 100029e0 f   Pidl.obj
 0001:00001a00       ?GetLangString@PluginDialogBuilder@@MAEPB_WH@Z 10002a00 f i Plugin.obj
 0001:00001a20       ?_com_issue_error@@YGXJ@Z  10002a20 f   Plugin.obj
 0001:00001a30       ??1CPlugin@@QAE@XZ         10002a30 f   Plugin.obj
 0001:00001a40       ?ReadRegValues@CPlugin@@IAEXXZ 10002a40 f   Plugin.obj
 0001:00001d00       ?Message@CPlugin@@IAEHKPB_WPBQB_WHH@Z 10002d00 f   Plugin.obj
 0001:00001d40       ?CfgDlgProc@CPlugin@@IAEXPAXHH0@Z 10002d40 f   Plugin.obj
 0001:00001e10       ?ExitFAR@CPlugin@@QAEXXZ   10002e10 f   Plugin.obj
 0001:00001e20       ?OpenPlugin@CPlugin@@QAEPAXHH@Z 10002e20 f   Plugin.obj
 0001:00001fa0       ?ParseParams@CPlugin@@IAEIPA_WPAPB_W@Z 10002fa0 f   Plugin.obj
 0001:00002040       ?GetFilesFromPanel@CPlugin@@IAE_NPAPAPB_WPAI1PAVauto_sz@@@Z 10003040 f   Plugin.obj
 0001:000023c0       ?ShowGuiMenu@CPlugin@@IAE_NPAUHMENU__@@PAUIContextMenu@@PAUIContextMenu2@@PAUIContextMenu3@@PAH@Z 100033c0 f   Plugin.obj
 0001:000024f0       ?GetAdditionalString@CPlugin@@IAE_NPAUIContextMenu@@IW4EAdditionalStr@1@PAVauto_sz@@@Z 100034f0 f   Plugin.obj
 0001:000025e0       ?SaveValue@?$DialogItemBinding@UFarDialogItem@@@@UAEXPAUFarDialogItem@@H@Z 100035e0 f i Plugin.obj
 0001:000025e0       ?InitDialogItem@?$DialogBuilderBase@UFarDialogItem@@@@MAEXPAUFarDialogItem@@PB_W@Z 100035e0 f i Plugin.obj
 0001:000025f0       ?TextWidth@?$DialogBuilderBase@UFarDialogItem@@@@MAEHABUFarDialogItem@@@Z 100035f0 f i Plugin.obj
 0001:00002600       ?DoShowDialog@?$DialogBuilderBase@UFarDialogItem@@@@MAEHXZ 10003600 f i Plugin.obj
 0001:00002610       ?CreateRadioButtonBinding@?$DialogBuilderBase@UFarDialogItem@@@@MAEPAU?$DialogItemBinding@UFarDialogItem@@@@PAH@Z 10003610 f i Plugin.obj
 0001:00002610       ?GetLangString@?$DialogBuilderBase@UFarDialogItem@@@@MAEPB_WH@Z 10003610 f i Plugin.obj
 0001:00002620       ??1?$DialogBuilderBase@UFarDialogItem@@@@MAE@XZ 10003620 f i Plugin.obj
 0001:00002670       ?AddIntEditField@?$DialogBuilderBase@UFarDialogItem@@@@UAEPAUFarDialogItem@@PAHH@Z 10003670 f i Plugin.obj
 0001:00002670       ?CreateCheckBoxBinding@?$DialogBuilderBase@UFarDialogItem@@@@MAEPAU?$DialogItemBinding@UFarDialogItem@@@@PAHH@Z 10003670 f i Plugin.obj
 0001:00002680       ??_G?$DialogBuilderBase@UFarDialogItem@@@@MAEPAXI@Z 10003680 f i Plugin.obj
 0001:00002680       ??_E?$DialogBuilderBase@UFarDialogItem@@@@MAEPAXI@Z 10003680 f i Plugin.obj
 0001:000026a0       ?ReallocDialogItems@?$DialogBuilderBase@UFarDialogItem@@@@IAEXXZ 100036a0 f i Plugin.obj
 0001:00002770       ?UpdateSecondColumnPosition@?$DialogBuilderBase@UFarDialogItem@@@@IAEXXZ 10003770 f i Plugin.obj
 0001:000027d0       ?SaveValues@?$DialogBuilderBase@UFarDialogItem@@@@IAEXXZ 100037d0 f i Plugin.obj
 0001:00002820       ?MaxTextWidth@?$DialogBuilderBase@UFarDialogItem@@@@IAEHXZ 10003820 f i Plugin.obj
 0001:000028e0       ??1CHMenu@@QAE@XZ          100038e0 f i Plugin.obj
 0001:00002900       ?InitDialogItem@PluginDialogBuilder@@MAEXPAUFarDialogItem@@PB_W@Z 10003900 f i Plugin.obj
 0001:00002920       ?TextWidth@PluginDialogBuilder@@MAEHABUFarDialogItem@@@Z 10003920 f i Plugin.obj
 0001:00002940       ?DoShowDialog@PluginDialogBuilder@@MAEHXZ 10003940 f i Plugin.obj
 0001:000029a0       ?SaveValue@PluginCheckBoxBinding@@UAEXPAUFarDialogItem@@H@Z 100039a0 f i Plugin.obj
 0001:000029e0       ?SaveValue@PluginRadioButtonBinding@@UAEXPAUFarDialogItem@@H@Z 100039e0 f i Plugin.obj
 0001:00002a10       ??0PluginIntEditFieldBinding@@QAE@ABUPluginStartupInfo@@PAPAXHPAHH@Z 10003a10 f i Plugin.obj
 0001:00002aa0       ?SaveValue@PluginIntEditFieldBinding@@UAEXPAUFarDialogItem@@H@Z 10003aa0 f i Plugin.obj
 0001:00002ad0       ?CreateCheckBoxBinding@PluginDialogBuilder@@MAEPAU?$DialogItemBinding@UFarDialogItem@@@@PAHH@Z 10003ad0 f i Plugin.obj
 0001:00002b20       ?CreateRadioButtonBinding@PluginDialogBuilder@@MAEPAU?$DialogItemBinding@UFarDialogItem@@@@PAH@Z 10003b20 f i Plugin.obj
 0001:00002b70       ??_EPluginDialogBuilder@@UAEPAXI@Z 10003b70 f i Plugin.obj
 0001:00002b70       ??_GPluginDialogBuilder@@UAEPAXI@Z 10003b70 f i Plugin.obj
 0001:00002bb0       ??0CPlugin@@QAE@PBUPluginStartupInfo@@@Z 10003bb0 f   Plugin.obj
 0001:00002cb0       ?GetPluginInfo@CPlugin@@QAEXPAUPluginInfo@@@Z 10003cb0 f   Plugin.obj
 0001:00002d10       ?CfgDlgProcStatic@CPlugin@@KGHPAXHH0@Z 10003d10 f   Plugin.obj
 0001:00002d60       ?GetFilesFromParams@CPlugin@@IAE_NPA_WPAPAPB_WPAI2PAVauto_sz@@_N@Z 10003d60 f   Plugin.obj
 0001:00002ee0       ?AddBorder@?$DialogBuilderBase@UFarDialogItem@@@@IAEXPB_W@Z 10003ee0 f i Plugin.obj
 0001:00002f40       ?AddCheckbox@?$DialogBuilderBase@UFarDialogItem@@@@QAEPAUFarDialogItem@@HPAHH_N@Z 10003f40 f i Plugin.obj
 0001:00003080       ?AddRadioButtons@?$DialogBuilderBase@UFarDialogItem@@@@QAEXPAHHQBH_N@Z 10004080 f i Plugin.obj
 0001:000031f0       ?UpdateBorderSize@?$DialogBuilderBase@UFarDialogItem@@@@IAEXXZ 100041f0 f i Plugin.obj
 0001:00003270       ??_GPluginCheckBoxBinding@@UAEPAXI@Z 10004270 f i Plugin.obj
 0001:00003270       ??_EPluginCheckBoxBinding@@UAEPAXI@Z 10004270 f i Plugin.obj
 0001:00003270       ??_G?$DialogItemBinding@UFarDialogItem@@@@UAEPAXI@Z 10004270 f i Plugin.obj
 0001:00003270       ??_EPluginIntEditFieldBinding@@UAEPAXI@Z 10004270 f i Plugin.obj
 0001:00003270       ??_GPluginRadioButtonBinding@@UAEPAXI@Z 10004270 f i Plugin.obj
 0001:00003270       ??_GPluginIntEditFieldBinding@@UAEPAXI@Z 10004270 f i Plugin.obj
 0001:00003270       ??_EPluginRadioButtonBinding@@UAEPAXI@Z 10004270 f i Plugin.obj
 0001:00003270       ??_E?$DialogItemBinding@UFarDialogItem@@@@UAEPAXI@Z 10004270 f i Plugin.obj
 0001:00003290       ??0PluginDialogBuilder@@QAE@ABUPluginStartupInfo@@ABU_GUID@@1HPB_WP6GHPAXHH3@Z3@Z 10004290 f i Plugin.obj
 0001:00003330       ?AddIntEditField@PluginDialogBuilder@@UAEPAUFarDialogItem@@PAHH@Z 10004330 f i Plugin.obj
 0001:00003400       ?ShowFolder@CPlugin@@IAE_NPAUIShellFolder@@PBU_ITEMIDLIST@@PAHPB_WPAPAUIDropTarget@@@Z 10004400 f   Plugin.obj
 0001:000036e0       ?AddOKCancel@?$DialogBuilderBase@UFarDialogItem@@@@QAEXHH_N@Z 100046e0 f i Plugin.obj
 0001:00003840       ??$_QueryInterface@V?$_com_ptr_t@V?$_com_IIID@UIContextMenu@@$1?_GUID_000214e4_0000_0000_c000_000000000046@@3U__s_GUID@@B@@@@@?$_com_ptr_t@V?$_com_IIID@UIContextMenu2@@$1?_GUID_000214f4_0000_0000_c000_000000000046@@3U__s_GUID@@B@@@@AAEJV?$_com_ptr_t@V?$_com_IIID@UIContextMenu@@$1?_GUID_000214e4_0000_0000_c000_000000000046@@3U__s_GUID@@B@@@@@Z 10004840 f i Plugin.obj
 0001:000038c0       ??$_QueryInterface@V?$_com_ptr_t@V?$_com_IIID@UIContextMenu@@$1?_GUID_000214e4_0000_0000_c000_000000000046@@3U__s_GUID@@B@@@@@?$_com_ptr_t@V?$_com_IIID@UIContextMenu3@@$1?_GUID_bcfce0a0_ec17_11d0_8d10_00a0c90f2719@@3U__s_GUID@@B@@@@AAEJV?$_com_ptr_t@V?$_com_IIID@UIContextMenu@@$1?_GUID_000214e4_0000_0000_c000_000000000046@@3U__s_GUID@@B@@@@@Z 100048c0 f i Plugin.obj
 0001:00003940       ?Configure@CPlugin@@QAEHXZ 10004940 f   Plugin.obj
 0001:00003f00       ?ShowTextMenu@CPlugin@@IAE_NPAUHMENU__@@PAUIContextMenu@@PAUIContextMenu2@@PAUIContextMenu3@@PAHPB_WPAUIShellFolder@@PAPBU_ITEMIDLIST@@I@Z 10004f00 f   Plugin.obj
 0001:000046c0       ?DoMenu@CPlugin@@IAE?AW4EDoMenu@1@PAUIShellFolder@@PAPBU_ITEMIDLIST@@QAPB_WIIPB_WW4EAutoItem@1@@Z 100056c0 f   Plugin.obj
 0001:00005000       ?SelectDrive@CPlugin@@IAE?AW4EDoMenu@1@XZ 10006000 f   Plugin.obj
 0001:000053e0       ?MenuForPanelOrCmdLine@CPlugin@@IAE?AW4EDoMenu@1@PA_WW4EAutoItem@1@@Z 100063e0 f   Plugin.obj
 0001:000057c0       ?DoMenu@CPlugin@@IAE?AW4EDoMenu@1@PA_WW4CallMode@1@@Z 100067c0 f   Plugin.obj
 0001:00005a40       ?OpenPluginBkg@CPlugin@@QAE?AW4EDoMenu@1@HH@Z 10006a40 f   Plugin.obj
 0001:00005c20       _EncodePointerWrapper@4    10006c20 f   vc10wrapper.obj
 0001:00005c30       _DecodePointerWrapper@4    10006c30 f   vc10wrapper.obj
 0001:00005c40       ??2@YAPAXI@Z               10006c40 f   libCRT:new.obj
 0001:00005c50       ??3@YAXPAX@Z               10006c50 f   libCRT:delete.obj
 0001:00005c60       ??_U@YAPAXI@Z              10006c60 f   libCRT:new_array.obj
 0001:00005c70       ??_V@YAXPAX@Z              10006c70 f   libCRT:delete_array.obj
 0001:00005c80       _memmove                   10006c80 f   libCRT:memmove.obj
 0001:00005cd0       _memcpy                    10006cd0 f   libCRT:memcpy.obj
 0001:00005d00       _memset                    10006d00 f   libCRT:memset.obj
 0001:00005d40       _free                      10006d40 f   libCRT:free.obj
 0001:00005d60       _wcsncmp                   10006d60 f   libCRT:strncmp.obj
 0001:00005da0       _malloc                    10006da0 f   libCRT:malloc.obj
 0001:00005dc8       __except_handler3          10006dc8 f   LIBCMT:exsup3.obj
 0001:00005ec6       __seh_longjmp_unwind@4     10006ec6 f   LIBCMT:exsup3.obj
 0001:00005ee1       _CallDestructExceptionObject 10006ee1 f   LIBCMT:calldtor.obj
 0001:00005f20       __global_unwind2           10006f20 f   LIBCMT:exsup.obj
 0001:00005f85       __local_unwind2            10006f85 f   LIBCMT:exsup.obj
 0001:00006009       __abnormal_termination     10007009 f   LIBCMT:exsup.obj
 0001:0000602c       __NLG_Notify1              1000702c f   LIBCMT:exsup.obj
 0001:00006035       __NLG_Notify               10007035 f   LIBCMT:exsup.obj
 0001:0000604c       __NLG_Dispatch2            1000704c     LIBCMT:exsup.obj
 0001:0000604c       __NLG_Dispatch             1000704c     LIBCMT:exsup.obj
 0001:00006054       __NLG_Call                 10007054 f   LIBCMT:exsup.obj
 0001:00006056       __NLG_Return2              10007056     LIBCMT:exsup.obj
 0001:00006120       __ValidateEH3RN            10007120 f   LIBCMT:eh3valid.obj
 0001:00006470       __ValidateImageBase        10007470 f   LIBCMT:pesect.obj
 0001:000064b0       __FindPESection            100074b0 f   LIBCMT:pesect.obj
 0001:00006500       __IsNonwritableInCurrentImage 10007500 f   LIBCMT:pesect.obj
 0001:000065bc       @__security_check_cookie@4 100075bc f   LIBCMT:secchk.obj
 0001:000065d0       __except_handler4          100075d0 f   LIBCMT:chandler4.obj
 0001:0000675f       ___report_gsfailure        1000775f f   LIBCMT:gs_report.obj
 0001:00006870       __local_unwind4            10007870 f   LIBCMT:exsup4.obj
 0001:00006946       __seh_longjmp_unwind4@4    10007946 f   LIBCMT:exsup4.obj
 0001:00006962       @_EH4_CallFilterFunc@8     10007962 f   LIBCMT:exsup4.obj
 0001:00006979       @_EH4_TransferToHandler@8  10007979 f   LIBCMT:exsup4.obj
 0001:00006992       @_EH4_GlobalUnwind2@8      10007992 f   LIBCMT:exsup4.obj
 0001:000069ab       @_EH4_LocalUnwind@16       100079ab f   LIBCMT:exsup4.obj
 0001:000069c2       __crt_debugger_hook        100079c2 f   LIBCMT:dbghook.obj
 0001:000069ca       _RtlUnwind@16              100079ca f   kernel32:KERNEL32.dll
 0001:00006a1c       __IMPORT_DESCRIPTOR_KERNEL32 10007a1c     kernel32:KERNEL32.dll
 0001:00006a30       __IMPORT_DESCRIPTOR_USER32 10007a30     user32:USER32.dll
 0001:00006a44       __IMPORT_DESCRIPTOR_SHELL32 10007a44     shell32:SHELL32.dll
 0001:00006a58       __IMPORT_DESCRIPTOR_ole32  10007a58     ole32:ole32.dll
 0001:00006a6c       __NULL_IMPORT_DESCRIPTOR   10007a6c     kernel32:KERNEL32.dll
 0002:00000000       ?g_szTopicMain@@3PB_WB     10009000     Plugin.obj
 0002:00000004       ?g_szTopicConfig@@3PB_WB   10009004     Plugin.obj
 0002:00000008       ?g_szTopicChooseMenuType@@3PB_WB 10009008     Plugin.obj
 0002:0000000c       ?g_szTopicContextMenu@@3PB_WB 1000900c     Plugin.obj
 0002:00000010       ?g_szTopicMyComp@@3PB_WB   10009010     Plugin.obj
 0002:00000014       ?g_szTopicError0@@3PB_WB   10009014     Plugin.obj
 0002:00000018       ?g_szTopicError1@@3PB_WB   10009018     Plugin.obj
 0002:0000001c       ?g_szTopicError2@@3PB_WB   1000901c     Plugin.obj
 0002:00000020       ?g_szTopicClose@@3PB_WB    10009020     Plugin.obj
 0002:00000030       __NLG_Destination          10009030     LIBCMT:exsup.obj
 0002:00000040       ___security_cookie         10009040     LIBCMT:gs_cookie.obj
 0002:00000044       ___security_cookie_complement 10009044     LIBCMT:gs_cookie.obj
 0002:00000050       ?thePlug@@3PAVCPlugin@@A   10009050     EMenu.obj
 0002:00000054       ?nItem@OpenPluginArgs@OleThread@@3HA 10009054     OleThread.obj
 0002:00000058       ?enRes@OpenPluginArgs@OleThread@@3W4EDoMenu@CPlugin@@A 10009058     OleThread.obj
 0002:0000005c       ?nOpenFrom@OpenPluginArgs@OleThread@@3HA 1000905c     OleThread.obj
 0002:00000060       ?hTerminator@OleThread@@3PAVCThreadTerminator@1@A 10009060     OleThread.obj
 0002:00000064       ?hNeedInvoke@OleThread@@3PAVCHandle@@A 10009064     OleThread.obj
 0002:00000068       ?hInvokeDone@OleThread@@3PAVCHandle@@A 10009068     OleThread.obj
 0002:0000006c       ?hStop@OleThread@@3PAVCHandle@@A 1000906c     OleThread.obj
 0002:00000070       ?hThread@OleThread@@3PAXA  10009070     OleThread.obj
 0002:00000c44       __debugger_hook_dummy      10009c44     <common>
 0002:00000c48       __pDestructExceptionObject 10009c48     <common>

 entry point at        0001:00000610

 Static symbols

 0001:00005b30       ?ReturnSamePointer@@YGPAXPAX@Z 10006b30 f   vc10wrapper.obj
 0001:00005b40       ??$Wrapper@$0A@@@YGPAXPAX@Z 10006b40 f   vc10wrapper.obj
 0001:00005bb0       ??$Wrapper@$00@@YGPAXPAX@Z 10006bb0 f   vc10wrapper.obj
 0001:00005f40       __unwind_handler           10006f40 f   LIBCMT:exsup.obj
 0001:00006060       _ValidateScopeTableHandlers 10007060 f   LIBCMT:eh3valid.obj
 0001:00006900       __unwind_handler4          10007900 f   LIBCMT:exsup4.obj
