 ftpDirList

 Timestamp is 4f45750a (Thu Feb 23 00:06:50 2012)

 Preferred load address is 10000000

 Start         Length     Name                   Class
 0001:00000000 00000128H .idata$5                CODE
 0001:00000128 00000004H .CRT$XCA                CODE
 0001:0000012c 00000004H .CRT$XCZ                CODE
 0001:00000130 00000004H .CRT$XIA                CODE
 0001:00000134 00000010H .CRT$XIC                CODE
 0001:00000144 00000004H .CRT$XIZ                CODE
 0001:00000148 00000004H .CRT$XPA                CODE
 0001:0000014c 00000004H .CRT$XPX                CODE
 0001:00000150 00000004H .CRT$XPXA               CODE
 0001:00000154 00000004H .CRT$XPZ                CODE
 0001:00000158 00000004H .CRT$XTA                CODE
 0001:0000015c 00000004H .CRT$XTZ                CODE
 0001:00000160 00002478H .rdata                  CODE
 0001:000025d8 000000dcH .rdata$r                CODE
 0001:000026c0 0000000cH .rdata$sxdata           CODE
 0001:000026cc 00000004H .rtc$IAA                CODE
 0001:000026d0 00000004H .rtc$IZZ                CODE
 0001:000026d4 00000004H .rtc$TAA                CODE
 0001:000026d8 00000004H .rtc$TZZ                CODE
 0001:000026e0 0000d36cH .text                   CODE
 0001:0000fa4c 00000014H .text$yd                CODE
 0001:0000fa60 0000038cH .xdata$x                CODE
 0001:0000fdec 00000014H .idata$2                CODE
 0001:0000fe00 00000014H .idata$3                CODE
 0001:0000fe14 00000128H .idata$4                CODE
 0001:0000ff3c 00000568H .idata$6                CODE
 0001:000104b0 00000053H .edata                  CODE
 0002:00000000 00001148H .data                   DATA
 0002:00001160 00001f20H .bss                    DATA
 0003:00000000 00000058H .rsrc$01                DATA
 0003:00000060 00000370H .rsrc$02                DATA

  Address         Publics by Value              Rva+Base       Lib:Object

 0000:00000000       __except_list              00000000     <absolute>
 0000:00000003       ___safe_se_handler_count   00000003     <absolute>
 0000:00000000       ___ImageBase               10000000     <linker-defined>
 0001:00000000       __imp__FileTimeToSystemTime@8 10001000     kernel32:KERNEL32.dll
 0001:00000004       __imp__FileTimeToLocalFileTime@8 10001004     kernel32:KERNEL32.dll
 0001:00000008       __imp__CompareFileTime@8   10001008     kernel32:KERNEL32.dll
 0001:0000000c       __imp__LocalFileTimeToFileTime@8 1000100c     kernel32:KERNEL32.dll
 0001:00000010       __imp__SystemTimeToFileTime@8 10001010     kernel32:KERNEL32.dll
 0001:00000014       __imp__GetLocalTime@4      10001014     kernel32:KERNEL32.dll
 0001:00000018       __imp__GetSystemTime@4     10001018     kernel32:KERNEL32.dll
 0001:0000001c       __imp__GetCurrentThreadId@0 1000101c     kernel32:KERNEL32.dll
 0001:00000020       __imp__GetCommandLineA@0   10001020     kernel32:KERNEL32.dll
 0001:00000024       __imp__GetCPInfo@8         10001024     kernel32:KERNEL32.dll
 0001:00000028       __imp__InterlockedIncrement@4 10001028     kernel32:KERNEL32.dll
 0001:0000002c       __imp__InterlockedDecrement@4 1000102c     kernel32:KERNEL32.dll
 0001:00000030       __imp__GetACP@0            10001030     kernel32:KERNEL32.dll
 0001:00000034       __imp__GetOEMCP@0          10001034     kernel32:KERNEL32.dll
 0001:00000038       __imp__IsValidCodePage@4   10001038     kernel32:KERNEL32.dll
 0001:0000003c       __imp__TlsAlloc@0          1000103c     kernel32:KERNEL32.dll
 0001:00000040       __imp__TlsGetValue@4       10001040     kernel32:KERNEL32.dll
 0001:00000044       __imp__TlsSetValue@8       10001044     kernel32:KERNEL32.dll
 0001:00000048       __imp__TlsFree@4           10001048     kernel32:KERNEL32.dll
 0001:0000004c       __imp__GetModuleHandleW@4  1000104c     kernel32:KERNEL32.dll
 0001:00000050       __imp__SetLastError@4      10001050     kernel32:KERNEL32.dll
 0001:00000054       __imp__GetLastError@0      10001054     kernel32:KERNEL32.dll
 0001:00000058       __imp__GetProcAddress@8    10001058     kernel32:KERNEL32.dll
 0001:0000005c       __imp__WideCharToMultiByte@32 1000105c     kernel32:KERNEL32.dll
 0001:00000060       __imp__LCMapStringW@24     10001060     kernel32:KERNEL32.dll
 0001:00000064       __imp__MultiByteToWideChar@24 10001064     kernel32:KERNEL32.dll
 0001:00000068       __imp__HeapFree@12         10001068     kernel32:KERNEL32.dll
 0001:0000006c       __imp__HeapAlloc@12        1000106c     kernel32:KERNEL32.dll
 0001:00000070       __imp__RaiseException@16   10001070     kernel32:KERNEL32.dll
 0001:00000074       __imp__IsProcessorFeaturePresent@4 10001074     kernel32:KERNEL32.dll
 0001:00000078       __imp__UnhandledExceptionFilter@4 10001078     kernel32:KERNEL32.dll
 0001:0000007c       __imp__SetUnhandledExceptionFilter@4 1000107c     kernel32:KERNEL32.dll
 0001:00000080       __imp__IsDebuggerPresent@0 10001080     kernel32:KERNEL32.dll
 0001:00000084       __imp__TerminateProcess@8  10001084     kernel32:KERNEL32.dll
 0001:00000088       __imp__GetCurrentProcess@0 10001088     kernel32:KERNEL32.dll
 0001:0000008c       __imp__GetTimeZoneInformation@4 1000108c     kernel32:KERNEL32.dll
 0001:00000090       __imp__Sleep@4             10001090     kernel32:KERNEL32.dll
 0001:00000094       __imp__ExitProcess@4       10001094     kernel32:KERNEL32.dll
 0001:00000098       __imp__SetHandleCount@4    10001098     kernel32:KERNEL32.dll
 0001:0000009c       __imp__GetStdHandle@4      1000109c     kernel32:KERNEL32.dll
 0001:000000a0       __imp__InitializeCriticalSectionAndSpinCount@8 100010a0     kernel32:KERNEL32.dll
 0001:000000a4       __imp__GetFileType@4       100010a4     kernel32:KERNEL32.dll
 0001:000000a8       __imp__GetStartupInfoW@4   100010a8     kernel32:KERNEL32.dll
 0001:000000ac       __imp__DeleteCriticalSection@4 100010ac     kernel32:KERNEL32.dll
 0001:000000b0       __imp__GetModuleFileNameA@12 100010b0     kernel32:KERNEL32.dll
 0001:000000b4       __imp__FreeEnvironmentStringsW@4 100010b4     kernel32:KERNEL32.dll
 0001:000000b8       __imp__GetEnvironmentStringsW@0 100010b8     kernel32:KERNEL32.dll
 0001:000000bc       __imp__HeapCreate@12       100010bc     kernel32:KERNEL32.dll
 0001:000000c0       __imp__HeapDestroy@4       100010c0     kernel32:KERNEL32.dll
 0001:000000c4       __imp__QueryPerformanceCounter@4 100010c4     kernel32:KERNEL32.dll
 0001:000000c8       __imp__GetTickCount@0      100010c8     kernel32:KERNEL32.dll
 0001:000000cc       __imp__GetCurrentProcessId@0 100010cc     kernel32:KERNEL32.dll
 0001:000000d0       __imp__GetSystemTimeAsFileTime@4 100010d0     kernel32:KERNEL32.dll
 0001:000000d4       __imp__GetStringTypeW@16   100010d4     kernel32:KERNEL32.dll
 0001:000000d8       __imp__LeaveCriticalSection@4 100010d8     kernel32:KERNEL32.dll
 0001:000000dc       __imp__EnterCriticalSection@4 100010dc     kernel32:KERNEL32.dll
 0001:000000e0       __imp__HeapSize@12         100010e0     kernel32:KERNEL32.dll
 0001:000000e4       __imp__WriteFile@20        100010e4     kernel32:KERNEL32.dll
 0001:000000e8       __imp__GetModuleFileNameW@12 100010e8     kernel32:KERNEL32.dll
 0001:000000ec       __imp__HeapReAlloc@16      100010ec     kernel32:KERNEL32.dll
 0001:000000f0       __imp__LoadLibraryW@4      100010f0     kernel32:KERNEL32.dll
 0001:000000f4       __imp__RtlUnwind@16        100010f4     kernel32:KERNEL32.dll
 0001:000000f8       __imp__ReadFile@20         100010f8     kernel32:KERNEL32.dll
 0001:000000fc       __imp__CompareStringW@24   100010fc     kernel32:KERNEL32.dll
 0001:00000100       __imp__SetEnvironmentVariableA@8 10001100     kernel32:KERNEL32.dll
 0001:00000104       __imp__SetFilePointer@16   10001104     kernel32:KERNEL32.dll
 0001:00000108       __imp__SetStdHandle@8      10001108     kernel32:KERNEL32.dll
 0001:0000010c       __imp__GetConsoleCP@0      1000110c     kernel32:KERNEL32.dll
 0001:00000110       __imp__GetConsoleMode@8    10001110     kernel32:KERNEL32.dll
 0001:00000114       __imp__FlushFileBuffers@4  10001114     kernel32:KERNEL32.dll
 0001:00000118       __imp__CloseHandle@4       10001118     kernel32:KERNEL32.dll
 0001:0000011c       __imp__WriteConsoleW@20    1000111c     kernel32:KERNEL32.dll
 0001:00000120       __imp__CreateFileW@28      10001120     kernel32:KERNEL32.dll
 0001:00000124       \177KERNEL32_NULL_THUNK_DATA 10001124     kernel32:KERNEL32.dll
 0001:00000128       ___xc_a                    10001128     LIBCMT:crt0init.obj
 0001:0000012c       ___xc_z                    1000112c     LIBCMT:crt0init.obj
 0001:00000130       ___xi_a                    10001130     LIBCMT:crt0init.obj
 0001:00000144       ___xi_z                    10001144     LIBCMT:crt0init.obj
 0001:00000148       ___xp_a                    10001148     LIBCMT:crt0init.obj
 0001:00000154       ___xp_z                    10001154     LIBCMT:crt0init.obj
 0001:00000158       ___xt_a                    10001158     LIBCMT:crt0init.obj
 0001:0000015c       ___xt_z                    1000115c     LIBCMT:crt0init.obj
 0001:00000160       ??_C@_0L@LKMKNEFL@MVS?5system?$AA@ 10001160     Main.obj
 0001:0000016c       ??_C@_07COGALDAG@MVS?5?5?5?5?$AA@ 1000116c     Main.obj
 0001:00000174       ??_C@_0L@IKDFEDGL@IBM?5OS?1400?$AA@ 10001174     Main.obj
 0001:00000180       ??_C@_07JLMCJDML@OS?1400?5?$AA@ 10001180     Main.obj
 0001:00000188       ??_C@_0BJ@LBJMKEKK@PC?1TCP?5v?52?411?5ftpsrv?4exe?$AA@ 10001188     Main.obj
 0001:000001a4       ??_C@_07PBOIJPJN@PC?1TCP?5?$AA@ 100011a4     Main.obj
 0001:000001ac       ??_C@_0BE@HAMJIDCJ@VX?5DOS?5style?5parser?$AA@ 100011ac     Main.obj
 0001:000001c0       ??_C@_07FNFMPKKL@VxWorks?$AA@ 100011c0     Main.obj
 0001:000001c8       ??_C@_0BE@FJIDFMJF@NETWARE?5file?5server?$AA@ 100011c8     Main.obj
 0001:000001dc       ??_C@_07GIGAFDLJ@Netware?$AA@ 100011dc     Main.obj
 0001:000001e4       ??_C@_0DC@FKONJBLM@File?5listing?5generated?5by?5some?5c@ 100011e4     Main.obj
 0001:00000218       ??_C@_07FPBIOEJD@Komut?5?5?$AA@ 10001218     Main.obj
 0001:00000220       ??_C@_0BD@JGGLDPLP@OS?12?5native?5format?$AA@ 10001220     Main.obj
 0001:00000234       ??_C@_07FILNJCIE@OS?12?5?5?5?$AA@ 10001234     Main.obj
 0001:0000023c       ??_C@_0BG@MDNCMFD@MAC?9OS?5TCP?1Connect?5II?$AA@ 1000123c     Main.obj
 0001:00000254       ??_C@_07MGCNBEDD@Mac?5TCP?$AA@ 10001254     Main.obj
 0001:0000025c       ??_C@_0BF@LHKBOBDO@CMS?5plain?5files?5list?$AA@ 1000125c     Main.obj
 0001:00000274       ??_C@_07FODDGJAA@CMS?5?5?5?5?$AA@ 10001274     Main.obj
 0001:0000027c       ??_C@_0BL@OBPCOENL@Comma?5delimited?5files?5list?$AA@ 1000127c     Main.obj
 0001:00000298       ??_C@_07HKKHKPCK@EPLF?5?5?5?$AA@ 10001298     Main.obj
 0001:000002a0       ??_C@_0L@OIFDONML@VMS?5system?$AA@ 100012a0     Main.obj
 0001:000002ac       ??_C@_07GKGIFGEP@VMS?5?5?5?5?$AA@ 100012ac     Main.obj
 0001:000002b4       ??_C@_0BB@GGPHKGML@DIR?9like?5listing?$AA@ 100012b4     Main.obj
 0001:000002c8       ??_C@_07LDLFNPGN@Windows?$AA@ 100012c8     Main.obj
 0001:000002d0       ??_C@_0BF@DJOJDKA@Classic?5unix?5listing?$AA@ 100012d0     Main.obj
 0001:000002e8       ??_C@_07LHDANCGM@Unix?5?5?5?$AA@ 100012e8     Main.obj
 0001:00000310       ??_C@_0L@KAHJENHK@?9RWXSTUGOL?$AA@ 10001310     Main.obj
 0001:0000031c       ??_C@_03EOGCPMJG@MVS?$AA@  1000131c     Main.obj
 0001:00000320       ??_C@_06JNDPFLAI@OS?1400?$AA@ 10001320     Main.obj
 0001:00000328       ??_C@_07GMELINGL@NETWARE?$AA@ 10001328     Main.obj
 0001:00000330       ??_C@_04OEKHDCJK@OS?12?$AA@ 10001330     Main.obj
 0001:00000338       ??_C@_03NNBLEKKM@VM?5?$AA@ 10001338     Main.obj
 0001:0000033c       ??_C@_06LCLELKLM@VM?1CMS?$AA@ 1000133c     Main.obj
 0001:00000344       ??_C@_03NJAJGAJJ@VMS?$AA@  10001344     Main.obj
 0001:00000348       ??_C@_0L@MKBJOBHN@Windows_NT?$AA@ 10001348     Main.obj
 0001:00000354       ??_C@_04LPMMAGEE@UNIX?$AA@ 10001354     Main.obj
 0001:0000035c       ??_C@_0BN@CNHDEIDJ@UNIX?5Type?3?5L8?5MAC?9OS?5MachTen?$AA@ 1000135c     Main.obj
 0001:0000037c       ??_C@_0L@JBBIFBDO@Windows_CE?$AA@ 1000137c     Main.obj
 0001:00000388       ??_C@_0BC@FBLIIHAC@MACOS?5WebSTAR?5FTP?$AA@ 10001388     Main.obj
 0001:0000039c       ??_C@_0BF@LNNBFFEN@MACOS?5Peter?8s?5Server?$AA@ 1000139c     Main.obj
 0001:000003b4       ??_C@_06BGAPLGPE@?$DMDIR?$DO?5?$AA@ 100013b4     dos.obj
 0001:000003bc       ??_C@_03DNALGGBA@DIR?$AA@  100013bc     os2.obj
 0001:000003e0       ??_C@_06HAFADDPI@?$DMdir?$DO?5?$AA@ 100013e0     pctcp.obj
 0001:000003e8       ??_C@_05ICGFBAIC@DW0?9?1?$AA@ 100013e8     skirdin.obj
 0001:00000418       ??_C@_04KEJMNPHE@?4DIR?$AA@ 10001418     skirdin.obj
 0001:00000420       ??_C@_04KJGHBCAI@?4dir?$AA@ 10001420     vms.obj
 0001:00000428       ??_C@_0BI@JJEODFEO@?9?9?9?9?9?9?9?9?5?5?5?5?5?5?5?9?9?9?9?9?9?5?5?$AA@ 10001428     vx.obj
 0001:00000440       ??_C@_0BH@PBKCNHJB@?5?5size?5?5?5?5?5?5?5?5?5?5date?5?5?$AA@ 10001440     vx.obj
 0001:00000458       ??_C@_05FIBHJBBH@?$DMDIR?$DO?$AA@ 10001458     vx.obj
 0001:00000460       ??_C@_0M@PGEDKJBP@?$CF4d?1?$CF2d?1?$CF2d?$AA@ 10001460     mvs.obj
 0001:0000046c       ??_C@_0BE@PMONBPNF@?$CF4d?1?$CF2d?1?$CF2d?5?$CF2d?3?$CF2d?$AA@ 1000146c     mvs.obj
 0001:00000480       ??_C@_01LFCBOECM@?4?$AA@   10001480     mvs.obj
 0001:00000484       ??_C@_02EMFKHFLK@?$CFX?$AA@ 10001484     mvs.obj
 0001:00000488       ??_C@_03BANDLMLJ@GDG?$AA@  10001488     mvs.obj
 0001:0000048c       ??_C@_04HBHDLLBA@PATH?$AA@ 1000148c     mvs.obj
 0001:00000494       ??_C@_02DKCKIIND@?$CFs?$AA@ 10001494     mvs.obj
 0001:00000498       ??_C@_04BBDFLMDN@?5?9?$DO?5?$AA@ 10001498     mvs.obj
 0001:000004a0       ??_C@_02DPKJAMEF@?$CFd?$AA@ 100014a0     mvs.obj
 0001:000004a4       ??_C@_09IFDFIIHG@?9offline?9?$AA@ 100014a4     mvs.obj
 0001:000004b0       ??_C@_0M@PKFMLGAM@Not?5Mounted?$AA@ 100014b0     mvs.obj
 0001:000004bc       ??_C@_0BN@EBPBCEOF@Error?5determining?5attributes?$AA@ 100014bc     mvs.obj
 0001:000004dc       ??_C@_04GDLJEEHK@VSAM?$AA@ 100014dc     mvs.obj
 0001:000004e4       ??_C@_0BH@MKODFJBN@User?5catalog?5connector?$AA@ 100014e4     mvs.obj
 0001:000004fc       ??_C@_0BB@JPFJNIKD@Pseudo?5Directory?$AA@ 100014fc     mvs.obj
 0001:00000510       ??_C@_04NNFDMGBL@?5PO?5?$AA@ 10001510     mvs.obj
 0001:00000518       ??_C@_0BM@LKMAINLN@No?5jobs?5found?5on?5Held?5queue?$AA@ 10001518     mvs.obj
 0001:00000538       ??_C@_0EP@LHEBDBNM@?5Name?5?5?5?5?5?5Size?5?5?5TTR?5?5?5Alias?9of@ 10001538     mvs.obj
 0001:00000588       ??_C@_0ED@NMEBCEPK@?5Name?5?5?5?5?5VV?4MM?5?5?5Created?5?5?5?5?5?5?5@ 10001588     mvs.obj
 0001:000005d0       ??_C@_0EA@CLHPIMAB@Volume?5Unit?5?5?5?5Referred?5Ext?5Used@ 100015d0     mvs.obj
 0001:00000614       ??_7bad_alloc@std@@6B@     10001614     LIBCMT:new.obj
 0001:0000061c       ??_C@_0P@GHFPNOJB@bad?5allocation?$AA@ 1000161c     LIBCMT:new.obj
 0001:0000062c       __pRawDllMain              1000162c     LIBCMT:dllcrt0.obj
 0001:0000062c       __pDefaultRawDllMain       1000162c     LIBCMT:dllcrt0.obj
 0001:00000630       ??_C@_1BC@GDGBMEMK@?$AAH?$AAH?$AA?3?$AAm?$AAm?$AA?3?$AAs?$AAs?$AA?$AA@ 10001630     LIBCMT:nlsdata2.obj
 0001:00000644       ??_C@_1CI@KNAKOEBC@?$AAd?$AAd?$AAd?$AAd?$AA?0?$AA?5?$AAM?$AAM?$AAM?$AAM?$AA?5?$AAd?$AAd?$AA?0?$AA?5?$AAy?$AAy?$AAy?$AAy?$AA?$AA@ 10001644     LIBCMT:nlsdata2.obj
 0001:0000066c       ??_C@_1BC@IEBCMHCM@?$AAM?$AAM?$AA?1?$AAd?$AAd?$AA?1?$AAy?$AAy?$AA?$AA@ 1000166c     LIBCMT:nlsdata2.obj
 0001:00000680       ??_C@_15CLMNNGEL@?$AAP?$AAM?$AA?$AA@ 10001680     LIBCMT:nlsdata2.obj
 0001:00000688       ??_C@_15ODEHAHHF@?$AAA?$AAM?$AA?$AA@ 10001688     LIBCMT:nlsdata2.obj
 0001:00000690       ??_C@_1BC@FEMKIFH@?$AAD?$AAe?$AAc?$AAe?$AAm?$AAb?$AAe?$AAr?$AA?$AA@ 10001690     LIBCMT:nlsdata2.obj
 0001:000006a4       ??_C@_1BC@BGLIFPF@?$AAN?$AAo?$AAv?$AAe?$AAm?$AAb?$AAe?$AAr?$AA?$AA@ 100016a4     LIBCMT:nlsdata2.obj
 0001:000006b8       ??_C@_1BA@EPANDLNG@?$AAO?$AAc?$AAt?$AAo?$AAb?$AAe?$AAr?$AA?$AA@ 100016b8     LIBCMT:nlsdata2.obj
 0001:000006c8       ??_C@_1BE@DKAAMBJL@?$AAS?$AAe?$AAp?$AAt?$AAe?$AAm?$AAb?$AAe?$AAr?$AA?$AA@ 100016c8     LIBCMT:nlsdata2.obj
 0001:000006dc       ??_C@_1O@PAHLKOAC@?$AAA?$AAu?$AAg?$AAu?$AAs?$AAt?$AA?$AA@ 100016dc     LIBCMT:nlsdata2.obj
 0001:000006ec       ??_C@_19BIFMLPCD@?$AAJ?$AAu?$AAl?$AAy?$AA?$AA@ 100016ec     LIBCMT:nlsdata2.obj
 0001:000006f8       ??_C@_19EPFLPGAP@?$AAJ?$AAu?$AAn?$AAe?$AA?$AA@ 100016f8     LIBCMT:nlsdata2.obj
 0001:00000704       ??_C@_1M@GJNLMHFD@?$AAA?$AAp?$AAr?$AAi?$AAl?$AA?$AA@ 10001704     LIBCMT:nlsdata2.obj
 0001:00000710       ??_C@_1M@IKEENEDF@?$AAM?$AAa?$AAr?$AAc?$AAh?$AA?$AA@ 10001710     LIBCMT:nlsdata2.obj
 0001:0000071c       ??_C@_1BC@JGDDFFAM@?$AAF?$AAe?$AAb?$AAr?$AAu?$AAa?$AAr?$AAy?$AA?$AA@ 1000171c     LIBCMT:nlsdata2.obj
 0001:00000730       ??_C@_1BA@EFMEIEBA@?$AAJ?$AAa?$AAn?$AAu?$AAa?$AAr?$AAy?$AA?$AA@ 10001730     LIBCMT:nlsdata2.obj
 0001:00000740       ??_C@_17EGKACKIF@?$AAD?$AAe?$AAc?$AA?$AA@ 10001740     LIBCMT:nlsdata2.obj
 0001:00000748       ??_C@_17BBDMLCIG@?$AAN?$AAo?$AAv?$AA?$AA@ 10001748     LIBCMT:nlsdata2.obj
 0001:00000750       ??_C@_17FNLKOI@?$AAO?$AAc?$AAt?$AA?$AA@ 10001750     LIBCMT:nlsdata2.obj
 0001:00000758       ??_C@_17HCHCOKMG@?$AAS?$AAe?$AAp?$AA?$AA@ 10001758     LIBCMT:nlsdata2.obj
 0001:00000760       ??_C@_17ICPELBCN@?$AAA?$AAu?$AAg?$AA?$AA@ 10001760     LIBCMT:nlsdata2.obj
 0001:00000768       ??_C@_17IJPCKHK@?$AAJ?$AAu?$AAl?$AA?$AA@ 10001768     LIBCMT:nlsdata2.obj
 0001:00000770       ??_C@_17KCJGOCPB@?$AAJ?$AAu?$AAn?$AA?$AA@ 10001770     LIBCMT:nlsdata2.obj
 0001:00000778       ??_C@_17PNNKMEED@?$AAM?$AAa?$AAy?$AA?$AA@ 10001778     LIBCMT:nlsdata2.obj
 0001:00000780       ??_C@_17LFPOIHDD@?$AAA?$AAp?$AAr?$AA?$AA@ 10001780     LIBCMT:nlsdata2.obj
 0001:00000788       ??_C@_17CKNLEDEC@?$AAM?$AAa?$AAr?$AA?$AA@ 10001788     LIBCMT:nlsdata2.obj
 0001:00000790       ??_C@_17LMDJEKJN@?$AAF?$AAe?$AAb?$AA?$AA@ 10001790     LIBCMT:nlsdata2.obj
 0001:00000798       ??_C@_17DKNBKCHM@?$AAJ?$AAa?$AAn?$AA?$AA@ 10001798     LIBCMT:nlsdata2.obj
 0001:000007a0       ??_C@_1BC@ENMNNPAJ@?$AAS?$AAa?$AAt?$AAu?$AAr?$AAd?$AAa?$AAy?$AA?$AA@ 100017a0     LIBCMT:nlsdata2.obj
 0001:000007b4       ??_C@_1O@PDICJHAG@?$AAF?$AAr?$AAi?$AAd?$AAa?$AAy?$AA?$AA@ 100017b4     LIBCMT:nlsdata2.obj
 0001:000007c4       ??_C@_1BC@HHMNLIHE@?$AAT?$AAh?$AAu?$AAr?$AAs?$AAd?$AAa?$AAy?$AA?$AA@ 100017c4     LIBCMT:nlsdata2.obj
 0001:000007d8       ??_C@_1BE@EBOGMDOH@?$AAW?$AAe?$AAd?$AAn?$AAe?$AAs?$AAd?$AAa?$AAy?$AA?$AA@ 100017d8     LIBCMT:nlsdata2.obj
 0001:000007ec       ??_C@_1BA@ENFBFFEK@?$AAT?$AAu?$AAe?$AAs?$AAd?$AAa?$AAy?$AA?$AA@ 100017ec     LIBCMT:nlsdata2.obj
 0001:000007fc       ??_C@_1O@MMNBFLIA@?$AAM?$AAo?$AAn?$AAd?$AAa?$AAy?$AA?$AA@ 100017fc     LIBCMT:nlsdata2.obj
 0001:0000080c       ??_C@_1O@IHNHDHPB@?$AAS?$AAu?$AAn?$AAd?$AAa?$AAy?$AA?$AA@ 1000180c     LIBCMT:nlsdata2.obj
 0001:0000081c       ??_C@_17GGIBDPIH@?$AAS?$AAa?$AAt?$AA?$AA@ 1000181c     LIBCMT:nlsdata2.obj
 0001:00000824       ??_C@_17HFOLPPLP@?$AAF?$AAr?$AAi?$AA?$AA@ 10001824     LIBCMT:nlsdata2.obj
 0001:0000082c       ??_C@_17PDPHAADD@?$AAT?$AAh?$AAu?$AA?$AA@ 1000182c     LIBCMT:nlsdata2.obj
 0001:00000834       ??_C@_17CJEDCEPE@?$AAW?$AAe?$AAd?$AA?$AA@ 10001834     LIBCMT:nlsdata2.obj
 0001:0000083c       ??_C@_17BMKGEGOJ@?$AAT?$AAu?$AAe?$AA?$AA@ 1000183c     LIBCMT:nlsdata2.obj
 0001:00000844       ??_C@_17KBOMKBF@?$AAM?$AAo?$AAn?$AA?$AA@ 10001844     LIBCMT:nlsdata2.obj
 0001:0000084c       ??_C@_17MBGCMIPB@?$AAS?$AAu?$AAn?$AA?$AA@ 1000184c     LIBCMT:nlsdata2.obj
 0001:00000854       ??_C@_08JCCMCCIL@HH?3mm?3ss?$AA@ 10001854     LIBCMT:nlsdata2.obj
 0001:00000860       ??_C@_0BE@CKGJFCPC@dddd?0?5MMMM?5dd?0?5yyyy?$AA@ 10001860     LIBCMT:nlsdata2.obj
 0001:00000874       ??_C@_08BPBNCDIB@MM?1dd?1yy?$AA@ 10001874     LIBCMT:nlsdata2.obj
 0001:00000880       ??_C@_02CJNFDJBF@PM?$AA@   10001880     LIBCMT:nlsdata2.obj
 0001:00000884       ??_C@_02DEDBPAFC@AM?$AA@   10001884     LIBCMT:nlsdata2.obj
 0001:00000888       ??_C@_08EDHMEBNP@December?$AA@ 10001888     LIBCMT:nlsdata2.obj
 0001:00000894       ??_C@_08HCHEGEOA@November?$AA@ 10001894     LIBCMT:nlsdata2.obj
 0001:000008a0       ??_C@_07JJNFCEND@October?$AA@ 100018a0     LIBCMT:nlsdata2.obj
 0001:000008a8       ??_C@_09BHHEALKD@September?$AA@ 100018a8     LIBCMT:nlsdata2.obj
 0001:000008b4       ??_C@_06LBBHFDDG@August?$AA@ 100018b4     LIBCMT:nlsdata2.obj
 0001:000008bc       ??_C@_04MIEPOIFP@July?$AA@ 100018bc     LIBCMT:nlsdata2.obj
 0001:000008c4       ??_C@_04CNLMGBGM@June?$AA@ 100018c4     LIBCMT:nlsdata2.obj
 0001:000008cc       ??_C@_05DMJDNLEJ@April?$AA@ 100018cc     LIBCMT:nlsdata2.obj
 0001:000008d4       ??_C@_05HPCKOFNC@March?$AA@ 100018d4     LIBCMT:nlsdata2.obj
 0001:000008dc       ??_C@_08GNJGEPFN@February?$AA@ 100018dc     LIBCMT:nlsdata2.obj
 0001:000008e8       ??_C@_07CGJPFGJA@January?$AA@ 100018e8     LIBCMT:nlsdata2.obj
 0001:000008f0       ??_C@_03MKABNOCG@Dec?$AA@  100018f0     LIBCMT:nlsdata2.obj
 0001:000008f4       ??_C@_03JPJOFNIA@Nov?$AA@  100018f4     LIBCMT:nlsdata2.obj
 0001:000008f8       ??_C@_03BMAOKBAD@Oct?$AA@  100018f8     LIBCMT:nlsdata2.obj
 0001:000008fc       ??_C@_03GGCAPAJC@Sep?$AA@  100018fc     LIBCMT:nlsdata2.obj
 0001:00000900       ??_C@_03IFJFEIGA@Aug?$AA@  10001900     LIBCMT:nlsdata2.obj
 0001:00000904       ??_C@_03LBGABGKK@Jul?$AA@  10001904     LIBCMT:nlsdata2.obj
 0001:00000908       ??_C@_03IDFGHECI@Jun?$AA@  10001908     LIBCMT:nlsdata2.obj
 0001:0000090c       ??_C@_03CNMDKL@May?$AA@    1000190c     LIBCMT:nlsdata2.obj
 0001:00000910       ??_C@_03LEOLGMJP@Apr?$AA@  10001910     LIBCMT:nlsdata2.obj
 0001:00000914       ??_C@_03ODNJBKGA@Mar?$AA@  10001914     LIBCMT:nlsdata2.obj
 0001:00000918       ??_C@_03HJBDCHOM@Feb?$AA@  10001918     LIBCMT:nlsdata2.obj
 0001:0000091c       ??_C@_03JIHJHPIE@Jan?$AA@  1000191c     LIBCMT:nlsdata2.obj
 0001:00000920       ??_C@_08INBOOONO@Saturday?$AA@ 10001920     LIBCMT:nlsdata2.obj
 0001:0000092c       ??_C@_06JECMNKMI@Friday?$AA@ 1000192c     LIBCMT:nlsdata2.obj
 0001:00000934       ??_C@_08HACCIKIA@Thursday?$AA@ 10001934     LIBCMT:nlsdata2.obj
 0001:00000940       ??_C@_09DLIGFAKA@Wednesday?$AA@ 10001940     LIBCMT:nlsdata2.obj
 0001:0000094c       ??_C@_07BAAGCFCM@Tuesday?$AA@ 1000194c     LIBCMT:nlsdata2.obj
 0001:00000954       ??_C@_06JLEDEDGH@Monday?$AA@ 10001954     LIBCMT:nlsdata2.obj
 0001:0000095c       ??_C@_06OOPIFAJ@Sunday?$AA@ 1000195c     LIBCMT:nlsdata2.obj
 0001:00000964       ??_C@_03FEFJNEK@Sat?$AA@   10001964     LIBCMT:nlsdata2.obj
 0001:00000968       ??_C@_03IDIOELNC@Fri?$AA@  10001968     LIBCMT:nlsdata2.obj
 0001:0000096c       ??_C@_03IOFIKPDN@Thu?$AA@  1000196c     LIBCMT:nlsdata2.obj
 0001:00000970       ??_C@_03MHOMLAJA@Wed?$AA@  10001970     LIBCMT:nlsdata2.obj
 0001:00000974       ??_C@_03NAGEINEP@Tue?$AA@  10001974     LIBCMT:nlsdata2.obj
 0001:00000978       ??_C@_03PDAGKDH@Mon?$AA@   10001978     LIBCMT:nlsdata2.obj
 0001:0000097c       ??_C@_03KOEHGMDN@Sun?$AA@  1000197c     LIBCMT:nlsdata2.obj
 0001:00000980       ??_C@_1BK@DBDEIDLH@?$AAK?$AAE?$AAR?$AAN?$AAE?$AAL?$AA3?$AA2?$AA?4?$AAD?$AAL?$AAL?$AA?$AA@ 10001980     LIBCMT:tidtable.obj
 0001:0000099c       ??_C@_07PEJMOBNF@FlsFree?$AA@ 1000199c     LIBCMT:tidtable.obj
 0001:000009a4       ??_C@_0M@JCPCPOEF@FlsSetValue?$AA@ 100019a4     LIBCMT:tidtable.obj
 0001:000009b0       ??_C@_0M@GDNOONDI@FlsGetValue?$AA@ 100019b0     LIBCMT:tidtable.obj
 0001:000009bc       ??_C@_08KNHFBNJ@FlsAlloc?$AA@ 100019bc     LIBCMT:tidtable.obj
 0001:00000a48       ??_C@_01NEMOKFLO@?$DN?$AA@ 10001a48     LIBCMT:setlocal.obj
 0001:00000a4a       ??_C@_00CNPNBAHC@?$AA@     10001a4a     LIBCMT:setlocal.obj
 0001:00000a50       ??_7exception@std@@6B@     10001a50     LIBCMT:stdexcpt.obj
 0001:00000a58       ??_C@_0BC@EOODALEL@Unknown?5exception?$AA@ 10001a58     LIBCMT:stdexcpt.obj
 0001:00000a70       ??_7type_info@@6B@         10001a70     LIBCMT:typinfo.obj
 0001:00000a94       ??_C@_02CLFPBFFP@TZ?$AA@   10001a94     LIBCMT:tzset.obj
 0001:00000a98       ___dnames                  10001a98     LIBCMT:timeset.obj
 0001:00000ab0       ___mnames                  10001ab0     LIBCMT:timeset.obj
 0001:00000ad8       ??_C@_0P@MIGLKIOC@CorExitProcess?$AA@ 10001ad8     LIBCMT:crt0dat.obj
 0001:00000ae8       ??_C@_1BI@BGOHAHKC@?$AAm?$AAs?$AAc?$AAo?$AAr?$AAe?$AAe?$AA?4?$AAd?$AAl?$AAl?$AA?$AA@ 10001ae8     LIBCMT:crt0dat.obj
 0001:00000b00       __XcptActTab               10001b00     LIBCMT:winxfltr.obj
 0001:00000b90       __First_FPE_Indx           10001b90     LIBCMT:winxfltr.obj
 0001:00000b94       __Num_FPE                  10001b94     LIBCMT:winxfltr.obj
 0001:00000b98       __XcptActTabSize           10001b98     LIBCMT:winxfltr.obj
 0001:00000b9c       __XcptActTabCount          10001b9c     LIBCMT:winxfltr.obj
 0001:00000ba0       ___newctype                10001ba0     LIBCMT:ctype.obj
 0001:00000ea0       __wctype                   10001ea0     LIBCMT:ctype.obj
 0001:000010a8       ___newclmap                100020a8     LIBCMT:ctype.obj
 0001:00001228       ___newcumap                10002228     LIBCMT:ctype.obj
 0001:000013a8       ??_C@_1BO@BKOMIGKJ@?$AAr?$AAu?$AAn?$AAt?$AAi?$AAm?$AAe?$AA?5?$AAe?$AAr?$AAr?$AAo?$AAr?$AA?5?$AA?$AA@ 100023a8     LIBCMT:crt0msg.obj
 0001:000013c8       ??_C@_15JNBOKNOG@?$AA?$AN?$AA?6?$AA?$AA@ 100023c8     LIBCMT:crt0msg.obj
 0001:000013d0       ??_C@_1BM@JBBEPPHI@?$AAT?$AAL?$AAO?$AAS?$AAS?$AA?5?$AAe?$AAr?$AAr?$AAo?$AAr?$AA?$AN?$AA?6?$AA?$AA@ 100023d0     LIBCMT:crt0msg.obj
 0001:000013ec       ??_C@_1BK@KMOMNAAI@?$AAS?$AAI?$AAN?$AAG?$AA?5?$AAe?$AAr?$AAr?$AAo?$AAr?$AA?$AN?$AA?6?$AA?$AA@ 100023ec     LIBCMT:crt0msg.obj
 0001:00001408       ??_C@_1BO@BFCDCGC@?$AAD?$AAO?$AAM?$AAA?$AAI?$AAN?$AA?5?$AAe?$AAr?$AAr?$AAo?$AAr?$AA?$AN?$AA?6?$AA?$AA@ 10002408     LIBCMT:crt0msg.obj
 0001:00001428       ??_C@_1BOO@KGEDBGAJ@?$AAR?$AA6?$AA0?$AA3?$AA3?$AA?$AN?$AA?6?$AA?9?$AA?5?$AAA?$AAt?$AAt?$AAe?$AAm?$AAp?$AAt?$AA?5?$AAt?$AAo?$AA?5?$AAu?$AAs?$AAe?$AA?5?$AAM?$AAS?$AAI?$AAL?$AA?5?$AAc?$AAo?$AAd@ 10002428     LIBCMT:crt0msg.obj
 0001:00001618       ??_C@_1GG@GOPILAJP@?$AAR?$AA6?$AA0?$AA3?$AA2?$AA?$AN?$AA?6?$AA?9?$AA?5?$AAn?$AAo?$AAt?$AA?5?$AAe?$AAn?$AAo?$AAu?$AAg?$AAh?$AA?5?$AAs?$AAp?$AAa?$AAc?$AAe?$AA?5?$AAf?$AAo?$AAr?$AA?5?$AAl?$AAo@ 10002618     LIBCMT:crt0msg.obj
 0001:00001680       ??_C@_1MG@ENCOOIDF@?$AAR?$AA6?$AA0?$AA3?$AA1?$AA?$AN?$AA?6?$AA?9?$AA?5?$AAA?$AAt?$AAt?$AAe?$AAm?$AAp?$AAt?$AA?5?$AAt?$AAo?$AA?5?$AAi?$AAn?$AAi?$AAt?$AAi?$AAa?$AAl?$AAi?$AAz?$AAe?$AA?5?$AAt@ 10002680     LIBCMT:crt0msg.obj
 0001:00001748       ??_C@_1DO@BMFCDCD@?$AAR?$AA6?$AA0?$AA3?$AA0?$AA?$AN?$AA?6?$AA?9?$AA?5?$AAC?$AAR?$AAT?$AA?5?$AAn?$AAo?$AAt?$AA?5?$AAi?$AAn?$AAi?$AAt?$AAi?$AAa?$AAl?$AAi?$AAz?$AAe?$AAd?$AA?$AN?$AA?6?$AA?$AA@ 10002748     LIBCMT:crt0msg.obj
 0001:00001788       ??_C@_1EK@HHFLMAOL@?$AAR?$AA6?$AA0?$AA2?$AA8?$AA?$AN?$AA?6?$AA?9?$AA?5?$AAu?$AAn?$AAa?$AAb?$AAl?$AAe?$AA?5?$AAt?$AAo?$AA?5?$AAi?$AAn?$AAi?$AAt?$AAi?$AAa?$AAl?$AAi?$AAz?$AAe?$AA?5?$AAh?$AAe@ 10002788     LIBCMT:crt0msg.obj
 0001:000017d8       ??_C@_1GK@MFGOKLAG@?$AAR?$AA6?$AA0?$AA2?$AA7?$AA?$AN?$AA?6?$AA?9?$AA?5?$AAn?$AAo?$AAt?$AA?5?$AAe?$AAn?$AAo?$AAu?$AAg?$AAh?$AA?5?$AAs?$AAp?$AAa?$AAc?$AAe?$AA?5?$AAf?$AAo?$AAr?$AA?5?$AAl?$AAo@ 100027d8     LIBCMT:crt0msg.obj
 0001:00001848       ??_C@_1GK@MCAAGJMO@?$AAR?$AA6?$AA0?$AA2?$AA6?$AA?$AN?$AA?6?$AA?9?$AA?5?$AAn?$AAo?$AAt?$AA?5?$AAe?$AAn?$AAo?$AAu?$AAg?$AAh?$AA?5?$AAs?$AAp?$AAa?$AAc?$AAe?$AA?5?$AAf?$AAo?$AAr?$AA?5?$AAs?$AAt@ 10002848     LIBCMT:crt0msg.obj
 0001:000018b8       ??_C@_1EM@MAADIHMB@?$AAR?$AA6?$AA0?$AA2?$AA5?$AA?$AN?$AA?6?$AA?9?$AA?5?$AAp?$AAu?$AAr?$AAe?$AA?5?$AAv?$AAi?$AAr?$AAt?$AAu?$AAa?$AAl?$AA?5?$AAf?$AAu?$AAn?$AAc?$AAt?$AAi?$AAo?$AAn?$AA?5?$AAc@ 100028b8     LIBCMT:crt0msg.obj
 0001:00001908       ??_C@_1GK@FHCKBEFA@?$AAR?$AA6?$AA0?$AA2?$AA4?$AA?$AN?$AA?6?$AA?9?$AA?5?$AAn?$AAo?$AAt?$AA?5?$AAe?$AAn?$AAo?$AAu?$AAg?$AAh?$AA?5?$AAs?$AAp?$AAa?$AAc?$AAe?$AA?5?$AAf?$AAo?$AAr?$AA?5?$AA_?$AAo@ 10002908     LIBCMT:crt0msg.obj
 0001:00001978       ??_C@_1FC@ECHBIFBC@?$AAR?$AA6?$AA0?$AA1?$AA9?$AA?$AN?$AA?6?$AA?9?$AA?5?$AAu?$AAn?$AAa?$AAb?$AAl?$AAe?$AA?5?$AAt?$AAo?$AA?5?$AAo?$AAp?$AAe?$AAn?$AA?5?$AAc?$AAo?$AAn?$AAs?$AAo?$AAl?$AAe?$AA?5@ 10002978     LIBCMT:crt0msg.obj
 0001:000019d0       ??_C@_1EC@JIBHAOPH@?$AAR?$AA6?$AA0?$AA1?$AA8?$AA?$AN?$AA?6?$AA?9?$AA?5?$AAu?$AAn?$AAe?$AAx?$AAp?$AAe?$AAc?$AAt?$AAe?$AAd?$AA?5?$AAh?$AAe?$AAa?$AAp?$AA?5?$AAe?$AAr?$AAr?$AAo?$AAr?$AA?$AN?$AA?6@ 100029d0     LIBCMT:crt0msg.obj
 0001:00001a18       ??_C@_1FK@BEOGODMC@?$AAR?$AA6?$AA0?$AA1?$AA7?$AA?$AN?$AA?6?$AA?9?$AA?5?$AAu?$AAn?$AAe?$AAx?$AAp?$AAe?$AAc?$AAt?$AAe?$AAd?$AA?5?$AAm?$AAu?$AAl?$AAt?$AAi?$AAt?$AAh?$AAr?$AAe?$AAa?$AAd?$AA?5@ 10002a18     LIBCMT:crt0msg.obj
 0001:00001a78       ??_C@_1FI@LOGNIKDM@?$AAR?$AA6?$AA0?$AA1?$AA6?$AA?$AN?$AA?6?$AA?9?$AA?5?$AAn?$AAo?$AAt?$AA?5?$AAe?$AAn?$AAo?$AAu?$AAg?$AAh?$AA?5?$AAs?$AAp?$AAa?$AAc?$AAe?$AA?5?$AAf?$AAo?$AAr?$AA?5?$AAt?$AAh@ 10002a78     LIBCMT:crt0msg.obj
 0001:00001ad0       ??_C@_1EG@BEHAGFJD@?$AAR?$AA6?$AA0?$AA1?$AA0?$AA?$AN?$AA?6?$AA?9?$AA?5?$AAa?$AAb?$AAo?$AAr?$AAt?$AA?$CI?$AA?$CJ?$AA?5?$AAh?$AAa?$AAs?$AA?5?$AAb?$AAe?$AAe?$AAn?$AA?5?$AAc?$AAa?$AAl?$AAl?$AAe?$AAd@ 10002ad0     LIBCMT:crt0msg.obj
 0001:00001b18       ??_C@_1FI@HONFMGBI@?$AAR?$AA6?$AA0?$AA0?$AA9?$AA?$AN?$AA?6?$AA?9?$AA?5?$AAn?$AAo?$AAt?$AA?5?$AAe?$AAn?$AAo?$AAu?$AAg?$AAh?$AA?5?$AAs?$AAp?$AAa?$AAc?$AAe?$AA?5?$AAf?$AAo?$AAr?$AA?5?$AAe?$AAn@ 10002b18     LIBCMT:crt0msg.obj
 0001:00001b70       ??_C@_1FE@LLNEDJMD@?$AAR?$AA6?$AA0?$AA0?$AA8?$AA?$AN?$AA?6?$AA?9?$AA?5?$AAn?$AAo?$AAt?$AA?5?$AAe?$AAn?$AAo?$AAu?$AAg?$AAh?$AA?5?$AAs?$AAp?$AAa?$AAc?$AAe?$AA?5?$AAf?$AAo?$AAr?$AA?5?$AAa?$AAr@ 10002b70     LIBCMT:crt0msg.obj
 0001:00001bc8       ??_C@_1FK@PGACCAFB@?$AAR?$AA6?$AA0?$AA0?$AA2?$AA?$AN?$AA?6?$AA?9?$AA?5?$AAf?$AAl?$AAo?$AAa?$AAt?$AAi?$AAn?$AAg?$AA?5?$AAp?$AAo?$AAi?$AAn?$AAt?$AA?5?$AAs?$AAu?$AAp?$AAp?$AAo?$AAr?$AAt?$AA?5@ 10002bc8     LIBCMT:crt0msg.obj
 0001:00001cd8       ??_C@_1EK@MBDPDCGA@?$AAM?$AAi?$AAc?$AAr?$AAo?$AAs?$AAo?$AAf?$AAt?$AA?5?$AAV?$AAi?$AAs?$AAu?$AAa?$AAl?$AA?5?$AAC?$AA?$CL?$AA?$CL?$AA?5?$AAR?$AAu?$AAn?$AAt?$AAi?$AAm?$AAe?$AA?5?$AAL?$AAi?$AAb@ 10002cd8     LIBCMT:crt0msg.obj
 0001:00001d24       ??_C@_15IABLJNFO@?$AA?6?$AA?6?$AA?$AA@ 10002d24     LIBCMT:crt0msg.obj
 0001:00001d2c       ??_C@_17LGKOMLJ@?$AA?4?$AA?4?$AA?4?$AA?$AA@ 10002d2c     LIBCMT:crt0msg.obj
 0001:00001d34       ??_C@_1CO@EAEJAADC@?$AA?$DM?$AAp?$AAr?$AAo?$AAg?$AAr?$AAa?$AAm?$AA?5?$AAn?$AAa?$AAm?$AAe?$AA?5?$AAu?$AAn?$AAk?$AAn?$AAo?$AAw?$AAn?$AA?$DO?$AA?$AA@ 10002d34     LIBCMT:crt0msg.obj
 0001:00001d64       ??_C@_1DE@JNGNBFGO@?$AAR?$AAu?$AAn?$AAt?$AAi?$AAm?$AAe?$AA?5?$AAE?$AAr?$AAr?$AAo?$AAr?$AA?$CB?$AA?6?$AA?6?$AAP?$AAr?$AAo?$AAg?$AAr?$AAa?$AAm?$AA?3?$AA?5?$AA?$AA@ 10002d64     LIBCMT:crt0msg.obj
 0001:00001da0       ??_C@_0BK@CFCOFLF@?5Complete?5Object?5Locator?8?$AA@ 10002da0     LIBCMT:undname.obj
 0001:00001dbc       ??_C@_0BN@MECKDCOJ@?5Class?5Hierarchy?5Descriptor?8?$AA@ 10002dbc     LIBCMT:undname.obj
 0001:00001ddc       ??_C@_0BD@LGICGFMM@?5Base?5Class?5Array?8?$AA@ 10002ddc     LIBCMT:undname.obj
 0001:00001df0       ??_C@_0BM@LDKODKLH@?5Base?5Class?5Descriptor?5at?5?$CI?$AA@ 10002df0     LIBCMT:undname.obj
 0001:00001e0c       ??_C@_0BC@DAFEJGAK@?5Type?5Descriptor?8?$AA@ 10002e0c     LIBCMT:undname.obj
 0001:00001e20       ??_C@_0BM@PMGGMLDN@?$GAlocal?5static?5thread?5guard?8?$AA@ 10002e20     LIBCMT:undname.obj
 0001:00001e3c       ??_C@_0CL@FGIJHLCE@?$GAmanaged?5vector?5copy?5constructor@ 10002e3c     LIBCMT:undname.obj
 0001:00001e68       ??_C@_0CJ@GJELGAMM@?$GAvector?5vbase?5copy?5constructor?5i@ 10002e68     LIBCMT:undname.obj
 0001:00001e94       ??_C@_0CD@CGAJBKEJ@?$GAvector?5copy?5constructor?5iterato@ 10002e94     LIBCMT:undname.obj
 0001:00001eb8       ??_C@_0CB@PDBIFEP@?$GAdynamic?5atexit?5destructor?5for?5?8@ 10002eb8     LIBCMT:undname.obj
 0001:00001edc       ??_C@_0BL@CLIPGLGB@?$GAdynamic?5initializer?5for?5?8?$AA@ 10002edc     LIBCMT:undname.obj
 0001:00001ef8       ??_C@_0CM@FCBBDIGB@?$GAeh?5vector?5vbase?5copy?5constructo@ 10002ef8     LIBCMT:undname.obj
 0001:00001f24       ??_C@_0CG@HLDDJMAG@?$GAeh?5vector?5copy?5constructor?5iter@ 10002f24     LIBCMT:undname.obj
 0001:00001f4c       ??_C@_0CF@IMGKMJNO@?$GAmanaged?5vector?5destructor?5itera@ 10002f4c     LIBCMT:undname.obj
 0001:00001f74       ??_C@_0CG@CFDHKGGD@?$GAmanaged?5vector?5constructor?5iter@ 10002f74     LIBCMT:undname.obj
 0001:00001f9c       ??_C@_0BN@CKNJLHMB@?$GAplacement?5delete?$FL?$FN?5closure?8?$AA@ 10002f9c     LIBCMT:undname.obj
 0001:00001fbc       ??_C@_0BL@CNOONJFP@?$GAplacement?5delete?5closure?8?$AA@ 10002fbc     LIBCMT:undname.obj
 0001:00001fd8       ??_C@_0P@HJKNJFNN@?$GAomni?5callsig?8?$AA@ 10002fd8     LIBCMT:undname.obj
 0001:00001fe8       ??_C@_09LBNFPBCA@?5delete?$FL?$FN?$AA@ 10002fe8     LIBCMT:undname.obj
 0001:00001ff4       ??_C@_06FHBGPFGH@?5new?$FL?$FN?$AA@ 10002ff4     LIBCMT:undname.obj
 0001:00001ffc       ??_C@_0CE@IIHCMGGL@?$GAlocal?5vftable?5constructor?5closu@ 10002ffc     LIBCMT:undname.obj
 0001:00002020       ??_C@_0BA@KKLDJDLB@?$GAlocal?5vftable?8?$AA@ 10003020     LIBCMT:undname.obj
 0001:00002030       ??_C@_05KHLCHHI@?$GARTTI?$AA@ 10003030     LIBCMT:undname.obj
 0001:00002038       ??_C@_03KLGMFNMG@?$GAEH?$AA@ 10003038     LIBCMT:undname.obj
 0001:0000203c       ??_C@_0BA@KBCDOMBN@?$GAudt?5returning?8?$AA@ 1000303c     LIBCMT:undname.obj
 0001:0000204c       ??_C@_0BL@LLKPOHJI@?$GAcopy?5constructor?5closure?8?$AA@ 1000304c     LIBCMT:undname.obj
 0001:00002068       ??_C@_0CH@OOJPLCPH@?$GAeh?5vector?5vbase?5constructor?5ite@ 10003068     LIBCMT:undname.obj
 0001:00002090       ??_C@_0CA@GCEOPDGL@?$GAeh?5vector?5destructor?5iterator?8?$AA@ 10003090     LIBCMT:undname.obj
 0001:000020b0       ??_C@_0CB@JONCMFFK@?$GAeh?5vector?5constructor?5iterator?8@ 100030b0     LIBCMT:undname.obj
 0001:000020d4       ??_C@_0BL@NILFHHPC@?$GAvirtual?5displacement?5map?8?$AA@ 100030d4     LIBCMT:undname.obj
 0001:000020f0       ??_C@_0CE@IKBNEHA@?$GAvector?5vbase?5constructor?5iterat@ 100030f0     LIBCMT:undname.obj
 0001:00002114       ??_C@_0BN@LFPFMEDL@?$GAvector?5destructor?5iterator?8?$AA@ 10003114     LIBCMT:undname.obj
 0001:00002134       ??_C@_0BO@PFGOCPJJ@?$GAvector?5constructor?5iterator?8?$AA@ 10003134     LIBCMT:undname.obj
 0001:00002154       ??_C@_0BN@IMDCHIKM@?$GAscalar?5deleting?5destructor?8?$AA@ 10003154     LIBCMT:undname.obj
 0001:00002174       ??_C@_0BO@OBMKPJIG@?$GAdefault?5constructor?5closure?8?$AA@ 10003174     LIBCMT:undname.obj
 0001:00002194       ??_C@_0BN@DEGPLNFK@?$GAvector?5deleting?5destructor?8?$AA@ 10003194     LIBCMT:undname.obj
 0001:000021b4       ??_C@_0BD@JDLKDPAB@?$GAvbase?5destructor?8?$AA@ 100031b4     LIBCMT:undname.obj
 0001:000021c8       ??_C@_08OBABFOLI@?$GAstring?8?$AA@ 100031c8     LIBCMT:undname.obj
 0001:000021d4       ??_C@_0BF@KDPPACIK@?$GAlocal?5static?5guard?8?$AA@ 100031d4     LIBCMT:undname.obj
 0001:000021ec       ??_C@_08LLFFHHDJ@?$GAtypeof?8?$AA@ 100031ec     LIBCMT:undname.obj
 0001:000021f8       ??_C@_07FEEIOKP@?$GAvcall?8?$AA@ 100031f8     LIBCMT:undname.obj
 0001:00002200       ??_C@_09BLBHBJP@?$GAvbtable?8?$AA@ 10003200     LIBCMT:undname.obj
 0001:0000220c       ??_C@_09IFPLHPGF@?$GAvftable?8?$AA@ 1000320c     LIBCMT:undname.obj
 0001:00002218       ??_C@_02MHEGNOJ@?$FO?$DN?$AA@ 10003218     LIBCMT:undname.obj
 0001:0000221c       ??_C@_02DHLNPPGH@?$HM?$DN?$AA@ 1000321c     LIBCMT:undname.obj
 0001:00002220       ??_C@_02FGJGFEAB@?$CG?$DN?$AA@ 10003220     LIBCMT:undname.obj
 0001:00002224       ??_C@_03CDNPDDLA@?$DM?$DM?$DN?$AA@ 10003224     LIBCMT:undname.obj
 0001:00002228       ??_C@_03IKFCCPFF@?$DO?$DO?$DN?$AA@ 10003228     LIBCMT:undname.obj
 0001:0000222c       ??_C@_02FENAOKFI@?$CF?$DN?$AA@ 1000322c     LIBCMT:undname.obj
 0001:00002230       ??_C@_02FJEHGPIO@?1?$DN?$AA@ 10003230     LIBCMT:undname.obj
 0001:00002234       ??_C@_02FKMDLLOA@?9?$DN?$AA@ 10003234     LIBCMT:undname.obj
 0001:00002238       ??_C@_02FOEOMHFC@?$CL?$DN?$AA@ 10003238     LIBCMT:undname.obj
 0001:0000223c       ??_C@_02FPIMKNGF@?$CK?$DN?$AA@ 1000323c     LIBCMT:undname.obj
 0001:00002240       ??_C@_02NONPIBCD@?$HM?$HM?$AA@ 10003240     LIBCMT:undname.obj
 0001:00002244       ??_C@_02PPKAJPJL@?$CG?$CG?$AA@ 10003244     LIBCMT:undname.obj
 0001:00002248       ??_C@_01DNKMNLPK@?$HM?$AA@ 10003248     LIBCMT:undname.obj
 0001:0000224c       ??_C@_01JKBOJNNK@?$FO?$AA@ 1000324c     LIBCMT:undname.obj
 0001:00002250       ??_C@_01PJKLJHI@?$HO?$AA@  10003250     LIBCMT:undname.obj
 0001:00002254       ??_C@_02HCKGKOFO@?$CI?$CJ?$AA@ 10003254     LIBCMT:undname.obj
 0001:00002258       ??_C@_01IHBHIGKO@?0?$AA@   10003258     LIBCMT:undname.obj
 0001:0000225c       ??_C@_02EEKDKGMJ@?$DO?$DN?$AA@ 1000325c     LIBCMT:undname.obj
 0001:00002260       ??_C@_01PPODPGHN@?$DO?$AA@ 10003260     LIBCMT:undname.obj
 0001:00002264       ??_C@_02EHCHHCKH@?$DM?$DN?$AA@ 10003264     LIBCMT:undname.obj
 0001:00002268       ??_C@_01MNNFJEPP@?$DM?$AA@ 10003268     LIBCMT:undname.obj
 0001:0000226c       ??_C@_01FGNFDNOH@?$CF?$AA@ 1000326c     LIBCMT:undname.obj
 0001:00002270       ??_C@_01KMDKNFGN@?1?$AA@   10003270     LIBCMT:undname.obj
 0001:00002274       ??_C@_03MNHNFDLC@?9?$DO?$CK?$AA@ 10003274     LIBCMT:undname.obj
 0001:00002278       ??_C@_01HNPIGOCE@?$CG?$AA@ 10003278     LIBCMT:undname.obj
 0001:0000227c       ??_C@_01MIFGBAGJ@?$CL?$AA@ 1000327c     LIBCMT:undname.obj
 0001:00002280       ??_C@_01JOAMLHOP@?9?$AA@   10003280     LIBCMT:undname.obj
 0001:00002284       ??_C@_02BAABKJLB@?9?9?$AA@ 10003284     LIBCMT:undname.obj
 0001:00002288       ??_C@_02ECNGHCIF@?$CL?$CL?$AA@ 10003288     LIBCMT:undname.obj
 0001:0000228c       ??_C@_01NBENCBCI@?$CK?$AA@ 1000328c     LIBCMT:undname.obj
 0001:00002290       ??_C@_02HBOOOICD@?9?$DO?$AA@ 10003290     LIBCMT:undname.obj
 0001:00002294       ??_C@_08LHJFAFGD@operator?$AA@ 10003294     LIBCMT:undname.obj
 0001:000022a0       ??_C@_02GPECMEKF@?$FL?$FN?$AA@ 100032a0     LIBCMT:undname.obj
 0001:000022a4       ??_C@_02FDNJECIE@?$CB?$DN?$AA@ 100032a4     LIBCMT:undname.obj
 0001:000022a8       ??_C@_02EGOFBIJA@?$DN?$DN?$AA@ 100032a8     LIBCMT:undname.obj
 0001:000022ac       ??_C@_01DCLJPIOD@?$CB?$AA@ 100032ac     LIBCMT:undname.obj
 0001:000022b0       ??_C@_02FODMEDOG@?$DM?$DM?$AA@ 100032b0     LIBCMT:undname.obj
 0001:000022b4       ??_C@_02GPIOPFAK@?$DO?$DO?$AA@ 100032b4     LIBCMT:undname.obj
 0001:000022b8       ??_C@_07FPCDHGMM@?5delete?$AA@ 100032b8     LIBCMT:undname.obj
 0001:000022c0       ??_C@_04NIHEBCM@?5new?$AA@ 100032c0     LIBCMT:undname.obj
 0001:000022c8       ??_C@_0M@GFIIJFMG@__unaligned?$AA@ 100032c8     LIBCMT:undname.obj
 0001:000022d4       ??_C@_0L@PILCLIHE@__restrict?$AA@ 100032d4     LIBCMT:undname.obj
 0001:000022e0       ??_C@_07JOMMBBKO@__ptr64?$AA@ 100032e0     LIBCMT:undname.obj
 0001:000022e8       ??_C@_06GHPCKEAG@__eabi?$AA@ 100032e8     LIBCMT:undname.obj
 0001:000022f0       ??_C@_09HIJEGCPM@__clrcall?$AA@ 100032f0     LIBCMT:undname.obj
 0001:000022fc       ??_C@_0L@JMKHOMEK@__fastcall?$AA@ 100032fc     LIBCMT:undname.obj
 0001:00002308       ??_C@_0L@NPHFGOKO@__thiscall?$AA@ 10003308     LIBCMT:undname.obj
 0001:00002314       ??_C@_09IFJBGAPI@__stdcall?$AA@ 10003314     LIBCMT:undname.obj
 0001:00002320       ??_C@_08GHMPAG@__pascal?$AA@ 10003320     LIBCMT:undname.obj
 0001:0000232c       ??_C@_07KOLFKCDI@__cdecl?$AA@ 1000332c     LIBCMT:undname.obj
 0001:00002334       ??_C@_08EHJDFFNH@__based?$CI?$AA@ 10003334     LIBCMT:undname.obj
 0001:000024c4       ??_C@_0BI@DFKBFLJE@GetProcessWindowStation?$AA@ 100034c4     LIBCMT:crtmboxw.obj
 0001:000024dc       ??_C@_0BK@DEKFELLI@GetUserObjectInformationW?$AA@ 100034dc     LIBCMT:crtmboxw.obj
 0001:000024f8       ??_C@_0BD@HHGDFDBJ@GetLastActivePopup?$AA@ 100034f8     LIBCMT:crtmboxw.obj
 0001:0000250c       ??_C@_0BA@HNOPNCHB@GetActiveWindow?$AA@ 1000350c     LIBCMT:crtmboxw.obj
 0001:0000251c       ??_C@_0M@DLDCCGNP@MessageBoxW?$AA@ 1000351c     LIBCMT:crtmboxw.obj
 0001:00002528       ??_C@_1BG@GOEBHBDC@?$AAU?$AAS?$AAE?$AAR?$AA3?$AA2?$AA?4?$AAD?$AAL?$AAL?$AA?$AA@ 10003528     LIBCMT:crtmboxw.obj
 0001:00002540       ??_C@_1BA@BALFACEM@?$AAC?$AAO?$AAN?$AAO?$AAU?$AAT?$AA$?$AA?$AA@ 10003540     LIBCMT:initcon.obj
 0001:00002550       __imp__EncodePointer@4     10003550     FsdLib:vc10.obj
 0001:00002554       __imp__DecodePointer@4     10003554     FsdLib:vc10.obj
 0001:00002558       ??_C@_0O@KBPMFGHI@DecodePointer?$AA@ 10003558     FsdLib:vc10wrapper.obj
 0001:00002568       ??_C@_0O@NLDKAIKN@EncodePointer?$AA@ 10003568     FsdLib:vc10wrapper.obj
 0001:00002578       ??_C@_1BC@GDMECMAK@?$AAk?$AAe?$AAr?$AAn?$AAe?$AAl?$AA3?$AA2?$AA?$AA@ 10003578     FsdLib:vc10wrapper.obj
 0001:00002590       __load_config_used         10003590     LIBCMT:loadcfg.obj
 0001:000025d8       ??_R4bad_alloc@std@@6B@    100035d8     LIBCMT:new.obj
 0001:000025ec       ??_R3bad_alloc@std@@8      100035ec     LIBCMT:new.obj
 0001:000025fc       ??_R2bad_alloc@std@@8      100035fc     LIBCMT:new.obj
 0001:00002608       ??_R1A@?0A@EA@bad_alloc@std@@8 10003608     LIBCMT:new.obj
 0001:00002624       ??_R1A@?0A@EA@exception@std@@8 10003624     LIBCMT:new.obj
 0001:00002640       ??_R3exception@std@@8      10003640     LIBCMT:new.obj
 0001:00002650       ??_R2exception@std@@8      10003650     LIBCMT:new.obj
 0001:00002658       ??_R4exception@std@@6B@    10003658     LIBCMT:stdexcpt.obj
 0001:0000266c       ??_R4type_info@@6B@        1000366c     LIBCMT:typinfo.obj
 0001:00002680       ??_R3type_info@@8          10003680     LIBCMT:typinfo.obj
 0001:00002690       ??_R2type_info@@8          10003690     LIBCMT:typinfo.obj
 0001:00002698       ??_R1A@?0A@EA@type_info@@8 10003698     LIBCMT:typinfo.obj
 0001:000026c0       ___safe_se_handler_table   100036c0     <linker-defined>
 0001:000026cc       ___rtc_iaa                 100036cc     LIBCMT:_initsect_.obj
 0001:000026d0       ___rtc_izz                 100036d0     LIBCMT:_initsect_.obj
 0001:000026d4       ___rtc_taa                 100036d4     LIBCMT:_initsect_.obj
 0001:000026d8       ___rtc_tzz                 100036d8     LIBCMT:_initsect_.obj
 0001:000026e0       __alloca_probe             100036e0     chkstk.obj
 0001:000026e0       __chkstk                   100036e0 f   chkstk.obj
 0001:00002710       _FTPQueryInterface@4       10003710 f   All.obj
 0001:00002740       _DllMain@12                10003740 f   All.obj
 0001:00002760       ?StrCmp@@YGHPBD0HH@Z       10003760 f   All.obj
 0001:00002770       ?StrCpy@@YGPADPADPBDH@Z    10003770 f   All.obj
 0001:00002780       ?SkipSpace@@YIPADPAD@Z     10003780 f   Main.obj
 0001:000027b0       ?SkipDigit@@YIPADPAD@Z     100037b0 f   Main.obj
 0001:000027e0       ?SkipNSpace@@YIPADPAD@Z    100037e0 f   Main.obj
 0001:00002810       ?SkipNX@@YIPADPADD@Z       10003810 f   Main.obj
 0001:00002830       ?TwoDigits@@YIHPBDAAG@Z    10003830 f   Main.obj
 0001:000028b0       ?XP_StripLine@@YIPADPAD@Z  100038b0 f   Main.obj
 0001:00002900       ?CorrectTime@@YIHAAU_SYSTEMTIME@@AAUTime_t@@PAU_FILETIME@@@Z 10003900 f   Main.obj
 0001:00002a10       ?ConvertEntry@@YIHPAUNET_FileEntryInfo@@PAUFTPFileInfo@@@Z 10003a10 f   Main.obj
 0001:00002b20       ?StartsWith@@YIHPBDPAPBD@Z 10003b20 f   Main.obj
 0001:00002b70       ?is_unix_start@@YIHPADHPAH@Z 10003b70 f   Main.obj
 0001:00002d90       ?idPRSDetectString@@YGGQAUFTPServerInfo@@PADH@Z 10003d90 f   Main.obj
 0001:00002ec0       ?idDetectDirStringType@@YGGPBUFTPServerInfo@@PBD@Z 10003ec0 f   Main.obj
 0001:00002f00       ?idPRSTypesCount@@YGGXZ    10003f00 f   Main.obj
 0001:00002f10       ?idPRSTypeGet@@YGPAUFTPType@@G@Z 10003f10 f   Main.obj
 0001:00002f30       ?FTPPluginGetInterface@@YGPAUFTPPluginInterface@@XZ 10003f30 f   Main.obj
 0001:00002f70       ?FTP_PluginStartup@@YGHK@Z 10003f70 f   Main.obj
 0001:00002f80       ?NET_MonthNo@@YIGPBD@Z     10003f80 f   Main.obj
 0001:00003070       ?idPRParceCMS@@YGHPBUFTPServerInfo@@PAUFTPFileInfo@@PADH@Z 10004070 f   cms.obj
 0001:00003090       ?net_parse_dos_date_time@@YIHPBDAAUTime_t@@@Z 10004090 f   dos.obj
 0001:00003260       ??$AtoI@_J@@YI_JPBD_J@Z    10004260 f i dos.obj
 0001:00003320       ?idPRParceDos@@YGHPBUFTPServerInfo@@PAUFTPFileInfo@@PADH@Z 10004320 f   dos.obj
 0001:00003450       ?idPRParceEPLF@@YGHPBUFTPServerInfo@@PAUFTPFileInfo@@PADH@Z 10004450 f   eplf.obj
 0001:00003690       ?idPRParceNETWARE@@YGHPBUFTPServerInfo@@PAUFTPFileInfo@@PADH@Z 10004690 f   netware.obj
 0001:000038f0       ?net_parse_os_date_time@@YIHPBDAAUTime_t@@@Z 100048f0 f   os2.obj
 0001:00003aa0       ?idPRParceOS2@@YGHPBUFTPServerInfo@@PAUFTPFileInfo@@PADH@Z 10004aa0 f   os2.obj
 0001:00003c50       ?idDirParcePCTCP@@YGHPBUFTPServerInfo@@PBDPADI@Z 10004c50 f   pctcp.obj
 0001:00003ca0       ??$AtoI@G@@YIGPBDG@Z       10004ca0 f i pctcp.obj
 0001:00003d20       ?net_parse_pctcp_date_time@@YIHPADAAUTime_t@@@Z 10004d20 f   pctcp.obj
 0001:00003ed0       ?idPRParcePCTCP@@YGHPBUFTPServerInfo@@PAUFTPFileInfo@@PADH@Z 10004ed0 f   pctcp.obj
 0001:00003fe0       ?idDirParceSkirdin@@YGHPBUFTPServerInfo@@PBDPADI@Z 10004fe0 f   skirdin.obj
 0001:00004050       ?net_parse_full_date_time@@YIHPADAAUTime_t@@@Z 10005050 f   skirdin.obj
 0001:00004180       ?idPRParceSkirdin@@YGHPBUFTPServerInfo@@PAUFTPFileInfo@@PADH@Z 10005180 f   skirdin.obj
 0001:00004330       ?idPRParceTCPC@@YGHPBUFTPServerInfo@@PAUFTPFileInfo@@PADH@Z 10005330 f   tcpc.obj
 0001:00004380       ?net_convert_unix_date@@YIHAAPADAAUTime_t@@@Z 10005380 f   unix.obj
 0001:00004720       ?net_parse_ls_line@@YIHPADPAUNET_FileEntryInfo@@H@Z 10005720 f   unix.obj
 0001:000048d0       ?idPRParceUnix@@YGHPBUFTPServerInfo@@PAUFTPFileInfo@@PADH@Z 100058d0 f   unix.obj
 0001:00004ab0       ?idDirPRParceVMS@@YGHPBUFTPServerInfo@@PBDPADI@Z 10005ab0 f   vms.obj
 0001:00004ac0       ??$AtoI@H@@YIHPBDH@Z       10005ac0 f i vms.obj
 0001:00004b40       ?net_parse_vms_date_time@@YIHAAPADAAUTime_t@@@Z 10005b40 f   vms.obj
 0001:00004d00       ?net_parse_vms_dir_entry@@YIHPADPAUNET_FileEntryInfo@@@Z 10005d00 f   vms.obj
 0001:00004f30       ?idPRParceVMS@@YGHPBUFTPServerInfo@@PAUFTPFileInfo@@PADH@Z 10005f30 f   vms.obj
 0001:00004fc0       ?parse_vxdos_date_time@@YIHAAPADAAUTime_t@@@Z 10005fc0 f   vx.obj
 0001:000050e0       ?idPRParceVX_DOS@@YGHPBUFTPServerInfo@@PAUFTPFileInfo@@PADH@Z 100060e0 f   vx.obj
 0001:00005230       ?parse_os400_date_time@@YIHAAPADAAUTime_t@@@Z 10006230 f   os400.obj
 0001:00005370       ?net_parse_ls_line@@YIHPADPAUNET_FileEntryInfo@@@Z 10006370 f   os400.obj
 0001:000054c0       ?idPRParceOS400@@YGHPBUFTPServerInfo@@PAUFTPFileInfo@@PADH@Z 100064c0 f   os400.obj
 0001:00005510       ?net_parse_mvs_date_time@@YIHPBDAAUTime_t@@H@Z 10006510 f   mvs.obj
 0001:00005620       ?idPRParceMVS@@YGHPBUFTPServerInfo@@PAUFTPFileInfo@@PADH@Z 10006620 f   mvs.obj
 0001:00005bf0       ?idDirParceMVS@@YGHPBUFTPServerInfo@@PBDPADI@Z 10006bf0 f   mvs.obj
 0001:00005c90       _strchr                    10006c90 f   LIBCMT:strchr.obj
 0001:00005c96       ___from_strstr_to_strchr   10006c96     LIBCMT:strchr.obj
 0001:00005d4e       ??0_LocaleUpdate@@QAE@PAUlocaleinfo_struct@@@Z 10006d4e f i LIBCMT:_ctype.obj
 0001:00005dd5       __isalpha_l                10006dd5 f i LIBCMT:_ctype.obj
 0001:00005e2b       _isalpha                   10006e2b f i LIBCMT:_ctype.obj
 0001:00005e5b       __isdigit_l                10006e5b f i LIBCMT:_ctype.obj
 0001:00005eac       _isdigit                   10006eac f i LIBCMT:_ctype.obj
 0001:00005eda       __isxdigit_l               10006eda f i LIBCMT:_ctype.obj
 0001:00005f30       _isxdigit                  10006f30 f i LIBCMT:_ctype.obj
 0001:00005f60       __isspace_l                10006f60 f i LIBCMT:_ctype.obj
 0001:00005fb1       _isspace                   10006fb1 f i LIBCMT:_ctype.obj
 0001:00005fe0       __allshr                   10006fe0 f   LIBCMT:llshr.obj
 0001:00006001       _strncmp                   10007001 f   LIBCMT:strncmp.obj
 0001:000060c1       __toupper_l                100070c1 f   LIBCMT:toupper.obj
 0001:000061d7       _toupper                   100071d7 f   LIBCMT:toupper.obj
 0001:00006210       _strstr                    10007210 f   LIBCMT:strstr.obj
 0001:00006296       ??3@YAXPAX@Z               10007296 f   LIBCMT:delete.obj
 0001:000062a1       ??1bad_alloc@std@@UAE@XZ   100072a1 f i LIBCMT:new.obj
 0001:000062ac       ??_Ebad_alloc@std@@UAEPAXI@Z 100072ac f i LIBCMT:new.obj
 0001:000062ac       ??_Gbad_alloc@std@@UAEPAXI@Z 100072ac f i LIBCMT:new.obj
 0001:000062d3       ??0bad_alloc@std@@QAE@ABV01@@Z 100072d3 f i LIBCMT:new.obj
 0001:000062f0       ??2@YAPAXI@Z               100072f0 f   LIBCMT:new.obj
 0001:00006370       _memset                    10007370 f   LIBCMT:memset.obj
 0001:000063f0       __allmul                   100073f0 f   LIBCMT:llmul.obj
 0001:00006424       __localtime64_s            10007424 f   LIBCMT:loctim64.obj
 0001:000066ac       __localtime64              100076ac f   LIBCMT:loctim64.obj
 0001:000066d3       _atol                      100076d3 f   LIBCMT:atox.obj
 0001:000066e9       _atoi                      100076e9 f   LIBCMT:atox.obj
 0001:000066f4       __tolower_l                100076f4 f   LIBCMT:tolower.obj
 0001:00006809       _tolower                   10007809 f   LIBCMT:tolower.obj
 0001:000068a3       _sscanf                    100078a3 f   LIBCMT:sscanf.obj
 0001:000068c5       __CRT_INIT@12              100078c5 f   LIBCMT:dllcrt0.obj
 0001:00006b1f       __DllMainCRTStartup@12     10007b1f f   LIBCMT:dllcrt0.obj
 0001:00006d65       ___updatetmbcinfo          10007d65 f   LIBCMT:mbctype.obj
 0001:00006e85       __setmbcp_nolock           10007e85 f   LIBCMT:mbctype.obj
 0001:0000706e       __setmbcp                  1000806e f   LIBCMT:mbctype.obj
 0001:00007208       ___initmbctable            10008208 f   LIBCMT:mbctype.obj
 0001:00007226       ___addlocaleref            10008226 f   LIBCMT:localref.obj
 0001:000072b5       ___removelocaleref         100082b5 f   LIBCMT:localref.obj
 0001:0000734e       ___freetlocinfo            1000834e f   LIBCMT:localref.obj
 0001:00007499       __updatetlocinfoEx_nolock  10008499 f   LIBCMT:localref.obj
 0001:000074e6       ___updatetlocinfo          100084e6 f   LIBCMT:localref.obj
 0001:0000755f       __encoded_null             1000855f f   LIBCMT:tidtable.obj
 0001:00007568       ___crtTlsAlloc@4           10008568 f   LIBCMT:tidtable.obj
 0001:00007571       ___set_flsgetvalue         10008571 f   LIBCMT:tidtable.obj
 0001:000075a5       __mtterm                   100085a5 f   LIBCMT:tidtable.obj
 0001:000075e2       __initptd                  100085e2 f   LIBCMT:tidtable.obj
 0001:00007696       __getptd_noexit            10008696 f   LIBCMT:tidtable.obj
 0001:0000770f       __getptd                   1000870f f   LIBCMT:tidtable.obj
 0001:00007729       __freefls@4                10008729 f   LIBCMT:tidtable.obj
 0001:00007858       __freeptd                  10008858 f   LIBCMT:tidtable.obj
 0001:000078c6       __mtinit                   100088c6 f   LIBCMT:tidtable.obj
 0001:00007a41       __isctype_l                10008a41 f   LIBCMT:isctype.obj
 0001:00007af9       __freea                    10008af9 f i LIBCMT:a_map.obj
 0001:00007d00       ___crtLCMapStringA         10008d00 f   LIBCMT:a_map.obj
 0001:00007d46       __get_errno_from_oserr     10008d46 f   LIBCMT:dosmap.obj
 0001:00007d88       __errno                    10008d88 f   LIBCMT:dosmap.obj
 0001:00007d9b       ___doserrno                10008d9b f   LIBCMT:dosmap.obj
 0001:00007dae       __dosmaperr                10008dae f   LIBCMT:dosmap.obj
 0001:00007dd1       __isleadbyte_l             10008dd1 f i LIBCMT:_wctype.obj
 0001:00007e09       _isleadbyte                10008e09 f i LIBCMT:_wctype.obj
 0001:00007e1c       _free                      10008e1c f   LIBCMT:free.obj
 0001:00007e56       ??0exception@std@@QAE@ABQBDH@Z 10008e56 f   LIBCMT:stdexcpt.obj
 0001:00007e73       ?what@exception@std@@UBEPBDXZ 10008e73 f   LIBCMT:stdexcpt.obj
 0001:00007e80       ?_Copy_str@exception@std@@AAEXPBD@Z 10008e80 f   LIBCMT:stdexcpt.obj
 0001:00007ec0       ?_Tidy@exception@std@@AAEXXZ 10008ec0 f   LIBCMT:stdexcpt.obj
 0001:00007ede       ??4exception@std@@QAEAAV01@ABV01@@Z 10008ede f   LIBCMT:stdexcpt.obj
 0001:00007f13       ??1exception@std@@UAE@XZ   10008f13 f   LIBCMT:stdexcpt.obj
 0001:00007f1e       ??_Gexception@std@@UAEPAXI@Z 10008f1e f i LIBCMT:stdexcpt.obj
 0001:00007f1e       ??_Eexception@std@@UAEPAXI@Z 10008f1e f i LIBCMT:stdexcpt.obj
 0001:00007f45       ??0exception@std@@QAE@ABV01@@Z 10008f45 f   LIBCMT:stdexcpt.obj
 0001:00007f6a       ??1type_info@@UAE@XZ       10008f6a f   LIBCMT:typinfo.obj
 0001:00007f7a       ??_Gtype_info@@UAEPAXI@Z   10008f7a f i LIBCMT:typinfo.obj
 0001:00007f7a       ??_Etype_info@@UAEPAXI@Z   10008f7a f i LIBCMT:typinfo.obj
 0001:00008051       ___onexitinit              10009051 f   LIBCMT:onexit.obj
 0001:00008082       __onexit                   10009082 f   LIBCMT:onexit.obj
 0001:000080be       _atexit                    100090be f   LIBCMT:onexit.obj
 0001:000080d5       _malloc                    100090d5 f   LIBCMT:malloc.obj
 0001:00008169       __initp_heap_handler       10009169 f   LIBCMT:handler.obj
 0001:00008178       __callnewh                 10009178 f   LIBCMT:handler.obj
 0001:000081a0       __CxxThrowException@8      100091a0 f   LIBCMT:throw.obj
 0001:000081ec       __VEC_memzero              100091ec f   LIBCMT:p4_memset.obj
 0001:000082a6       ___sse2_available_init     100092a6 f   LIBCMT:cpu_disp.obj
 0001:000082b6       __initp_misc_invarg        100092b6 f   LIBCMT:invarg.obj
 0001:000082c5       __call_reportfault         100092c5 f   LIBCMT:invarg.obj
 0001:000083ee       __invoke_watson            100093ee f   LIBCMT:invarg.obj
 0001:00008413       __invalid_parameter        10009413 f   LIBCMT:invarg.obj
 0001:00008440       __invalid_parameter_noinfo 10009440 f   LIBCMT:invarg.obj
 0001:00008b31       ___tzset                   10009b31 f   LIBCMT:tzset.obj
 0001:00008b80       __isindst                  10009b80 f   LIBCMT:tzset.obj
 0001:00008bc1       __gmtime64_s               10009bc1 f   LIBCMT:gmtime64.obj
 0001:00008dfa       __get_daylight             10009dfa f   LIBCMT:timeset.obj
 0001:00008e27       __get_dstbias              10009e27 f   LIBCMT:timeset.obj
 0001:00008e54       __get_timezone             10009e54 f   LIBCMT:timeset.obj
 0001:00008e81       ___daylight                10009e81 f   LIBCMT:timeset.obj
 0001:00008e87       ___dstbias                 10009e87 f   LIBCMT:timeset.obj
 0001:00008e8d       ___timezone                10009e8d f   LIBCMT:timeset.obj
 0001:00008e93       ___tzname                  10009e93 f   LIBCMT:timeset.obj
 0001:00008ea0       __alldiv                   10009ea0 f   LIBCMT:lldiv.obj
 0001:00008f50       __allrem                   10009f50 f   LIBCMT:llrem.obj
 0001:00009002       ___getgmtimebuf            1000a002 f   LIBCMT:gmtime.obj
 0001:00009264       _strtol                    1000a264 f   LIBCMT:strtol.obj
 0001:00009290       _strlen                    1000a290 f   LIBCMT:strlen.obj
 0001:000093d2       __input_l                  1000a3d2 f   LIBCMT:input.obj
 0001:0000a3d6       __malloc_crt               1000b3d6 f   LIBCMT:crtheap.obj
 0001:0000a41b       __calloc_crt               1000b41b f   LIBCMT:crtheap.obj
 0001:0000a467       __realloc_crt              1000b467 f   LIBCMT:crtheap.obj
 0001:0000a4b5       __recalloc_crt             1000b4b5 f   LIBCMT:crtheap.obj
 0001:0000a507       ___crtCorExitProcess       1000b507 f   LIBCMT:crt0dat.obj
 0001:0000a532       ___crtExitProcess          1000b532 f   LIBCMT:crt0dat.obj
 0001:0000a54a       __lockexit                 1000b54a f   LIBCMT:crt0dat.obj
 0001:0000a553       __unlockexit               1000b553 f   LIBCMT:crt0dat.obj
 0001:0000a55c       __init_pointers            1000b55c f   LIBCMT:crt0dat.obj
 0001:0000a58f       __initterm_e               1000b58f f   LIBCMT:crt0dat.obj
 0001:0000a5b3       __cinit                    1000b5b3 f   LIBCMT:crt0dat.obj
 0001:0000a78a       __exit                     1000b78a f   LIBCMT:crt0dat.obj
 0001:0000a7a0       __cexit                    1000b7a0 f   LIBCMT:crt0dat.obj
 0001:0000a7af       __amsg_exit                1000b7af f   LIBCMT:crt0dat.obj
 0001:0000a7cd       __ioinit                   1000b7cd f   LIBCMT:ioinit.obj
 0001:0000aa12       __ioterm                   1000ba12 f   LIBCMT:ioinit.obj
 0001:0000aa65       __setenvp                  1000ba65 f   LIBCMT:stdenvp.obj
 0001:0000acdb       __setargv                  1000bcdb f   LIBCMT:stdargv.obj
 0001:0000ad96       ___crtGetEnvironmentStringsA 1000bd96 f   LIBCMT:a_env.obj
 0001:0000ae2d       __RTC_Initialize           1000be2d f   LIBCMT:_initsect_.obj
 0001:0000ae53       __RTC_Terminate            1000be53 f   LIBCMT:_initsect_.obj
 0001:0000ae79       __heap_init                1000be79 f   LIBCMT:heapinit.obj
 0001:0000ae97       __heap_term                1000be97 f   LIBCMT:heapinit.obj
 0001:0000aeb0       __SEH_prolog4              1000beb0 f   LIBCMT:sehprolg4.obj
 0001:0000aef5       __SEH_epilog4              1000bef5 f   LIBCMT:sehprolg4.obj
 0001:0000af10       __except_handler4          1000bf10 f   LIBCMT:chandler4.obj
 0001:0000b09f       __XcptFilter               1000c09f f   LIBCMT:winxfltr.obj
 0001:0000b1e9       ___CppXcptFilter           1000c1e9 f   LIBCMT:winxfltr.obj
 0001:0000b209       ___security_init_cookie    1000c209 f   LIBCMT:gs_support.obj
 0001:0000b38b       ___crtGetStringTypeA       1000c38b f   LIBCMT:a_str.obj
 0001:0000b3cb       @__security_check_cookie@4 1000c3cb f   LIBCMT:secchk.obj
 0001:0000b3da       __mtinitlocks              1000c3da f   LIBCMT:mlock.obj
 0001:0000b424       __mtdeletelocks            1000c424 f   LIBCMT:mlock.obj
 0001:0000b47b       __unlock                   1000c47b f   LIBCMT:mlock.obj
 0001:0000b492       __mtinitlocknum            1000c492 f   LIBCMT:mlock.obj
 0001:0000b554       __lock                     1000c554 f   LIBCMT:mlock.obj
 0001:0000b587       ___free_lc_time            1000c587 f   LIBCMT:inittime.obj
 0001:0000b8fe       ___free_lconv_num          1000c8fe f   LIBCMT:initnum.obj
 0001:0000b967       ___free_lconv_mon          1000c967 f   LIBCMT:initmon.obj
 0001:0000ba65       ____lc_codepage_func       1000ca65 f   LIBCMT:initctyp.obj
 0001:0000ba90       _strcspn                   1000ca90 f   LIBCMT:strcspn.obj
 0001:0000bad6       _strncpy_s                 1000cad6 f   LIBCMT:strncpy_s.obj
 0001:0000bb8b       _strcpy_s                  1000cb8b f   LIBCMT:strcpy_s.obj
 0001:0000bbf0       _strcmp                    1000cbf0 f   LIBCMT:strcmp.obj
 0001:0000bc80       _memcpy                    1000cc80 f   LIBCMT:memcpy.obj
 0001:0000bff0       _strpbrk                   1000cff0 f   LIBCMT:strpbrk.obj
 0001:0000c030       __alloca_probe_16          1000d030 f   LIBCMT:alloca16.obj
 0001:0000c046       __alloca_probe_8           1000d046     LIBCMT:alloca16.obj
 0001:0000c05c       ?_Type_info_dtor@type_info@@CAXPAV1@@Z 1000d05c f   LIBCMT:typname.obj
 0001:0000c0cc       __msize                    1000d0cc f   LIBCMT:msize.obj
 0001:0000c0ff       __GET_RTERRMSG             1000d0ff f   LIBCMT:crt0msg.obj
 0001:0000c125       __NMSG_WRITE               1000d125 f   LIBCMT:crt0msg.obj
 0001:0000c2d4       __FF_MSGBANNER             1000d2d4 f   LIBCMT:crt0msg.obj
 0001:0000c30d       __crt_debugger_hook        1000d30d f   LIBCMT:dbghook.obj
 0001:0000c315       __getenv_helper_nolock     1000d315 f   LIBCMT:getenv.obj
 0001:0000c3a0       __aulldvrm                 1000d3a0 f   LIBCMT:ulldvrm.obj
 0001:0000c435       __filbuf                   1000d435 f   LIBCMT:_filbuf.obj
 0001:0000c557       __ungetc_nolock            1000d557 f   LIBCMT:ungetc.obj
 0001:0000c63a       __mbtowc_l                 1000d63a f   LIBCMT:mbtowc.obj
 0001:0000c750       _mbtowc                    1000d750 f   LIBCMT:mbtowc.obj
 0001:0000c76a       __initp_misc_cfltcvt_tab   1000d76a f   LIBCMT:cmiscdat.obj
 0001:0000c78d       __fileno                   1000d78d f   LIBCMT:fileno.obj
 0001:0000c7b3       __calloc_impl              1000d7b3 f   LIBCMT:calloc_impl.obj
 0001:0000c835       _realloc                   1000d835 f   LIBCMT:realloc.obj
 0001:0000c8e2       __recalloc                 1000d8e2 f   LIBCMT:recalloc.obj
 0001:0000c950       ?terminate@@YAXXZ          1000d950 f   LIBCMT:hooks.obj
 0001:0000c989       __initp_eh_hooks           1000d989 f   LIBCMT:hooks.obj
 0001:0000c99a       __initp_misc_winsig        1000d99a f   LIBCMT:winsig.obj
 0001:0000c9ef       ___get_sigabrt             1000d9ef f   LIBCMT:winsig.obj
 0001:0000c9fc       _raise                     1000d9fc f   LIBCMT:winsig.obj
 0001:0000cb9f       __initp_misc_rand_s        1000db9f f   LIBCMT:rand_s.obj
 0001:0000cbae       __initp_misc_purevirt      1000dbae f   LIBCMT:inithelp.obj
 0001:0000cbc0       __ValidateImageBase        1000dbc0 f   LIBCMT:pesect.obj
 0001:0000cc00       __FindPESection            1000dc00 f   LIBCMT:pesect.obj
 0001:0000cc50       __IsNonwritableInCurrentImage 1000dc50 f   LIBCMT:pesect.obj
 0001:0000cd5f       __ismbblead                1000dd5f f   LIBCMT:ismbbyte.obj
 0001:0000cd80       __local_unwind4            1000dd80 f   LIBCMT:exsup4.obj
 0001:0000ce56       __seh_longjmp_unwind4@4    1000de56 f   LIBCMT:exsup4.obj
 0001:0000ce72       @_EH4_CallFilterFunc@8     1000de72 f   LIBCMT:exsup4.obj
 0001:0000ce89       @_EH4_TransferToHandler@8  1000de89 f   LIBCMT:exsup4.obj
 0001:0000cea2       @_EH4_GlobalUnwind2@8      1000dea2 f   LIBCMT:exsup4.obj
 0001:0000cebb       @_EH4_LocalUnwind@16       1000debb f   LIBCMT:exsup4.obj
 0001:0000ced2       ___report_gsfailure        1000ded2 f   LIBCMT:gs_report.obj
 0001:0000cfd8       __VEC_memcpy               1000dfd8 f   LIBCMT:p4_memcpy.obj
 0001:0000d0db       __strnicmp_l               1000e0db f   LIBCMT:strnicmp.obj
 0001:0000d1bd       ___crtMessageBoxW          1000e1bd f   LIBCMT:crtmboxw.obj
 0001:0000d329       _wcscat_s                  1000e329 f   LIBCMT:wcscat_s.obj
 0001:0000d39e       _wcsncpy_s                 1000e39e f   LIBCMT:wcsncpy_s.obj
 0001:0000d46b       _wcslen                    1000e46b f   LIBCMT:wcslen.obj
 0001:0000d486       _wcscpy_s                  1000e486 f   LIBCMT:wcscpy_s.obj
 0001:0000d4e9       __set_error_mode           1000e4e9 f   LIBCMT:errmode.obj
 0001:0000d528       __mbsnbicoll_l             1000e528 f   LIBCMT:mbsnbico.obj
 0001:0000d606       __mbsnbicoll               1000e606 f   LIBCMT:mbsnbico.obj
 0001:0000d620       ___wtomb_environ           1000e620 f   LIBCMT:wtombenv.obj
 0001:0000d6b7       __read_nolock              1000e6b7 f   LIBCMT:read.obj
 0001:0000dc6e       __read                     1000ec6e f   LIBCMT:read.obj
 0001:0000dd64       __getbuf                   1000ed64 f   LIBCMT:_getbuf.obj
 0001:0000ddad       ___initstdio               1000edad f   LIBCMT:_file.obj
 0001:0000de5e       ___endstdio                1000ee5e f   LIBCMT:_file.obj
 0001:0000de7e       __lock_file                1000ee7e f   LIBCMT:_file.obj
 0001:0000debf       __lock_file2               1000eebf f   LIBCMT:_file.obj
 0001:0000def1       __unlock_file              1000eef1 f   LIBCMT:_file.obj
 0001:0000df2d       __unlock_file2             1000ef2d f   LIBCMT:_file.obj
 0001:0000df5c       __fptrap                   1000ef5c f   LIBCMT:crt0fp.obj
 0001:0000df65       _abort                     1000ef65 f   LIBCMT:abort.obj
 0001:0000dfa0       __global_unwind2           1000efa0 f   LIBCMT:exsup.obj
 0001:0000e005       __local_unwind2            1000f005 f   LIBCMT:exsup.obj
 0001:0000e089       __abnormal_termination     1000f089 f   LIBCMT:exsup.obj
 0001:0000e0ac       __NLG_Notify1              1000f0ac f   LIBCMT:exsup.obj
 0001:0000e0b5       __NLG_Notify               1000f0b5 f   LIBCMT:exsup.obj
 0001:0000e0cc       __NLG_Dispatch2            1000f0cc     LIBCMT:exsup.obj
 0001:0000e0cc       __NLG_Dispatch             1000f0cc     LIBCMT:exsup.obj
 0001:0000e0d4       __NLG_Call                 1000f0d4 f   LIBCMT:exsup.obj
 0001:0000e0d6       __NLG_Return2              1000f0d6     LIBCMT:exsup.obj
 0001:0000e0e0       ___ascii_strnicmp          1000f0e0 f   LIBCMT:_strnicm.obj
 0001:0000e3af       ___crtCompareStringA       1000f3af f   LIBCMT:a_cmp.obj
 0001:0000e3f1       __strnicoll_l              1000f3f1 f   LIBCMT:strnicol.obj
 0001:0000e58d       ___crtsetenv               1000f58d f   LIBCMT:setenv.obj
 0001:0000e7cf       __lseeki64_nolock          1000f7cf f   LIBCMT:lseeki64.obj
 0001:0000e854       __free_osfhnd              1000f854 f   LIBCMT:osfinfo.obj
 0001:0000e8da       __get_osfhandle            1000f8da f   LIBCMT:osfinfo.obj
 0001:0000e943       ___lock_fhandle            1000f943 f   LIBCMT:osfinfo.obj
 0001:0000e9e2       __unlock_fhandle           1000f9e2 f   LIBCMT:osfinfo.obj
 0001:0000ea09       __fcloseall                1000fa09 f   LIBCMT:closeall.obj
 0001:0000eaa5       __flush                    1000faa5 f   LIBCMT:fflush.obj
 0001:0000eb0d       __fflush_nolock            1000fb0d f   LIBCMT:fflush.obj
 0001:0000ec2f       __flushall                 1000fc2f f   LIBCMT:fflush.obj
 0001:0000ec38       __strdup                   1000fc38 f   LIBCMT:strdup.obj
 0001:0000ec8a       __mbschr_l                 1000fc8a f   LIBCMT:mbschr.obj
 0001:0000ed3a       __mbschr                   1000fd3a f   LIBCMT:mbschr.obj
 0001:0000ed51       __fclose_nolock            1000fd51 f   LIBCMT:fclose.obj
 0001:0000edbe       _fclose                    1000fdbe f   LIBCMT:fclose.obj
 0001:0000ee32       __write_nolock             1000fe32 f   LIBCMT:write.obj
 0001:0000f52f       __write                    1001052f f   LIBCMT:write.obj
 0001:0000f603       __commit                   10010603 f   LIBCMT:commit.obj
 0001:0000f6dc       __close_nolock             100106dc f   LIBCMT:close.obj
 0001:0000f778       __close                    10010778 f   LIBCMT:close.obj
 0001:0000f83c       __freebuf                  1001083c f   LIBCMT:_freebuf.obj
 0001:0000f86d       __putwch_nolock            1001086d f   LIBCMT:putwch.obj
 0001:0000f8af       __isatty                   100108af f   LIBCMT:isatty.obj
 0001:0000f905       ___initconout              10010905 f   LIBCMT:initcon.obj
 0001:0000f924       ___termconout              10010924 f   LIBCMT:initcon.obj
 0001:0000fa30       _EncodePointerWrapper@4    10010a30 f   FsdLib:vc10wrapper.obj
 0001:0000fa40       _DecodePointerWrapper@4    10010a40 f   FsdLib:vc10wrapper.obj
 0001:0000fa46       _RtlUnwind@16              10010a46 f   kernel32:KERNEL32.dll
 0001:0000fa60       __TI2?AVbad_alloc@std@@    10010a60     LIBCMT:new.obj
 0001:0000fa70       __CTA2?AVbad_alloc@std@@   10010a70     LIBCMT:new.obj
 0001:0000fa7c       __CT??_R0?AVbad_alloc@std@@@8??0bad_alloc@std@@QAE@ABV01@@Z12 10010a7c     LIBCMT:new.obj
 0001:0000fa98       __CT??_R0?AVexception@std@@@8??0exception@std@@QAE@ABV01@@Z12 10010a98     LIBCMT:new.obj
 0001:0000fdec       __IMPORT_DESCRIPTOR_KERNEL32 10010dec     kernel32:KERNEL32.dll
 0001:0000fe00       __NULL_IMPORT_DESCRIPTOR   10010e00     kernel32:KERNEL32.dll
 0002:00000110       ??_R0?AVbad_alloc@std@@@8  10012110     LIBCMT:new.obj
 0002:0000012c       ??_R0?AVexception@std@@@8  1001212c     LIBCMT:new.obj
 0002:00000150       ___initialmbcinfo          10012150     LIBCMT:mbctype.obj
 0002:00000370       __mbctype                  10012370     LIBCMT:mbctype.obj
 0002:00000478       __mbcasemap                10012478     LIBCMT:mbctype.obj
 0002:00000578       ___ptmbcinfo               10012578     LIBCMT:mbctype.obj
 0002:00000670       ___globallocalestatus      10012670     LIBCMT:glstatus.obj
 0002:00000674       ___clocalestr              10012674     LIBCMT:nlsdata2.obj
 0002:00000678       ___lc_time_c               10012678     LIBCMT:nlsdata2.obj
 0002:000007e0       ___initiallocinfo          100127e0     LIBCMT:nlsdata2.obj
 0002:000008b8       ___ptlocinfo               100128b8     LIBCMT:nlsdata2.obj
 0002:000008bc       ___initiallocalestructinfo 100128bc     LIBCMT:nlsdata2.obj
 0002:000008c4       ___flsindex                100128c4     LIBCMT:tidtable.obj
 0002:000008c8       ___getvalueindex           100128c8     LIBCMT:tidtable.obj
 0002:00000a40       ??_R0?AVtype_info@@@8      10012a40     LIBCMT:typinfo.obj
 0002:00000a70       __timezone                 10012a70     LIBCMT:timeset.obj
 0002:00000a74       __daylight                 10012a74     LIBCMT:timeset.obj
 0002:00000a78       __dstbias                  10012a78     LIBCMT:timeset.obj
 0002:00000b00       __tzname                   10012b00     LIBCMT:timeset.obj
 0002:00000b10       ___badioinfo               10012b10     LIBCMT:ioinit.obj
 0002:00000b50       ___security_cookie         10012b50     LIBCMT:gs_cookie.obj
 0002:00000b54       ___security_cookie_complement 10012b54     LIBCMT:gs_cookie.obj
 0002:00000c78       ___lconv_static_decimal    10012c78     LIBCMT:lconv.obj
 0002:00000c7c       ___lconv_static_W_decimal  10012c7c     LIBCMT:lconv.obj
 0002:00000c80       ___lconv_c                 10012c80     LIBCMT:lconv.obj
 0002:00000cd0       ___lconv                   10012cd0     LIBCMT:lconv.obj
 0002:00000cd4       __pctype                   10012cd4     LIBCMT:ctype.obj
 0002:00000cd8       __pwctype                  10012cd8     LIBCMT:ctype.obj
 0002:00000cdc       ___mb_cur_max              10012cdc     LIBCMT:nlsdata1.obj
 0002:00000ce0       ___decimal_point           10012ce0     LIBCMT:nlsdata1.obj
 0002:00000ce4       ___decimal_point_length    10012ce4     LIBCMT:nlsdata1.obj
 0002:00000cf0       __lpdays                   10012cf0     LIBCMT:days.obj
 0002:00000d24       __days                     10012d24     LIBCMT:days.obj
 0002:00000d60       __cfltcvt_tab              10012d60     LIBCMT:cmiscdat.obj
 0002:00000d90       __lookuptrailbytes         10012d90     LIBCMT:read.obj
 0002:00000e90       __iob                      10012e90     LIBCMT:_file.obj
 0002:00001110       ___abort_behavior          10013110     LIBCMT:abort.obj
 0002:00001120       __NLG_Destination          10013120     LIBCMT:exsup.obj
 0002:00001130       __confh                    10013130     LIBCMT:initcon.obj
 0002:00001160       ?FTP_Info@@3PAUFTPInterface@@A 10013160     All.obj
 0002:00001164       ?FTP_Module@@3PAUHINSTANCE__@@A 10013164     All.obj
 0002:0000119c       __aenvptr                  1001319c     LIBCMT:dllcrt0.obj
 0002:000011a0       __wenvptr                  100131a0     LIBCMT:dllcrt0.obj
 0002:000011a4       ___error_mode              100131a4     LIBCMT:dllcrt0.obj
 0002:000011a8       ___app_type                100131a8     LIBCMT:dllcrt0.obj
 0002:000011b0       ___mbulinfo                100131b0     LIBCMT:mbctype.obj
 0002:000011bc       ___mbcodepage              100131bc     LIBCMT:mbctype.obj
 0002:000011c0       ___ismbcodepage            100131c0     LIBCMT:mbctype.obj
 0002:000011c4       ___mblcid                  100131c4     LIBCMT:mbctype.obj
 0002:000011c8       _gpFlsAlloc                100131c8     LIBCMT:tidtable.obj
 0002:000011cc       _gpFlsGetValue             100131cc     LIBCMT:tidtable.obj
 0002:000011d0       _gpFlsSetValue             100131d0     LIBCMT:tidtable.obj
 0002:000011d4       _gpFlsFree                 100131d4     LIBCMT:tidtable.obj
 0002:000011d8       ___locale_changed          100131d8     LIBCMT:setlocal.obj
 0002:000011dc       ?_pnhHeap@@3P6AHI@ZA       100131dc     LIBCMT:handler.obj
 0002:000011e0       ___pInvalidArgHandler      100131e0     LIBCMT:invarg.obj
 0002:000012a0       __maxwait                  100132a0     LIBCMT:crtheap.obj
 0002:000012a4       __umaskval                 100132a4     LIBCMT:crt0dat.obj
 0002:000012a8       ___argc                    100132a8     LIBCMT:crt0dat.obj
 0002:000012ac       ___argv                    100132ac     LIBCMT:crt0dat.obj
 0002:000012b0       ___wargv                   100132b0     LIBCMT:crt0dat.obj
 0002:000012b4       __environ                  100132b4     LIBCMT:crt0dat.obj
 0002:000012b8       ___initenv                 100132b8     LIBCMT:crt0dat.obj
 0002:000012bc       __wenviron                 100132bc     LIBCMT:crt0dat.obj
 0002:000012c0       ___winitenv                100132c0     LIBCMT:crt0dat.obj
 0002:000012c4       __pgmptr                   100132c4     LIBCMT:crt0dat.obj
 0002:000012c8       __wpgmptr                  100132c8     LIBCMT:crt0dat.obj
 0002:000012cc       __exitflag                 100132cc     LIBCMT:crt0dat.obj
 0002:000012d0       __C_Termination_Done       100132d0     LIBCMT:crt0dat.obj
 0002:000012d4       __C_Exit_Done              100132d4     LIBCMT:crt0dat.obj
 0002:000013e0       __crtheap                  100133e0     LIBCMT:heapinit.obj
 0002:00001538       ___lconv_static_null       10013538     LIBCMT:lconv.obj
 0002:0000153c       ___lconv_static_W_null     1001353c     LIBCMT:lconv.obj
 0002:00001b70       __newmode                  10013b70     LIBCMT:_newmode.obj
 0002:00001b74       ?__pInconsistency@@3P6AXXZA 10013b74     LIBCMT:hooks.obj
 0002:00001b90       ___pPurecall               10013b90     LIBCMT:inithelp.obj
 0002:00001ed0       ?pArgList@UnDecorator@@0PAVReplicator@@A 10013ed0     LIBCMT:undname.obj
 0002:00001ed4       ?pZNameList@UnDecorator@@0PAVReplicator@@A 10013ed4     LIBCMT:undname.obj
 0002:00001ed8       ?pTemplateArgList@UnDecorator@@0PAVReplicator@@A 10013ed8     LIBCMT:undname.obj
 0002:00001edc       ?gName@UnDecorator@@0PBDB  10013edc     LIBCMT:undname.obj
 0002:00001ee0       ?name@UnDecorator@@0PBDB   10013ee0     LIBCMT:undname.obj
 0002:00001ee4       ?outputString@UnDecorator@@0PADA 10013ee4     LIBCMT:undname.obj
 0002:00001ee8       ?maxStringLength@UnDecorator@@0HA 10013ee8     LIBCMT:undname.obj
 0002:00001eec       ?disableFlags@UnDecorator@@0KA 10013eec     LIBCMT:undname.obj
 0002:00001ef0       ?m_pGetParameter@UnDecorator@@0P6APADJ@ZA 10013ef0     LIBCMT:undname.obj
 0002:00001ef4       ?fExplicitTemplateParams@UnDecorator@@0_NA 10013ef4     LIBCMT:undname.obj
 0002:00001ef5       ?fGetTemplateArgumentList@UnDecorator@@0_NA 10013ef5     LIBCMT:undname.obj
 0002:00001f0c       __cflush                   10013f0c     LIBCMT:_file.obj
 0002:00001f28       ___piob                    10013f28     <common>
 0002:00001f40       __bufin                    10013f40     <common>
 0002:00002f40       __nstream                  10014f40     <common>
 0002:00002f44       __debugger_hook_dummy      10014f44     <common>
 0002:00002f48       __pDestructExceptionObject 10014f48     <common>
 0002:00002f4c       __nhandle                  10014f4c     <common>
 0002:00002f60       ___pioinfo                 10014f60     <common>
 0002:00003060       ___env_initialized         10015060     <common>
 0002:00003064       ___onexitend               10015064     <common>
 0002:00003068       ___onexitbegin             10015068     <common>
 0002:0000306c       ___mbctype_initialized     1001506c     <common>
 0002:00003070       __FPinit                   10015070     <common>
 0002:00003074       ___dyn_tls_init_callback   10015074     <common>
 0002:00003078       ___sse2_available          10015078     <common>
 0002:0000307c       __acmdln                   1001507c     <common>

 entry point at        0001:00006b1f

 Static symbols

 0001:00002c10       ?ParseSystemInfo@@YIGPBD@Z 10003c10 f   Main.obj
 0001:00006835       _vscan_fn                  10007835 f   LIBCMT:sscanf.obj
 0001:00006a29       ___DllMainCRTStartup       10007a29 f   LIBCMT:dllcrt0.obj
 0001:00006b42       ?CPtoLCID@@YAHH@Z          10007b42 f   LIBCMT:mbctype.obj
 0001:00006b71       ?setSBCS@@YAXPAUthreadmbcinfostruct@@@Z 10007b71 f   LIBCMT:mbctype.obj
 0001:00006bd5       ?setSBUpLow@@YAXPAUthreadmbcinfostruct@@@Z 10007bd5 f   LIBCMT:mbctype.obj
 0001:00006e09       ?getSystemCP@@YAHH@Z       10007e09 f   LIBCMT:mbctype.obj
 0001:00007b19       ?__crtLCMapStringA_stat@@YAHPAUlocaleinfo_struct@@KKPBDHPADHHH@Z 10008b19 f   LIBCMT:a_map.obj
 0001:00007f9b       __onexit_nolock            10008f9b f   LIBCMT:onexit.obj
 0001:00008450       __tzset_nolock             10009450 f   LIBCMT:tzset.obj
 0001:00008763       _cvtdate                   10009763 f   LIBCMT:tzset.obj
 0001:0000895a       __isindst_nolock           1000995a f   LIBCMT:tzset.obj
 0001:00009039       ?strtoxl@@YAKPAUlocaleinfo_struct@@PBDPAPBDHH@Z 1000a039 f   LIBCMT:strtol.obj
 0001:0000931b       ___check_float_string      1000a31b f   LIBCMT:input.obj
 0001:00009372       __hextodec                 1000a372 f   LIBCMT:input.obj
 0001:00009392       __inc                      1000a392 f   LIBCMT:input.obj
 0001:000093a8       __whiteout                 1000a3a8 f   LIBCMT:input.obj
 0001:0000a64a       _doexit                    1000b64a f   LIBCMT:crt0dat.obj
 0001:0000ab41       _parse_cmdline             1000bb41 f   LIBCMT:stdargv.obj
 0001:0000b2a4       ?__crtGetStringTypeA_stat@@YAHPAUlocaleinfo_struct@@KPBDHPAGHHH@Z 1000c2a4 f   LIBCMT:a_str.obj
 0001:0000c9b8       _siglookup                 1000d9b8 f   LIBCMT:winsig.obj
 0001:0000cd0c       ?x_ismbbtype_l@@YAHPAUlocaleinfo_struct@@IHH@Z 1000dd0c f   LIBCMT:ismbbyte.obj
 0001:0000ce10       __unwind_handler4          1000de10 f   LIBCMT:exsup4.obj
 0001:0000dfc0       __unwind_handler           1000efc0 f   LIBCMT:exsup.obj
 0001:0000e141       ?__crtCompareStringA_stat@@YAHPAUlocaleinfo_struct@@KKPBDH1HH@Z 1000f141 f   LIBCMT:a_cmp.obj
 0001:0000e4db       _findenv                   1000f4db f   LIBCMT:setenv.obj
 0001:0000e52d       _copy_environ              1000f52d f   LIBCMT:setenv.obj
 0001:0000eb55       _flsall                    1000fb55 f   LIBCMT:fflush.obj
 0001:0000f940       ?ReturnSamePointer@@YGPAXPAX@Z 10010940 f   FsdLib:vc10wrapper.obj
 0001:0000f950       ??$Wrapper@$0A@@@YGPAXPAX@Z 10010950 f   FsdLib:vc10wrapper.obj
 0001:0000f9c0       ??$Wrapper@$00@@YGPAXPAX@Z 100109c0 f   FsdLib:vc10wrapper.obj
 0001:0000fa4c       ??__Fnomem@?5???2@YAPAXI@Z@YAXXZ 10010a4c f   LIBCMT:new.obj
