 ftpProgress

 Timestamp is 4f45750d (Thu Feb 23 00:06:53 2012)

 Preferred load address is 10000000

 Start         Length     Name                   Class
 0001:00000000 00000124H .idata$5                CODE
 0001:00000124 00000004H .CRT$XCA                CODE
 0001:00000128 00000004H .CRT$XCZ                CODE
 0001:0000012c 00000004H .CRT$XIA                CODE
 0001:00000130 00000010H .CRT$XIC                CODE
 0001:00000140 00000004H .CRT$XIZ                CODE
 0001:00000144 00000004H .CRT$XPA                CODE
 0001:00000148 00000004H .CRT$XPX                CODE
 0001:0000014c 00000004H .CRT$XPXA               CODE
 0001:00000150 00000004H .CRT$XPZ                CODE
 0001:00000154 00000004H .CRT$XTA                CODE
 0001:00000158 00000004H .CRT$XTZ                CODE
 0001:00000160 00002548H .rdata                  CODE
 0001:000026a8 000000dcH .rdata$r                CODE
 0001:00002790 0000000cH .rdata$sxdata           CODE
 0001:0000279c 00000004H .rtc$IAA                CODE
 0001:000027a0 00000004H .rtc$IZZ                CODE
 0001:000027a4 00000004H .rtc$TAA                CODE
 0001:000027a8 00000004H .rtc$TZZ                CODE
 0001:000027b0 0000e70cH .text                   CODE
 0001:00010ebc 00000014H .text$yd                CODE
 0001:00010ed0 000003acH .xdata$x                CODE
 0001:0001127c 0000003cH .idata$2                CODE
 0001:000112b8 00000014H .idata$3                CODE
 0001:000112cc 00000124H .idata$4                CODE
 0001:000113f0 0000052aH .idata$6                CODE
 0001:00011920 00000054H .edata                  CODE
 0002:00000000 00001328H .data                   DATA
 0002:00001340 0000203cH .bss                    DATA
 0003:00000000 00000058H .rsrc$01                DATA
 0003:00000060 00000368H .rsrc$02                DATA

  Address         Publics by Value              Rva+Base       Lib:Object

 0000:00000000       __except_list              00000000     <absolute>
 0000:00000003       ___safe_se_handler_count   00000003     <absolute>
 0000:00000000       ___ImageBase               10000000     <linker-defined>
 0001:00000000       __imp__FindClose@4         10001000     kernel32:KERNEL32.dll
 0001:00000004       __imp__FindFirstFileA@8    10001004     kernel32:KERNEL32.dll
 0001:00000008       __imp__SetConsoleTitleA@4  10001008     kernel32:KERNEL32.dll
 0001:0000000c       __imp__CloseHandle@4       1000100c     kernel32:KERNEL32.dll
 0001:00000010       __imp__CreateFileW@28      10001010     kernel32:KERNEL32.dll
 0001:00000014       __imp__SetEnvironmentVariableA@8 10001014     kernel32:KERNEL32.dll
 0001:00000018       __imp__CompareStringW@24   10001018     kernel32:KERNEL32.dll
 0001:0000001c       __imp__GetSystemTimeAsFileTime@4 1000101c     kernel32:KERNEL32.dll
 0001:00000020       __imp__GetCurrentThreadId@0 10001020     kernel32:KERNEL32.dll
 0001:00000024       __imp__GetCommandLineA@0   10001024     kernel32:KERNEL32.dll
 0001:00000028       __imp__HeapAlloc@12        10001028     kernel32:KERNEL32.dll
 0001:0000002c       __imp__RaiseException@16   1000102c     kernel32:KERNEL32.dll
 0001:00000030       __imp__GetLastError@0      10001030     kernel32:KERNEL32.dll
 0001:00000034       __imp__HeapFree@12         10001034     kernel32:KERNEL32.dll
 0001:00000038       __imp__UnhandledExceptionFilter@4 10001038     kernel32:KERNEL32.dll
 0001:0000003c       __imp__SetUnhandledExceptionFilter@4 1000103c     kernel32:KERNEL32.dll
 0001:00000040       __imp__IsDebuggerPresent@0 10001040     kernel32:KERNEL32.dll
 0001:00000044       __imp__TerminateProcess@8  10001044     kernel32:KERNEL32.dll
 0001:00000048       __imp__GetCurrentProcess@0 10001048     kernel32:KERNEL32.dll
 0001:0000004c       __imp__WideCharToMultiByte@32 1000104c     kernel32:KERNEL32.dll
 0001:00000050       __imp__GetTimeZoneInformation@4 10001050     kernel32:KERNEL32.dll
 0001:00000054       __imp__IsProcessorFeaturePresent@4 10001054     kernel32:KERNEL32.dll
 0001:00000058       __imp__GetCPInfo@8         10001058     kernel32:KERNEL32.dll
 0001:0000005c       __imp__InterlockedIncrement@4 1000105c     kernel32:KERNEL32.dll
 0001:00000060       __imp__InterlockedDecrement@4 10001060     kernel32:KERNEL32.dll
 0001:00000064       __imp__GetACP@0            10001064     kernel32:KERNEL32.dll
 0001:00000068       __imp__GetOEMCP@0          10001068     kernel32:KERNEL32.dll
 0001:0000006c       __imp__IsValidCodePage@4   1000106c     kernel32:KERNEL32.dll
 0001:00000070       __imp__TlsAlloc@0          10001070     kernel32:KERNEL32.dll
 0001:00000074       __imp__TlsGetValue@4       10001074     kernel32:KERNEL32.dll
 0001:00000078       __imp__TlsSetValue@8       10001078     kernel32:KERNEL32.dll
 0001:0000007c       __imp__TlsFree@4           1000107c     kernel32:KERNEL32.dll
 0001:00000080       __imp__GetModuleHandleW@4  10001080     kernel32:KERNEL32.dll
 0001:00000084       __imp__SetLastError@4      10001084     kernel32:KERNEL32.dll
 0001:00000088       __imp__GetProcAddress@8    10001088     kernel32:KERNEL32.dll
 0001:0000008c       __imp__Sleep@4             1000108c     kernel32:KERNEL32.dll
 0001:00000090       __imp__ExitProcess@4       10001090     kernel32:KERNEL32.dll
 0001:00000094       __imp__SetHandleCount@4    10001094     kernel32:KERNEL32.dll
 0001:00000098       __imp__GetStdHandle@4      10001098     kernel32:KERNEL32.dll
 0001:0000009c       __imp__InitializeCriticalSectionAndSpinCount@8 1000109c     kernel32:KERNEL32.dll
 0001:000000a0       __imp__GetFileType@4       100010a0     kernel32:KERNEL32.dll
 0001:000000a4       __imp__GetStartupInfoW@4   100010a4     kernel32:KERNEL32.dll
 0001:000000a8       __imp__DeleteCriticalSection@4 100010a8     kernel32:KERNEL32.dll
 0001:000000ac       __imp__GetModuleFileNameA@12 100010ac     kernel32:KERNEL32.dll
 0001:000000b0       __imp__FreeEnvironmentStringsW@4 100010b0     kernel32:KERNEL32.dll
 0001:000000b4       __imp__GetEnvironmentStringsW@0 100010b4     kernel32:KERNEL32.dll
 0001:000000b8       __imp__HeapCreate@12       100010b8     kernel32:KERNEL32.dll
 0001:000000bc       __imp__HeapDestroy@4       100010bc     kernel32:KERNEL32.dll
 0001:000000c0       __imp__QueryPerformanceCounter@4 100010c0     kernel32:KERNEL32.dll
 0001:000000c4       __imp__GetTickCount@0      100010c4     kernel32:KERNEL32.dll
 0001:000000c8       __imp__GetCurrentProcessId@0 100010c8     kernel32:KERNEL32.dll
 0001:000000cc       __imp__HeapSize@12         100010cc     kernel32:KERNEL32.dll
 0001:000000d0       __imp__WriteFile@20        100010d0     kernel32:KERNEL32.dll
 0001:000000d4       __imp__GetModuleFileNameW@12 100010d4     kernel32:KERNEL32.dll
 0001:000000d8       __imp__LeaveCriticalSection@4 100010d8     kernel32:KERNEL32.dll
 0001:000000dc       __imp__EnterCriticalSection@4 100010dc     kernel32:KERNEL32.dll
 0001:000000e0       __imp__SetFilePointer@16   100010e0     kernel32:KERNEL32.dll
 0001:000000e4       __imp__GetConsoleCP@0      100010e4     kernel32:KERNEL32.dll
 0001:000000e8       __imp__GetConsoleMode@8    100010e8     kernel32:KERNEL32.dll
 0001:000000ec       __imp__LCMapStringW@24     100010ec     kernel32:KERNEL32.dll
 0001:000000f0       __imp__MultiByteToWideChar@24 100010f0     kernel32:KERNEL32.dll
 0001:000000f4       __imp__GetStringTypeW@16   100010f4     kernel32:KERNEL32.dll
 0001:000000f8       __imp__HeapReAlloc@16      100010f8     kernel32:KERNEL32.dll
 0001:000000fc       __imp__LoadLibraryW@4      100010fc     kernel32:KERNEL32.dll
 0001:00000100       __imp__RtlUnwind@16        10001100     kernel32:KERNEL32.dll
 0001:00000104       __imp__SetStdHandle@8      10001104     kernel32:KERNEL32.dll
 0001:00000108       __imp__WriteConsoleW@20    10001108     kernel32:KERNEL32.dll
 0001:0000010c       __imp__FlushFileBuffers@4  1000110c     kernel32:KERNEL32.dll
 0001:00000110       \177KERNEL32_NULL_THUNK_DATA 10001110     kernel32:KERNEL32.dll
 0001:00000114       __imp__OemToCharA@8        10001114     user32:USER32.dll
 0001:00000118       \177USER32_NULL_THUNK_DATA 10001118     user32:USER32.dll
 0001:0000011c       __imp__timeGetTime@0       1000111c     winmm:WINMM.dll
 0001:00000120       \177WINMM_NULL_THUNK_DATA  10001120     winmm:WINMM.dll
 0001:00000124       ___xc_a                    10001124     LIBCMT:crt0init.obj
 0001:00000128       ___xc_z                    10001128     LIBCMT:crt0init.obj
 0001:0000012c       ___xi_a                    1000112c     LIBCMT:crt0init.obj
 0001:00000140       ___xi_z                    10001140     LIBCMT:crt0init.obj
 0001:00000144       ___xp_a                    10001144     LIBCMT:crt0init.obj
 0001:00000150       ___xp_z                    10001150     LIBCMT:crt0init.obj
 0001:00000154       ___xt_a                    10001154     LIBCMT:crt0init.obj
 0001:00000158       ___xt_z                    10001158     LIBCMT:crt0init.obj
 0001:00000160       ??_C@_04PACNCDOP@IFPc?$AA@ 10001160     cbFmt.obj
 0001:00000168       ??_C@_03BKMLCBIA@IPc?$AA@  10001168     cbFmt.obj
 0001:0000016c       ??_C@_07KHHCOAFE@TotCPS4?$AA@ 1000116c     cbFmt.obj
 0001:00000174       ??_C@_04DIFDEGMH@CPS4?$AA@ 10001174     cbFmt.obj
 0001:0000017c       ??_C@_07MEPLPIPL@CurCPS4?$AA@ 1000117c     cbFmt.obj
 0001:00000184       ??_C@_03CGMEPENC@FPg?$AA@  10001184     cbFmt.obj
 0001:00000188       ??_C@_02EGLOPFDN@Pg?$AA@   10001188     cbFmt.obj
 0001:0000018c       ??_C@_03ECKIDBNG@FPc?$AA@  1000118c     cbFmt.obj
 0001:00000190       ??_C@_02CCNCDADJ@Pc?$AA@   10001190     cbFmt.obj
 0001:00000194       ??_C@_06KLIAEKEC@SkipPg?$AA@ 10001194     cbFmt.obj
 0001:0000019c       ??_C@_05HBPFPCOG@CurPg?$AA@ 1000119c     cbFmt.obj
 0001:000001a4       ??_C@_06MPOMIPEG@SkipPc?$AA@ 100011a4     cbFmt.obj
 0001:000001ac       ??_C@_05BFJJDHOC@CurPc?$AA@ 100011ac     cbFmt.obj
 0001:000001b4       ??_C@_03LDHANJJJ@CnF?$AA@  100011b4     cbFmt.obj
 0001:000001b8       ??_C@_03JNNOAOMM@CnR?$AA@  100011b8     cbFmt.obj
 0001:000001bc       ??_C@_06NOCDGNAP@CnSkip?$AA@ 100011bc     cbFmt.obj
 0001:000001c4       ??_C@_02IJBMFDFN@Cn?$AA@   100011c4     cbFmt.obj
 0001:000001c8       ??_C@_08KFEMPNOG@FPercent?$AA@ 100011c8     cbFmt.obj
 0001:000001d4       ??_C@_07ILOPEMKM@Percent?$AA@ 100011d4     cbFmt.obj
 0001:000001dc       ??_C@_09KGLGHMLJ@FProgress?$AA@ 100011dc     cbFmt.obj
 0001:000001e8       ??_C@_08DAJBHHIG@Progress?$AA@ 100011e8     cbFmt.obj
 0001:000001f4       ??_C@_06DEHCMBFB@TotCPS?$AA@ 100011f4     cbFmt.obj
 0001:000001fc       ??_C@_03KKDAPHBH@CPS?$AA@  100011fc     cbFmt.obj
 0001:00000200       ??_C@_06LLAGLHEM@CurCPS?$AA@ 10001200     cbFmt.obj
 0001:00000208       ??_C@_08BNKKBHFK@TotEDate?$AA@ 10001208     cbFmt.obj
 0001:00000214       ??_C@_08KLAJDAMI@TotETime?$AA@ 10001214     cbFmt.obj
 0001:00000220       ??_C@_08LFNKACOL@TotRTime?$AA@ 10001220     cbFmt.obj
 0001:0000022c       ??_C@_08CNJNECGG@TotFTime?$AA@ 1000122c     cbFmt.obj
 0001:00000238       ??_C@_07HFMELIGC@TotTime?$AA@ 10001238     cbFmt.obj
 0001:00000240       ??_C@_08BOJDGLAO@TotRSize?$AA@ 10001240     cbFmt.obj
 0001:0000024c       ??_C@_08IGNECLID@TotFSize?$AA@ 1000124c     cbFmt.obj
 0001:00000258       ??_C@_08EAFJCN@TotESize?$AA@ 10001258     cbFmt.obj
 0001:00000264       ??_C@_07NOINNBIH@TotSize?$AA@ 10001264     cbFmt.obj
 0001:0000026c       ??_C@_08FLKACADL@CurEDate?$AA@ 1000126c     cbFmt.obj
 0001:00000278       ??_C@_08ONADAHKJ@CurETime?$AA@ 10001278     cbFmt.obj
 0001:00000284       ??_C@_08PDNADFIK@CurRTime?$AA@ 10001284     cbFmt.obj
 0001:00000290       ??_C@_08GLJHHFAH@CurFTime?$AA@ 10001290     cbFmt.obj
 0001:0000029c       ??_C@_07BGENKAMN@CurTime?$AA@ 1000129c     cbFmt.obj
 0001:000002a4       ??_C@_08FIJJFMGP@CurRSize?$AA@ 100012a4     cbFmt.obj
 0001:000002b0       ??_C@_08MANOBMOC@CurFSize?$AA@ 100012b0     cbFmt.obj
 0001:000002bc       ??_C@_08EGEKGOEM@CurESize?$AA@ 100012bc     cbFmt.obj
 0001:000002c8       ??_C@_07LNAEMJCI@CurSize?$AA@ 100012c8     cbFmt.obj
 0001:000002d0       ??_C@_08HDGMCDDL@DestName?$AA@ 100012d0     cbFmt.obj
 0001:000002dc       ??_C@_08KOFOMGK@DestPath?$AA@ 100012dc     cbFmt.obj
 0001:000002e8       ??_C@_0N@MKKCEOMP@DestPathname?$AA@ 100012e8     cbFmt.obj
 0001:000002f8       ??_C@_07IIDPNJJK@SrcName?$AA@ 100012f8     cbFmt.obj
 0001:00000300       ??_C@_07PBLGBGML@SrcPath?$AA@ 10001300     cbFmt.obj
 0001:00000308       ??_C@_0M@DMNPODKK@SrcPathname?$AA@ 10001308     cbFmt.obj
 0001:00000314       ??_C@_01CLKCMJKC@?5?$AA@   10001314     cbFmt.obj
 0001:00000318       ??_C@_04FCMNJMCO@?$CFd?$CF?$CF?$AA@ 10001318     cbFmt.obj
 0001:00000320       ??_C@_08NCCGIIAL@?$CF2?41lf?$CF?$CF?$AA@ 10001320     cbFmt.obj
 0001:0000032c       ??_C@_04JJCPFEAC@100?$CF?$AA@ 1000132c     cbFmt.obj
 0001:00000338       __real@4008000000000000    10001338     cbFmt.obj
 0001:00000340       ??_C@_0P@PLMNPDMB@?$CF02d?3?$CF02d?3?$CF02d?$AA@ 10001340     cbFmt.obj
 0001:00000350       ??_C@_0BL@JOANJFMB@?9?$FL?$CF27CurPg?$CF?$FN?9?$FL?$CF27SkipPg?$CF?$FN?9?$AA@ 10001350     TraficCB.obj
 0001:0000036c       ??_C@_0BN@GHMFMDMI@?$CF?4FPercent?$CF?9?$FL?$CF57FProgress?$CF?$FN?9?$AA@ 1000136c     TraficCB.obj
 0001:0000038c       ??_C@_0DN@LFBEGOPO@?5?5?5?$CF?$CL14TotFSize?$CF?5?5?$CFTotRTime?$CF?5?5?5?5@ 1000138c     TraficCB.obj
 0001:000003cc       ??_C@_0DF@IJIJGBPF@?5?5?5?$CF?$CL14TotSize?$CF?5?5?$CFTotTime?$CF?5?5?5?5?5?5@ 100013cc     TraficCB.obj
 0001:00000404       ??_C@_0BP@CLDJDILI@?DTotal?5?$CFCnF?$CF?1?$CFCn?$CF?1?$CFCnSkip?$CF?$CF?$DO?D?$CF?$AA@ 10001404     TraficCB.obj
 0001:00000424       ??_C@_0BG@GBHLFFPO@?$CF?4Pc?$CF?9?$FL?$CF57Progress?$CF?$FN?9?$AA@ 10001424     TraficCB.obj
 0001:0000043c       ??_C@_0DN@NEGGAHFO@?5?5?5?$CF?$CL14CurFSize?$CF?5?5?$CFCurRTime?$CF?5?5?5?5@ 1000143c     TraficCB.obj
 0001:0000047c       ??_C@_0DC@JLFHGIOA@?5?5?5?$CF?$CL14CurSize?$CF?5?5?$CFCurTime?$CF?5?5?5?5?5?5@ 1000147c     TraficCB.obj
 0001:000004b0       ??_C@_0BL@IBFDKFDO@?DCurrent?5?$CFCn?$CF?$CI?$CFCurPc?$CF?$CJ?$CF?$DO?D?$CF?$AA@ 100014b0     TraficCB.obj
 0001:000004cc       ??_C@_0BE@MJCFNCCG@?$CF?$CK?z?961DestPathname?$CF?$AA@ 100014cc     TraficCB.obj
 0001:000004e0       ??_C@_0BD@HGJIHPAJ@?$CF?$CK?z?961SrcPathname?$CF?$AA@ 100014e0     TraficCB.obj
 0001:000004f8       __real@408f400000000000    100014f8     TraficCB.obj
 0001:00000500       __real@41f0000000000000    10001500     TraficCB.obj
 0001:00000508       ??_C@_08CFJNAAIK@?$DMbadCmd?$DO?$AA@ 10001508     TraficCB.obj
 0001:00000514       ??_C@_06NMHEGFEM@?$DMmany?$DO?$AA@ 10001514     TraficCB.obj
 0001:0000051c       ??_C@_0N@OJIGCKBO@?$CL?90123456789?$AA@ 1000151c     TraficCB.obj
 0001:0000052c       ??_C@_0L@FPFMPDDA@0123456789?$AA@ 1000152c     TraficCB.obj
 0001:00000538       ??_C@_08LCDAMOAL@Line?$CF02d?$AA@ 10001538     TraficCB.obj
 0001:00000541       ??_C@_00CNPNBAHC@?$AA@     10001541     TraficCB.obj
 0001:00000544       ??_C@_05IJGIMMHE@Count?$AA@ 10001544     TraficCB.obj
 0001:0000054c       ??_C@_0O@MFADKIJM@CopyDialog?2?$CFs?$AA@ 1000154c     TraficCB.obj
 0001:0000055c       ??_C@_06BNEENKNB@?$CFd?3?5?$CFs?$AA@ 1000155c     TraficCB.obj
 0001:00000564       ??_C@_0BE@MBDKECPG@?$HL?$CF2?41lf?$CF?$CF?$HN?5?$CFs?5?9?5Far?$AA@ 10001564     TraficCB.obj
 0001:00000578       ??_C@_0BI@FNBLLALI@?$CFd?3?5?$HL?$CF2?41lf?$CF?$CF?$HN?5?$CFs?5?9?5Far?$AA@ 10001578     TraficCB.obj
 0001:00000590       ??_C@_0BF@ILAFCDBC@?$HL?$CF2?41lf?$CF?$CF?$HN?5?$CFs?3?5?$CF?426s?$AA@ 10001590     TraficCB.obj
 0001:000005a8       __real@4059000000000000    100015a8     Utils.obj
 0001:000005b0       ??_C@_04PEOOHEKN@?$CFd?$CFc?$AA@ 100015b0     Utils.obj
 0001:000005b8       __real@40c3880000000000    100015b8     Utils.obj
 0001:000005c0       __real@412e848000000000    100015c0     Utils.obj
 0001:000005c8       __real@416312d000000000    100015c8     Utils.obj
 0001:000005d0       ??_C@_07MOOEEHAA@?$CF02d?9?$CFs?$AA@ 100015d0     Utils.obj
 0001:000005dc       ??_7bad_alloc@std@@6B@     100015dc     LIBCMT:new.obj
 0001:000005e4       ??_C@_0P@GHFPNOJB@bad?5allocation?$AA@ 100015e4     LIBCMT:new.obj
 0001:000005f4       __FPinit                   100015f4     LIBCMT:_fpinit_.obj
 0001:000005f8       __pRawDllMain              100015f8     LIBCMT:dllcrt0.obj
 0001:000005f8       __pDefaultRawDllMain       100015f8     LIBCMT:dllcrt0.obj
 0001:00000600       ??_7exception@std@@6B@     10001600     LIBCMT:stdexcpt.obj
 0001:00000608       ??_C@_0BC@EOODALEL@Unknown?5exception?$AA@ 10001608     LIBCMT:stdexcpt.obj
 0001:00000620       ??_7type_info@@6B@         10001620     LIBCMT:typinfo.obj
 0001:00000644       ??_C@_02CLFPBFFP@TZ?$AA@   10001644     LIBCMT:tzset.obj
 0001:00000648       ___dnames                  10001648     LIBCMT:timeset.obj
 0001:00000660       ___mnames                  10001660     LIBCMT:timeset.obj
 0001:00000688       ??_C@_1O@CEDCILHN@?$AA?$CI?$AAn?$AAu?$AAl?$AAl?$AA?$CJ?$AA?$AA@ 10001688     LIBCMT:output.obj
 0001:00000698       ??_C@_06OJHGLDPL@?$CInull?$CJ?$AA@ 10001698     LIBCMT:output.obj
 0001:000006a0       ___lookuptable             100016a0     LIBCMT:output.obj
 0001:000006fc       ??_C@_05KLBDPFGC@e?$CL000?$AA@ 100016fc     LIBCMT:cvt.obj
 0001:00000704       ??_C@_1BC@GDGBMEMK@?$AAH?$AAH?$AA?3?$AAm?$AAm?$AA?3?$AAs?$AAs?$AA?$AA@ 10001704     LIBCMT:nlsdata2.obj
 0001:00000718       ??_C@_1CI@KNAKOEBC@?$AAd?$AAd?$AAd?$AAd?$AA?0?$AA?5?$AAM?$AAM?$AAM?$AAM?$AA?5?$AAd?$AAd?$AA?0?$AA?5?$AAy?$AAy?$AAy?$AAy?$AA?$AA@ 10001718     LIBCMT:nlsdata2.obj
 0001:00000740       ??_C@_1BC@IEBCMHCM@?$AAM?$AAM?$AA?1?$AAd?$AAd?$AA?1?$AAy?$AAy?$AA?$AA@ 10001740     LIBCMT:nlsdata2.obj
 0001:00000754       ??_C@_15CLMNNGEL@?$AAP?$AAM?$AA?$AA@ 10001754     LIBCMT:nlsdata2.obj
 0001:0000075c       ??_C@_15ODEHAHHF@?$AAA?$AAM?$AA?$AA@ 1000175c     LIBCMT:nlsdata2.obj
 0001:00000764       ??_C@_1BC@FEMKIFH@?$AAD?$AAe?$AAc?$AAe?$AAm?$AAb?$AAe?$AAr?$AA?$AA@ 10001764     LIBCMT:nlsdata2.obj
 0001:00000778       ??_C@_1BC@BGLIFPF@?$AAN?$AAo?$AAv?$AAe?$AAm?$AAb?$AAe?$AAr?$AA?$AA@ 10001778     LIBCMT:nlsdata2.obj
 0001:0000078c       ??_C@_1BA@EPANDLNG@?$AAO?$AAc?$AAt?$AAo?$AAb?$AAe?$AAr?$AA?$AA@ 1000178c     LIBCMT:nlsdata2.obj
 0001:0000079c       ??_C@_1BE@DKAAMBJL@?$AAS?$AAe?$AAp?$AAt?$AAe?$AAm?$AAb?$AAe?$AAr?$AA?$AA@ 1000179c     LIBCMT:nlsdata2.obj
 0001:000007b0       ??_C@_1O@PAHLKOAC@?$AAA?$AAu?$AAg?$AAu?$AAs?$AAt?$AA?$AA@ 100017b0     LIBCMT:nlsdata2.obj
 0001:000007c0       ??_C@_19BIFMLPCD@?$AAJ?$AAu?$AAl?$AAy?$AA?$AA@ 100017c0     LIBCMT:nlsdata2.obj
 0001:000007cc       ??_C@_19EPFLPGAP@?$AAJ?$AAu?$AAn?$AAe?$AA?$AA@ 100017cc     LIBCMT:nlsdata2.obj
 0001:000007d8       ??_C@_1M@GJNLMHFD@?$AAA?$AAp?$AAr?$AAi?$AAl?$AA?$AA@ 100017d8     LIBCMT:nlsdata2.obj
 0001:000007e4       ??_C@_1M@IKEENEDF@?$AAM?$AAa?$AAr?$AAc?$AAh?$AA?$AA@ 100017e4     LIBCMT:nlsdata2.obj
 0001:000007f0       ??_C@_1BC@JGDDFFAM@?$AAF?$AAe?$AAb?$AAr?$AAu?$AAa?$AAr?$AAy?$AA?$AA@ 100017f0     LIBCMT:nlsdata2.obj
 0001:00000804       ??_C@_1BA@EFMEIEBA@?$AAJ?$AAa?$AAn?$AAu?$AAa?$AAr?$AAy?$AA?$AA@ 10001804     LIBCMT:nlsdata2.obj
 0001:00000814       ??_C@_17EGKACKIF@?$AAD?$AAe?$AAc?$AA?$AA@ 10001814     LIBCMT:nlsdata2.obj
 0001:0000081c       ??_C@_17BBDMLCIG@?$AAN?$AAo?$AAv?$AA?$AA@ 1000181c     LIBCMT:nlsdata2.obj
 0001:00000824       ??_C@_17FNLKOI@?$AAO?$AAc?$AAt?$AA?$AA@ 10001824     LIBCMT:nlsdata2.obj
 0001:0000082c       ??_C@_17HCHCOKMG@?$AAS?$AAe?$AAp?$AA?$AA@ 1000182c     LIBCMT:nlsdata2.obj
 0001:00000834       ??_C@_17ICPELBCN@?$AAA?$AAu?$AAg?$AA?$AA@ 10001834     LIBCMT:nlsdata2.obj
 0001:0000083c       ??_C@_17IJPCKHK@?$AAJ?$AAu?$AAl?$AA?$AA@ 1000183c     LIBCMT:nlsdata2.obj
 0001:00000844       ??_C@_17KCJGOCPB@?$AAJ?$AAu?$AAn?$AA?$AA@ 10001844     LIBCMT:nlsdata2.obj
 0001:0000084c       ??_C@_17PNNKMEED@?$AAM?$AAa?$AAy?$AA?$AA@ 1000184c     LIBCMT:nlsdata2.obj
 0001:00000854       ??_C@_17LFPOIHDD@?$AAA?$AAp?$AAr?$AA?$AA@ 10001854     LIBCMT:nlsdata2.obj
 0001:0000085c       ??_C@_17CKNLEDEC@?$AAM?$AAa?$AAr?$AA?$AA@ 1000185c     LIBCMT:nlsdata2.obj
 0001:00000864       ??_C@_17LMDJEKJN@?$AAF?$AAe?$AAb?$AA?$AA@ 10001864     LIBCMT:nlsdata2.obj
 0001:0000086c       ??_C@_17DKNBKCHM@?$AAJ?$AAa?$AAn?$AA?$AA@ 1000186c     LIBCMT:nlsdata2.obj
 0001:00000874       ??_C@_1BC@ENMNNPAJ@?$AAS?$AAa?$AAt?$AAu?$AAr?$AAd?$AAa?$AAy?$AA?$AA@ 10001874     LIBCMT:nlsdata2.obj
 0001:00000888       ??_C@_1O@PDICJHAG@?$AAF?$AAr?$AAi?$AAd?$AAa?$AAy?$AA?$AA@ 10001888     LIBCMT:nlsdata2.obj
 0001:00000898       ??_C@_1BC@HHMNLIHE@?$AAT?$AAh?$AAu?$AAr?$AAs?$AAd?$AAa?$AAy?$AA?$AA@ 10001898     LIBCMT:nlsdata2.obj
 0001:000008ac       ??_C@_1BE@EBOGMDOH@?$AAW?$AAe?$AAd?$AAn?$AAe?$AAs?$AAd?$AAa?$AAy?$AA?$AA@ 100018ac     LIBCMT:nlsdata2.obj
 0001:000008c0       ??_C@_1BA@ENFBFFEK@?$AAT?$AAu?$AAe?$AAs?$AAd?$AAa?$AAy?$AA?$AA@ 100018c0     LIBCMT:nlsdata2.obj
 0001:000008d0       ??_C@_1O@MMNBFLIA@?$AAM?$AAo?$AAn?$AAd?$AAa?$AAy?$AA?$AA@ 100018d0     LIBCMT:nlsdata2.obj
 0001:000008e0       ??_C@_1O@IHNHDHPB@?$AAS?$AAu?$AAn?$AAd?$AAa?$AAy?$AA?$AA@ 100018e0     LIBCMT:nlsdata2.obj
 0001:000008f0       ??_C@_17GGIBDPIH@?$AAS?$AAa?$AAt?$AA?$AA@ 100018f0     LIBCMT:nlsdata2.obj
 0001:000008f8       ??_C@_17HFOLPPLP@?$AAF?$AAr?$AAi?$AA?$AA@ 100018f8     LIBCMT:nlsdata2.obj
 0001:00000900       ??_C@_17PDPHAADD@?$AAT?$AAh?$AAu?$AA?$AA@ 10001900     LIBCMT:nlsdata2.obj
 0001:00000908       ??_C@_17CJEDCEPE@?$AAW?$AAe?$AAd?$AA?$AA@ 10001908     LIBCMT:nlsdata2.obj
 0001:00000910       ??_C@_17BMKGEGOJ@?$AAT?$AAu?$AAe?$AA?$AA@ 10001910     LIBCMT:nlsdata2.obj
 0001:00000918       ??_C@_17KBOMKBF@?$AAM?$AAo?$AAn?$AA?$AA@ 10001918     LIBCMT:nlsdata2.obj
 0001:00000920       ??_C@_17MBGCMIPB@?$AAS?$AAu?$AAn?$AA?$AA@ 10001920     LIBCMT:nlsdata2.obj
 0001:00000928       ??_C@_08JCCMCCIL@HH?3mm?3ss?$AA@ 10001928     LIBCMT:nlsdata2.obj
 0001:00000934       ??_C@_0BE@CKGJFCPC@dddd?0?5MMMM?5dd?0?5yyyy?$AA@ 10001934     LIBCMT:nlsdata2.obj
 0001:00000948       ??_C@_08BPBNCDIB@MM?1dd?1yy?$AA@ 10001948     LIBCMT:nlsdata2.obj
 0001:00000954       ??_C@_02CJNFDJBF@PM?$AA@   10001954     LIBCMT:nlsdata2.obj
 0001:00000958       ??_C@_02DEDBPAFC@AM?$AA@   10001958     LIBCMT:nlsdata2.obj
 0001:0000095c       ??_C@_08EDHMEBNP@December?$AA@ 1000195c     LIBCMT:nlsdata2.obj
 0001:00000968       ??_C@_08HCHEGEOA@November?$AA@ 10001968     LIBCMT:nlsdata2.obj
 0001:00000974       ??_C@_07JJNFCEND@October?$AA@ 10001974     LIBCMT:nlsdata2.obj
 0001:0000097c       ??_C@_09BHHEALKD@September?$AA@ 1000197c     LIBCMT:nlsdata2.obj
 0001:00000988       ??_C@_06LBBHFDDG@August?$AA@ 10001988     LIBCMT:nlsdata2.obj
 0001:00000990       ??_C@_04MIEPOIFP@July?$AA@ 10001990     LIBCMT:nlsdata2.obj
 0001:00000998       ??_C@_04CNLMGBGM@June?$AA@ 10001998     LIBCMT:nlsdata2.obj
 0001:000009a0       ??_C@_05DMJDNLEJ@April?$AA@ 100019a0     LIBCMT:nlsdata2.obj
 0001:000009a8       ??_C@_05HPCKOFNC@March?$AA@ 100019a8     LIBCMT:nlsdata2.obj
 0001:000009b0       ??_C@_08GNJGEPFN@February?$AA@ 100019b0     LIBCMT:nlsdata2.obj
 0001:000009bc       ??_C@_07CGJPFGJA@January?$AA@ 100019bc     LIBCMT:nlsdata2.obj
 0001:000009c4       ??_C@_03MKABNOCG@Dec?$AA@  100019c4     LIBCMT:nlsdata2.obj
 0001:000009c8       ??_C@_03JPJOFNIA@Nov?$AA@  100019c8     LIBCMT:nlsdata2.obj
 0001:000009cc       ??_C@_03BMAOKBAD@Oct?$AA@  100019cc     LIBCMT:nlsdata2.obj
 0001:000009d0       ??_C@_03GGCAPAJC@Sep?$AA@  100019d0     LIBCMT:nlsdata2.obj
 0001:000009d4       ??_C@_03IFJFEIGA@Aug?$AA@  100019d4     LIBCMT:nlsdata2.obj
 0001:000009d8       ??_C@_03LBGABGKK@Jul?$AA@  100019d8     LIBCMT:nlsdata2.obj
 0001:000009dc       ??_C@_03IDFGHECI@Jun?$AA@  100019dc     LIBCMT:nlsdata2.obj
 0001:000009e0       ??_C@_03CNMDKL@May?$AA@    100019e0     LIBCMT:nlsdata2.obj
 0001:000009e4       ??_C@_03LEOLGMJP@Apr?$AA@  100019e4     LIBCMT:nlsdata2.obj
 0001:000009e8       ??_C@_03ODNJBKGA@Mar?$AA@  100019e8     LIBCMT:nlsdata2.obj
 0001:000009ec       ??_C@_03HJBDCHOM@Feb?$AA@  100019ec     LIBCMT:nlsdata2.obj
 0001:000009f0       ??_C@_03JIHJHPIE@Jan?$AA@  100019f0     LIBCMT:nlsdata2.obj
 0001:000009f4       ??_C@_08INBOOONO@Saturday?$AA@ 100019f4     LIBCMT:nlsdata2.obj
 0001:00000a00       ??_C@_06JECMNKMI@Friday?$AA@ 10001a00     LIBCMT:nlsdata2.obj
 0001:00000a08       ??_C@_08HACCIKIA@Thursday?$AA@ 10001a08     LIBCMT:nlsdata2.obj
 0001:00000a14       ??_C@_09DLIGFAKA@Wednesday?$AA@ 10001a14     LIBCMT:nlsdata2.obj
 0001:00000a20       ??_C@_07BAAGCFCM@Tuesday?$AA@ 10001a20     LIBCMT:nlsdata2.obj
 0001:00000a28       ??_C@_06JLEDEDGH@Monday?$AA@ 10001a28     LIBCMT:nlsdata2.obj
 0001:00000a30       ??_C@_06OOPIFAJ@Sunday?$AA@ 10001a30     LIBCMT:nlsdata2.obj
 0001:00000a38       ??_C@_03FEFJNEK@Sat?$AA@   10001a38     LIBCMT:nlsdata2.obj
 0001:00000a3c       ??_C@_03IDIOELNC@Fri?$AA@  10001a3c     LIBCMT:nlsdata2.obj
 0001:00000a40       ??_C@_03IOFIKPDN@Thu?$AA@  10001a40     LIBCMT:nlsdata2.obj
 0001:00000a44       ??_C@_03MHOMLAJA@Wed?$AA@  10001a44     LIBCMT:nlsdata2.obj
 0001:00000a48       ??_C@_03NAGEINEP@Tue?$AA@  10001a48     LIBCMT:nlsdata2.obj
 0001:00000a4c       ??_C@_03PDAGKDH@Mon?$AA@   10001a4c     LIBCMT:nlsdata2.obj
 0001:00000a50       ??_C@_03KOEHGMDN@Sun?$AA@  10001a50     LIBCMT:nlsdata2.obj
 0001:00000a54       ??_C@_1BK@DBDEIDLH@?$AAK?$AAE?$AAR?$AAN?$AAE?$AAL?$AA3?$AA2?$AA?4?$AAD?$AAL?$AAL?$AA?$AA@ 10001a54     LIBCMT:tidtable.obj
 0001:00000a70       ??_C@_07PEJMOBNF@FlsFree?$AA@ 10001a70     LIBCMT:tidtable.obj
 0001:00000a78       ??_C@_0M@JCPCPOEF@FlsSetValue?$AA@ 10001a78     LIBCMT:tidtable.obj
 0001:00000a84       ??_C@_0M@GDNOONDI@FlsGetValue?$AA@ 10001a84     LIBCMT:tidtable.obj
 0001:00000a90       ??_C@_08KNHFBNJ@FlsAlloc?$AA@ 10001a90     LIBCMT:tidtable.obj
 0001:00000b20       ??_C@_01NEMOKFLO@?$DN?$AA@ 10001b20     LIBCMT:setlocal.obj
 0001:00000b24       ??_C@_0P@MIGLKIOC@CorExitProcess?$AA@ 10001b24     LIBCMT:crt0dat.obj
 0001:00000b34       ??_C@_1BI@BGOHAHKC@?$AAm?$AAs?$AAc?$AAo?$AAr?$AAe?$AAe?$AA?4?$AAd?$AAl?$AAl?$AA?$AA@ 10001b34     LIBCMT:crt0dat.obj
 0001:00000b50       __XcptActTab               10001b50     LIBCMT:winxfltr.obj
 0001:00000be0       __First_FPE_Indx           10001be0     LIBCMT:winxfltr.obj
 0001:00000be4       __Num_FPE                  10001be4     LIBCMT:winxfltr.obj
 0001:00000be8       __XcptActTabSize           10001be8     LIBCMT:winxfltr.obj
 0001:00000bec       __XcptActTabCount          10001bec     LIBCMT:winxfltr.obj
 0001:00000bf0       ??_C@_1BO@BKOMIGKJ@?$AAr?$AAu?$AAn?$AAt?$AAi?$AAm?$AAe?$AA?5?$AAe?$AAr?$AAr?$AAo?$AAr?$AA?5?$AA?$AA@ 10001bf0     LIBCMT:crt0msg.obj
 0001:00000c10       ??_C@_15JNBOKNOG@?$AA?$AN?$AA?6?$AA?$AA@ 10001c10     LIBCMT:crt0msg.obj
 0001:00000c18       ??_C@_1BM@JBBEPPHI@?$AAT?$AAL?$AAO?$AAS?$AAS?$AA?5?$AAe?$AAr?$AAr?$AAo?$AAr?$AA?$AN?$AA?6?$AA?$AA@ 10001c18     LIBCMT:crt0msg.obj
 0001:00000c34       ??_C@_1BK@KMOMNAAI@?$AAS?$AAI?$AAN?$AAG?$AA?5?$AAe?$AAr?$AAr?$AAo?$AAr?$AA?$AN?$AA?6?$AA?$AA@ 10001c34     LIBCMT:crt0msg.obj
 0001:00000c50       ??_C@_1BO@BFCDCGC@?$AAD?$AAO?$AAM?$AAA?$AAI?$AAN?$AA?5?$AAe?$AAr?$AAr?$AAo?$AAr?$AA?$AN?$AA?6?$AA?$AA@ 10001c50     LIBCMT:crt0msg.obj
 0001:00000c70       ??_C@_1BOO@KGEDBGAJ@?$AAR?$AA6?$AA0?$AA3?$AA3?$AA?$AN?$AA?6?$AA?9?$AA?5?$AAA?$AAt?$AAt?$AAe?$AAm?$AAp?$AAt?$AA?5?$AAt?$AAo?$AA?5?$AAu?$AAs?$AAe?$AA?5?$AAM?$AAS?$AAI?$AAL?$AA?5?$AAc?$AAo?$AAd@ 10001c70     LIBCMT:crt0msg.obj
 0001:00000e60       ??_C@_1GG@GOPILAJP@?$AAR?$AA6?$AA0?$AA3?$AA2?$AA?$AN?$AA?6?$AA?9?$AA?5?$AAn?$AAo?$AAt?$AA?5?$AAe?$AAn?$AAo?$AAu?$AAg?$AAh?$AA?5?$AAs?$AAp?$AAa?$AAc?$AAe?$AA?5?$AAf?$AAo?$AAr?$AA?5?$AAl?$AAo@ 10001e60     LIBCMT:crt0msg.obj
 0001:00000ec8       ??_C@_1MG@ENCOOIDF@?$AAR?$AA6?$AA0?$AA3?$AA1?$AA?$AN?$AA?6?$AA?9?$AA?5?$AAA?$AAt?$AAt?$AAe?$AAm?$AAp?$AAt?$AA?5?$AAt?$AAo?$AA?5?$AAi?$AAn?$AAi?$AAt?$AAi?$AAa?$AAl?$AAi?$AAz?$AAe?$AA?5?$AAt@ 10001ec8     LIBCMT:crt0msg.obj
 0001:00000f90       ??_C@_1DO@BMFCDCD@?$AAR?$AA6?$AA0?$AA3?$AA0?$AA?$AN?$AA?6?$AA?9?$AA?5?$AAC?$AAR?$AAT?$AA?5?$AAn?$AAo?$AAt?$AA?5?$AAi?$AAn?$AAi?$AAt?$AAi?$AAa?$AAl?$AAi?$AAz?$AAe?$AAd?$AA?$AN?$AA?6?$AA?$AA@ 10001f90     LIBCMT:crt0msg.obj
 0001:00000fd0       ??_C@_1EK@HHFLMAOL@?$AAR?$AA6?$AA0?$AA2?$AA8?$AA?$AN?$AA?6?$AA?9?$AA?5?$AAu?$AAn?$AAa?$AAb?$AAl?$AAe?$AA?5?$AAt?$AAo?$AA?5?$AAi?$AAn?$AAi?$AAt?$AAi?$AAa?$AAl?$AAi?$AAz?$AAe?$AA?5?$AAh?$AAe@ 10001fd0     LIBCMT:crt0msg.obj
 0001:00001020       ??_C@_1GK@MFGOKLAG@?$AAR?$AA6?$AA0?$AA2?$AA7?$AA?$AN?$AA?6?$AA?9?$AA?5?$AAn?$AAo?$AAt?$AA?5?$AAe?$AAn?$AAo?$AAu?$AAg?$AAh?$AA?5?$AAs?$AAp?$AAa?$AAc?$AAe?$AA?5?$AAf?$AAo?$AAr?$AA?5?$AAl?$AAo@ 10002020     LIBCMT:crt0msg.obj
 0001:00001090       ??_C@_1GK@MCAAGJMO@?$AAR?$AA6?$AA0?$AA2?$AA6?$AA?$AN?$AA?6?$AA?9?$AA?5?$AAn?$AAo?$AAt?$AA?5?$AAe?$AAn?$AAo?$AAu?$AAg?$AAh?$AA?5?$AAs?$AAp?$AAa?$AAc?$AAe?$AA?5?$AAf?$AAo?$AAr?$AA?5?$AAs?$AAt@ 10002090     LIBCMT:crt0msg.obj
 0001:00001100       ??_C@_1EM@MAADIHMB@?$AAR?$AA6?$AA0?$AA2?$AA5?$AA?$AN?$AA?6?$AA?9?$AA?5?$AAp?$AAu?$AAr?$AAe?$AA?5?$AAv?$AAi?$AAr?$AAt?$AAu?$AAa?$AAl?$AA?5?$AAf?$AAu?$AAn?$AAc?$AAt?$AAi?$AAo?$AAn?$AA?5?$AAc@ 10002100     LIBCMT:crt0msg.obj
 0001:00001150       ??_C@_1GK@FHCKBEFA@?$AAR?$AA6?$AA0?$AA2?$AA4?$AA?$AN?$AA?6?$AA?9?$AA?5?$AAn?$AAo?$AAt?$AA?5?$AAe?$AAn?$AAo?$AAu?$AAg?$AAh?$AA?5?$AAs?$AAp?$AAa?$AAc?$AAe?$AA?5?$AAf?$AAo?$AAr?$AA?5?$AA_?$AAo@ 10002150     LIBCMT:crt0msg.obj
 0001:000011c0       ??_C@_1FC@ECHBIFBC@?$AAR?$AA6?$AA0?$AA1?$AA9?$AA?$AN?$AA?6?$AA?9?$AA?5?$AAu?$AAn?$AAa?$AAb?$AAl?$AAe?$AA?5?$AAt?$AAo?$AA?5?$AAo?$AAp?$AAe?$AAn?$AA?5?$AAc?$AAo?$AAn?$AAs?$AAo?$AAl?$AAe?$AA?5@ 100021c0     LIBCMT:crt0msg.obj
 0001:00001218       ??_C@_1EC@JIBHAOPH@?$AAR?$AA6?$AA0?$AA1?$AA8?$AA?$AN?$AA?6?$AA?9?$AA?5?$AAu?$AAn?$AAe?$AAx?$AAp?$AAe?$AAc?$AAt?$AAe?$AAd?$AA?5?$AAh?$AAe?$AAa?$AAp?$AA?5?$AAe?$AAr?$AAr?$AAo?$AAr?$AA?$AN?$AA?6@ 10002218     LIBCMT:crt0msg.obj
 0001:00001260       ??_C@_1FK@BEOGODMC@?$AAR?$AA6?$AA0?$AA1?$AA7?$AA?$AN?$AA?6?$AA?9?$AA?5?$AAu?$AAn?$AAe?$AAx?$AAp?$AAe?$AAc?$AAt?$AAe?$AAd?$AA?5?$AAm?$AAu?$AAl?$AAt?$AAi?$AAt?$AAh?$AAr?$AAe?$AAa?$AAd?$AA?5@ 10002260     LIBCMT:crt0msg.obj
 0001:000012c0       ??_C@_1FI@LOGNIKDM@?$AAR?$AA6?$AA0?$AA1?$AA6?$AA?$AN?$AA?6?$AA?9?$AA?5?$AAn?$AAo?$AAt?$AA?5?$AAe?$AAn?$AAo?$AAu?$AAg?$AAh?$AA?5?$AAs?$AAp?$AAa?$AAc?$AAe?$AA?5?$AAf?$AAo?$AAr?$AA?5?$AAt?$AAh@ 100022c0     LIBCMT:crt0msg.obj
 0001:00001318       ??_C@_1EG@BEHAGFJD@?$AAR?$AA6?$AA0?$AA1?$AA0?$AA?$AN?$AA?6?$AA?9?$AA?5?$AAa?$AAb?$AAo?$AAr?$AAt?$AA?$CI?$AA?$CJ?$AA?5?$AAh?$AAa?$AAs?$AA?5?$AAb?$AAe?$AAe?$AAn?$AA?5?$AAc?$AAa?$AAl?$AAl?$AAe?$AAd@ 10002318     LIBCMT:crt0msg.obj
 0001:00001360       ??_C@_1FI@HONFMGBI@?$AAR?$AA6?$AA0?$AA0?$AA9?$AA?$AN?$AA?6?$AA?9?$AA?5?$AAn?$AAo?$AAt?$AA?5?$AAe?$AAn?$AAo?$AAu?$AAg?$AAh?$AA?5?$AAs?$AAp?$AAa?$AAc?$AAe?$AA?5?$AAf?$AAo?$AAr?$AA?5?$AAe?$AAn@ 10002360     LIBCMT:crt0msg.obj
 0001:000013b8       ??_C@_1FE@LLNEDJMD@?$AAR?$AA6?$AA0?$AA0?$AA8?$AA?$AN?$AA?6?$AA?9?$AA?5?$AAn?$AAo?$AAt?$AA?5?$AAe?$AAn?$AAo?$AAu?$AAg?$AAh?$AA?5?$AAs?$AAp?$AAa?$AAc?$AAe?$AA?5?$AAf?$AAo?$AAr?$AA?5?$AAa?$AAr@ 100023b8     LIBCMT:crt0msg.obj
 0001:00001410       ??_C@_1FK@PGACCAFB@?$AAR?$AA6?$AA0?$AA0?$AA2?$AA?$AN?$AA?6?$AA?9?$AA?5?$AAf?$AAl?$AAo?$AAa?$AAt?$AAi?$AAn?$AAg?$AA?5?$AAp?$AAo?$AAi?$AAn?$AAt?$AA?5?$AAs?$AAu?$AAp?$AAp?$AAo?$AAr?$AAt?$AA?5@ 10002410     LIBCMT:crt0msg.obj
 0001:00001520       ??_C@_1EK@MBDPDCGA@?$AAM?$AAi?$AAc?$AAr?$AAo?$AAs?$AAo?$AAf?$AAt?$AA?5?$AAV?$AAi?$AAs?$AAu?$AAa?$AAl?$AA?5?$AAC?$AA?$CL?$AA?$CL?$AA?5?$AAR?$AAu?$AAn?$AAt?$AAi?$AAm?$AAe?$AA?5?$AAL?$AAi?$AAb@ 10002520     LIBCMT:crt0msg.obj
 0001:0000156c       ??_C@_15IABLJNFO@?$AA?6?$AA?6?$AA?$AA@ 1000256c     LIBCMT:crt0msg.obj
 0001:00001574       ??_C@_17LGKOMLJ@?$AA?4?$AA?4?$AA?4?$AA?$AA@ 10002574     LIBCMT:crt0msg.obj
 0001:0000157c       ??_C@_1CO@EAEJAADC@?$AA?$DM?$AAp?$AAr?$AAo?$AAg?$AAr?$AAa?$AAm?$AA?5?$AAn?$AAa?$AAm?$AAe?$AA?5?$AAu?$AAn?$AAk?$AAn?$AAo?$AAw?$AAn?$AA?$DO?$AA?$AA@ 1000257c     LIBCMT:crt0msg.obj
 0001:000015ac       ??_C@_1DE@JNGNBFGO@?$AAR?$AAu?$AAn?$AAt?$AAi?$AAm?$AAe?$AA?5?$AAE?$AAr?$AAr?$AAo?$AAr?$AA?$CB?$AA?6?$AA?6?$AAP?$AAr?$AAo?$AAg?$AAr?$AAa?$AAm?$AA?3?$AA?5?$AA?$AA@ 100025ac     LIBCMT:crt0msg.obj
 0001:000015e0       ___lookuptable_s           100025e0     LIBCMT:outputs.obj
 0001:00001640       ___newctype                10002640     LIBCMT:ctype.obj
 0001:00001940       __wctype                   10002940     LIBCMT:ctype.obj
 0001:00001b48       ___newclmap                10002b48     LIBCMT:ctype.obj
 0001:00001cc8       ___newcumap                10002cc8     LIBCMT:ctype.obj
 0001:00001e48       ??_C@_0BK@CFCOFLF@?5Complete?5Object?5Locator?8?$AA@ 10002e48     LIBCMT:undname.obj
 0001:00001e64       ??_C@_0BN@MECKDCOJ@?5Class?5Hierarchy?5Descriptor?8?$AA@ 10002e64     LIBCMT:undname.obj
 0001:00001e84       ??_C@_0BD@LGICGFMM@?5Base?5Class?5Array?8?$AA@ 10002e84     LIBCMT:undname.obj
 0001:00001e98       ??_C@_0BM@LDKODKLH@?5Base?5Class?5Descriptor?5at?5?$CI?$AA@ 10002e98     LIBCMT:undname.obj
 0001:00001eb4       ??_C@_0BC@DAFEJGAK@?5Type?5Descriptor?8?$AA@ 10002eb4     LIBCMT:undname.obj
 0001:00001ec8       ??_C@_0BM@PMGGMLDN@?$GAlocal?5static?5thread?5guard?8?$AA@ 10002ec8     LIBCMT:undname.obj
 0001:00001ee4       ??_C@_0CL@FGIJHLCE@?$GAmanaged?5vector?5copy?5constructor@ 10002ee4     LIBCMT:undname.obj
 0001:00001f10       ??_C@_0CJ@GJELGAMM@?$GAvector?5vbase?5copy?5constructor?5i@ 10002f10     LIBCMT:undname.obj
 0001:00001f3c       ??_C@_0CD@CGAJBKEJ@?$GAvector?5copy?5constructor?5iterato@ 10002f3c     LIBCMT:undname.obj
 0001:00001f60       ??_C@_0CB@PDBIFEP@?$GAdynamic?5atexit?5destructor?5for?5?8@ 10002f60     LIBCMT:undname.obj
 0001:00001f84       ??_C@_0BL@CLIPGLGB@?$GAdynamic?5initializer?5for?5?8?$AA@ 10002f84     LIBCMT:undname.obj
 0001:00001fa0       ??_C@_0CM@FCBBDIGB@?$GAeh?5vector?5vbase?5copy?5constructo@ 10002fa0     LIBCMT:undname.obj
 0001:00001fcc       ??_C@_0CG@HLDDJMAG@?$GAeh?5vector?5copy?5constructor?5iter@ 10002fcc     LIBCMT:undname.obj
 0001:00001ff4       ??_C@_0CF@IMGKMJNO@?$GAmanaged?5vector?5destructor?5itera@ 10002ff4     LIBCMT:undname.obj
 0001:0000201c       ??_C@_0CG@CFDHKGGD@?$GAmanaged?5vector?5constructor?5iter@ 1000301c     LIBCMT:undname.obj
 0001:00002044       ??_C@_0BN@CKNJLHMB@?$GAplacement?5delete?$FL?$FN?5closure?8?$AA@ 10003044     LIBCMT:undname.obj
 0001:00002064       ??_C@_0BL@CNOONJFP@?$GAplacement?5delete?5closure?8?$AA@ 10003064     LIBCMT:undname.obj
 0001:00002080       ??_C@_0P@HJKNJFNN@?$GAomni?5callsig?8?$AA@ 10003080     LIBCMT:undname.obj
 0001:00002090       ??_C@_09LBNFPBCA@?5delete?$FL?$FN?$AA@ 10003090     LIBCMT:undname.obj
 0001:0000209c       ??_C@_06FHBGPFGH@?5new?$FL?$FN?$AA@ 1000309c     LIBCMT:undname.obj
 0001:000020a4       ??_C@_0CE@IIHCMGGL@?$GAlocal?5vftable?5constructor?5closu@ 100030a4     LIBCMT:undname.obj
 0001:000020c8       ??_C@_0BA@KKLDJDLB@?$GAlocal?5vftable?8?$AA@ 100030c8     LIBCMT:undname.obj
 0001:000020d8       ??_C@_05KHLCHHI@?$GARTTI?$AA@ 100030d8     LIBCMT:undname.obj
 0001:000020e0       ??_C@_03KLGMFNMG@?$GAEH?$AA@ 100030e0     LIBCMT:undname.obj
 0001:000020e4       ??_C@_0BA@KBCDOMBN@?$GAudt?5returning?8?$AA@ 100030e4     LIBCMT:undname.obj
 0001:000020f4       ??_C@_0BL@LLKPOHJI@?$GAcopy?5constructor?5closure?8?$AA@ 100030f4     LIBCMT:undname.obj
 0001:00002110       ??_C@_0CH@OOJPLCPH@?$GAeh?5vector?5vbase?5constructor?5ite@ 10003110     LIBCMT:undname.obj
 0001:00002138       ??_C@_0CA@GCEOPDGL@?$GAeh?5vector?5destructor?5iterator?8?$AA@ 10003138     LIBCMT:undname.obj
 0001:00002158       ??_C@_0CB@JONCMFFK@?$GAeh?5vector?5constructor?5iterator?8@ 10003158     LIBCMT:undname.obj
 0001:0000217c       ??_C@_0BL@NILFHHPC@?$GAvirtual?5displacement?5map?8?$AA@ 1000317c     LIBCMT:undname.obj
 0001:00002198       ??_C@_0CE@IKBNEHA@?$GAvector?5vbase?5constructor?5iterat@ 10003198     LIBCMT:undname.obj
 0001:000021bc       ??_C@_0BN@LFPFMEDL@?$GAvector?5destructor?5iterator?8?$AA@ 100031bc     LIBCMT:undname.obj
 0001:000021dc       ??_C@_0BO@PFGOCPJJ@?$GAvector?5constructor?5iterator?8?$AA@ 100031dc     LIBCMT:undname.obj
 0001:000021fc       ??_C@_0BN@IMDCHIKM@?$GAscalar?5deleting?5destructor?8?$AA@ 100031fc     LIBCMT:undname.obj
 0001:0000221c       ??_C@_0BO@OBMKPJIG@?$GAdefault?5constructor?5closure?8?$AA@ 1000321c     LIBCMT:undname.obj
 0001:0000223c       ??_C@_0BN@DEGPLNFK@?$GAvector?5deleting?5destructor?8?$AA@ 1000323c     LIBCMT:undname.obj
 0001:0000225c       ??_C@_0BD@JDLKDPAB@?$GAvbase?5destructor?8?$AA@ 1000325c     LIBCMT:undname.obj
 0001:00002270       ??_C@_08OBABFOLI@?$GAstring?8?$AA@ 10003270     LIBCMT:undname.obj
 0001:0000227c       ??_C@_0BF@KDPPACIK@?$GAlocal?5static?5guard?8?$AA@ 1000327c     LIBCMT:undname.obj
 0001:00002294       ??_C@_08LLFFHHDJ@?$GAtypeof?8?$AA@ 10003294     LIBCMT:undname.obj
 0001:000022a0       ??_C@_07FEEIOKP@?$GAvcall?8?$AA@ 100032a0     LIBCMT:undname.obj
 0001:000022a8       ??_C@_09BLBHBJP@?$GAvbtable?8?$AA@ 100032a8     LIBCMT:undname.obj
 0001:000022b4       ??_C@_09IFPLHPGF@?$GAvftable?8?$AA@ 100032b4     LIBCMT:undname.obj
 0001:000022c0       ??_C@_02MHEGNOJ@?$FO?$DN?$AA@ 100032c0     LIBCMT:undname.obj
 0001:000022c4       ??_C@_02DHLNPPGH@?$HM?$DN?$AA@ 100032c4     LIBCMT:undname.obj
 0001:000022c8       ??_C@_02FGJGFEAB@?$CG?$DN?$AA@ 100032c8     LIBCMT:undname.obj
 0001:000022cc       ??_C@_03CDNPDDLA@?$DM?$DM?$DN?$AA@ 100032cc     LIBCMT:undname.obj
 0001:000022d0       ??_C@_03IKFCCPFF@?$DO?$DO?$DN?$AA@ 100032d0     LIBCMT:undname.obj
 0001:000022d4       ??_C@_02FENAOKFI@?$CF?$DN?$AA@ 100032d4     LIBCMT:undname.obj
 0001:000022d8       ??_C@_02FJEHGPIO@?1?$DN?$AA@ 100032d8     LIBCMT:undname.obj
 0001:000022dc       ??_C@_02FKMDLLOA@?9?$DN?$AA@ 100032dc     LIBCMT:undname.obj
 0001:000022e0       ??_C@_02FOEOMHFC@?$CL?$DN?$AA@ 100032e0     LIBCMT:undname.obj
 0001:000022e4       ??_C@_02FPIMKNGF@?$CK?$DN?$AA@ 100032e4     LIBCMT:undname.obj
 0001:000022e8       ??_C@_02NONPIBCD@?$HM?$HM?$AA@ 100032e8     LIBCMT:undname.obj
 0001:000022ec       ??_C@_02PPKAJPJL@?$CG?$CG?$AA@ 100032ec     LIBCMT:undname.obj
 0001:000022f0       ??_C@_01DNKMNLPK@?$HM?$AA@ 100032f0     LIBCMT:undname.obj
 0001:000022f4       ??_C@_01JKBOJNNK@?$FO?$AA@ 100032f4     LIBCMT:undname.obj
 0001:000022f8       ??_C@_01PJKLJHI@?$HO?$AA@  100032f8     LIBCMT:undname.obj
 0001:000022fc       ??_C@_02HCKGKOFO@?$CI?$CJ?$AA@ 100032fc     LIBCMT:undname.obj
 0001:00002300       ??_C@_01IHBHIGKO@?0?$AA@   10003300     LIBCMT:undname.obj
 0001:00002304       ??_C@_02EEKDKGMJ@?$DO?$DN?$AA@ 10003304     LIBCMT:undname.obj
 0001:00002308       ??_C@_01PPODPGHN@?$DO?$AA@ 10003308     LIBCMT:undname.obj
 0001:0000230c       ??_C@_02EHCHHCKH@?$DM?$DN?$AA@ 1000330c     LIBCMT:undname.obj
 0001:00002310       ??_C@_01MNNFJEPP@?$DM?$AA@ 10003310     LIBCMT:undname.obj
 0001:00002314       ??_C@_01FGNFDNOH@?$CF?$AA@ 10003314     LIBCMT:undname.obj
 0001:00002318       ??_C@_01KMDKNFGN@?1?$AA@   10003318     LIBCMT:undname.obj
 0001:0000231c       ??_C@_03MNHNFDLC@?9?$DO?$CK?$AA@ 1000331c     LIBCMT:undname.obj
 0001:00002320       ??_C@_01HNPIGOCE@?$CG?$AA@ 10003320     LIBCMT:undname.obj
 0001:00002324       ??_C@_01MIFGBAGJ@?$CL?$AA@ 10003324     LIBCMT:undname.obj
 0001:00002328       ??_C@_01JOAMLHOP@?9?$AA@   10003328     LIBCMT:undname.obj
 0001:0000232c       ??_C@_02BAABKJLB@?9?9?$AA@ 1000332c     LIBCMT:undname.obj
 0001:00002330       ??_C@_02ECNGHCIF@?$CL?$CL?$AA@ 10003330     LIBCMT:undname.obj
 0001:00002334       ??_C@_01NBENCBCI@?$CK?$AA@ 10003334     LIBCMT:undname.obj
 0001:00002338       ??_C@_02HBOOOICD@?9?$DO?$AA@ 10003338     LIBCMT:undname.obj
 0001:0000233c       ??_C@_08LHJFAFGD@operator?$AA@ 1000333c     LIBCMT:undname.obj
 0001:00002348       ??_C@_02GPECMEKF@?$FL?$FN?$AA@ 10003348     LIBCMT:undname.obj
 0001:0000234c       ??_C@_02FDNJECIE@?$CB?$DN?$AA@ 1000334c     LIBCMT:undname.obj
 0001:00002350       ??_C@_02EGOFBIJA@?$DN?$DN?$AA@ 10003350     LIBCMT:undname.obj
 0001:00002354       ??_C@_01DCLJPIOD@?$CB?$AA@ 10003354     LIBCMT:undname.obj
 0001:00002358       ??_C@_02FODMEDOG@?$DM?$DM?$AA@ 10003358     LIBCMT:undname.obj
 0001:0000235c       ??_C@_02GPIOPFAK@?$DO?$DO?$AA@ 1000335c     LIBCMT:undname.obj
 0001:00002360       ??_C@_07FPCDHGMM@?5delete?$AA@ 10003360     LIBCMT:undname.obj
 0001:00002368       ??_C@_04NIHEBCM@?5new?$AA@ 10003368     LIBCMT:undname.obj
 0001:00002370       ??_C@_0M@GFIIJFMG@__unaligned?$AA@ 10003370     LIBCMT:undname.obj
 0001:0000237c       ??_C@_0L@PILCLIHE@__restrict?$AA@ 1000337c     LIBCMT:undname.obj
 0001:00002388       ??_C@_07JOMMBBKO@__ptr64?$AA@ 10003388     LIBCMT:undname.obj
 0001:00002390       ??_C@_06GHPCKEAG@__eabi?$AA@ 10003390     LIBCMT:undname.obj
 0001:00002398       ??_C@_09HIJEGCPM@__clrcall?$AA@ 10003398     LIBCMT:undname.obj
 0001:000023a4       ??_C@_0L@JMKHOMEK@__fastcall?$AA@ 100033a4     LIBCMT:undname.obj
 0001:000023b0       ??_C@_0L@NPHFGOKO@__thiscall?$AA@ 100033b0     LIBCMT:undname.obj
 0001:000023bc       ??_C@_09IFJBGAPI@__stdcall?$AA@ 100033bc     LIBCMT:undname.obj
 0001:000023c8       ??_C@_08GHMPAG@__pascal?$AA@ 100033c8     LIBCMT:undname.obj
 0001:000023d4       ??_C@_07KOLFKCDI@__cdecl?$AA@ 100033d4     LIBCMT:undname.obj
 0001:000023dc       ??_C@_08EHJDFFNH@__based?$CI?$AA@ 100033dc     LIBCMT:undname.obj
 0001:0000256c       ??_C@_0BI@DFKBFLJE@GetProcessWindowStation?$AA@ 1000356c     LIBCMT:crtmboxw.obj
 0001:00002584       ??_C@_0BK@DEKFELLI@GetUserObjectInformationW?$AA@ 10003584     LIBCMT:crtmboxw.obj
 0001:000025a0       ??_C@_0BD@HHGDFDBJ@GetLastActivePopup?$AA@ 100035a0     LIBCMT:crtmboxw.obj
 0001:000025b4       ??_C@_0BA@HNOPNCHB@GetActiveWindow?$AA@ 100035b4     LIBCMT:crtmboxw.obj
 0001:000025c4       ??_C@_0M@DLDCCGNP@MessageBoxW?$AA@ 100035c4     LIBCMT:crtmboxw.obj
 0001:000025d0       ??_C@_1BG@GOEBHBDC@?$AAU?$AAS?$AAE?$AAR?$AA3?$AA2?$AA?4?$AAD?$AAL?$AAL?$AA?$AA@ 100035d0     LIBCMT:crtmboxw.obj
 0001:000025f0       ??_C@_06IMKFLFPG@1?$CDQNAN?$AA@ 100035f0     LIBCMT:_x10fout_.obj
 0001:000025f8       ??_C@_05DNEBIAHO@1?$CDINF?$AA@ 100035f8     LIBCMT:_x10fout_.obj
 0001:00002600       ??_C@_05PHHOCPM@1?$CDIND?$AA@ 10003600     LIBCMT:_x10fout_.obj
 0001:00002608       ??_C@_06PGGFOGJG@1?$CDSNAN?$AA@ 10003608     LIBCMT:_x10fout_.obj
 0001:00002610       ??_C@_1BA@BALFACEM@?$AAC?$AAO?$AAN?$AAO?$AAU?$AAT?$AA$?$AA?$AA@ 10003610     LIBCMT:initcon.obj
 0001:00002620       __imp__EncodePointer@4     10003620     FsdLib:vc10.obj
 0001:00002624       __imp__DecodePointer@4     10003624     FsdLib:vc10.obj
 0001:00002628       ??_C@_0O@KBPMFGHI@DecodePointer?$AA@ 10003628     FsdLib:vc10wrapper.obj
 0001:00002638       ??_C@_0O@NLDKAIKN@EncodePointer?$AA@ 10003638     FsdLib:vc10wrapper.obj
 0001:00002648       ??_C@_1BC@GDMECMAK@?$AAk?$AAe?$AAr?$AAn?$AAe?$AAl?$AA3?$AA2?$AA?$AA@ 10003648     FsdLib:vc10wrapper.obj
 0001:00002660       __load_config_used         10003660     LIBCMT:loadcfg.obj
 0001:000026a8       ??_R4bad_alloc@std@@6B@    100036a8     LIBCMT:new.obj
 0001:000026bc       ??_R3bad_alloc@std@@8      100036bc     LIBCMT:new.obj
 0001:000026cc       ??_R2bad_alloc@std@@8      100036cc     LIBCMT:new.obj
 0001:000026d8       ??_R1A@?0A@EA@bad_alloc@std@@8 100036d8     LIBCMT:new.obj
 0001:000026f4       ??_R1A@?0A@EA@exception@std@@8 100036f4     LIBCMT:new.obj
 0001:00002710       ??_R3exception@std@@8      10003710     LIBCMT:new.obj
 0001:00002720       ??_R2exception@std@@8      10003720     LIBCMT:new.obj
 0001:00002728       ??_R4exception@std@@6B@    10003728     LIBCMT:stdexcpt.obj
 0001:0000273c       ??_R4type_info@@6B@        1000373c     LIBCMT:typinfo.obj
 0001:00002750       ??_R3type_info@@8          10003750     LIBCMT:typinfo.obj
 0001:00002760       ??_R2type_info@@8          10003760     LIBCMT:typinfo.obj
 0001:00002768       ??_R1A@?0A@EA@type_info@@8 10003768     LIBCMT:typinfo.obj
 0001:00002790       ___safe_se_handler_table   10003790     <linker-defined>
 0001:0000279c       ___rtc_iaa                 1000379c     LIBCMT:_initsect_.obj
 0001:000027a0       ___rtc_izz                 100037a0     LIBCMT:_initsect_.obj
 0001:000027a4       ___rtc_taa                 100037a4     LIBCMT:_initsect_.obj
 0001:000027a8       ___rtc_tzz                 100037a8     LIBCMT:_initsect_.obj
 0001:000027b0       __alloca_probe             100037b0     chkstk.obj
 0001:000027b0       __chkstk                   100037b0 f   chkstk.obj
 0001:000027e0       _FTPQueryInterface@4       100037e0 f   All.obj
 0001:00002810       _DllMain@12                10003810 f   All.obj
 0001:00002830       ?StrCmp@@YGHPBD0HH@Z       10003830 f   All.obj
 0001:00002840       ?StrCpy@@YGPADPADPBDH@Z    10003840 f   All.obj
 0001:00002850       ?Pg_ResumeFile@@YGXPAXPBD@Z 10003850 f   Main.obj
 0001:00002870       ?Pg_Resume@@YGXPAX_J@Z     10003870 f   Main.obj
 0001:00002890       ?Pg_Callback@@YGHPAXH@Z    10003890 f   Main.obj
 0001:000028b0       ?Pg_Init@@YGXPAX0HHPAUFP_SizeItemList@@@Z 100038b0 f   Main.obj
 0001:000028d0       ?Pg_InitFile@@YGXPAX_JPBD2@Z 100038d0 f   Main.obj
 0001:000028f0       ?Pg_Skip@@YGXPAX@Z         100038f0 f   Main.obj
 0001:00002900       ?Pg_Waiting@@YGXPAX_J@Z    10003900 f   Main.obj
 0001:00002920       ?Pg_SetConn@@YGXPAX0@Z     10003920 f   Main.obj
 0001:00002930       ?Pg_CreateObject@@YGPAXXZ  10003930 f   Main.obj
 0001:00002940       ?Pg_DestroyObject@@YGXPAX@Z 10003940 f   Main.obj
 0001:00002950       ?FTPPluginGetInterface@@YGPAUFTPPluginInterface@@XZ 10003950 f   Main.obj
 0001:000029d0       ?FTP_PluginStartup@@YGHK@Z 100039d0 f   Main.obj
 0001:000029e0       ?CurrentRemain@TrafficInformation@@QAE_JXZ 100039e0 f i cbFmt.obj
 0001:00002a10       ?TotalSz@TrafficInformation@@QAE_JXZ 10003a10 f i cbFmt.obj
 0001:00002a50       ?TotalRemain@TrafficInformation@@QAE_JXZ 10003a50 f i cbFmt.obj
 0001:00002a90       ?Localtime@@YIPAUtm@@PB_J@Z 10003a90 f   cbFmt.obj
 0001:00002ac0       ??$Max@_J@@YI_J_J0@Z       10003ac0 f i cbFmt.obj
 0001:00002af0       ?DrawInfo@TrafficInformation@@QAEXPAUInfoItem@@_J@Z 10003af0 f   cbFmt.obj
 0001:00003650       ?FormatLine@TrafficInformation@@QAEXHPBD_J@Z 10004650 f   TraficCB.obj
 0001:00003a30       ?Init@TrafficInformation@@QAEXPAXHHPAUFP_SizeItemList@@@Z 10004a30 f   TraficCB.obj
 0001:00003b30       ?Resume@TrafficInformation@@QAEXPBD@Z 10004b30 f   TraficCB.obj
 0001:00003ba0       ?Resume@TrafficInformation@@QAEX_J@Z 10004ba0 f   TraficCB.obj
 0001:00003bd0       ?Waiting@TrafficInformation@@QAEX_J@Z 10004bd0 f   TraficCB.obj
 0001:00003c00       ?DrawInfos@TrafficInformation@@QAEX_J@Z 10004c00 f   TraficCB.obj
 0001:00003ea0       ?InitFile@TrafficInformation@@QAEX_JPBD1@Z 10004ea0 f   TraficCB.obj
 0001:00004010       ?Skip@TrafficInformation@@QAEXXZ 10005010 f   TraficCB.obj
 0001:000040b0       ?Callback@TrafficInformation@@QAEHH@Z 100050b0 f   TraficCB.obj
 0001:00004510       ?ToPercent@@YIN_J0@Z       10005510 f   Utils.obj
 0001:000045b0       ?FCps4@@YIPBDPADN@Z        100055b0 f   Utils.obj
 0001:00004620       ?StrYTime@@YIXPADPAUtm@@@Z 10005620 f   Utils.obj
 0001:00004680       ?StrTTime@@YIXPADPAUtm@@@Z 10005680 f   Utils.obj
 0001:000046a0       ?PPercent@@YIXPADHHH@Z     100056a0 f   Utils.obj
 0001:0000475c       ??1bad_alloc@std@@UAE@XZ   1000575c f i LIBCMT:new.obj
 0001:00004767       ??_Gbad_alloc@std@@UAEPAXI@Z 10005767 f i LIBCMT:new.obj
 0001:00004767       ??_Ebad_alloc@std@@UAEPAXI@Z 10005767 f i LIBCMT:new.obj
 0001:0000478e       ??0bad_alloc@std@@QAE@ABV01@@Z 1000578e f i LIBCMT:new.obj
 0001:000047ab       ??2@YAPAXI@Z               100057ab f   LIBCMT:new.obj
 0001:0000482b       ??3@YAXPAX@Z               1000582b f   LIBCMT:delete.obj
 0001:00004836       __localtime64_s            10005836 f   LIBCMT:loctim64.obj
 0001:00004abe       __localtime64              10005abe f   LIBCMT:loctim64.obj
 0001:00004ae5       __time64                   10005ae5 f   LIBCMT:time64.obj
 0001:00004b40       _memmove                   10005b40 f   LIBCMT:memmove.obj
 0001:00004ea1       _sprintf                   10005ea1 f   LIBCMT:sprintf.obj
 0001:00004f25       __snprintf                 10005f25 f   LIBCMT:snprintf.obj
 0001:00004fd2       __cfltcvt_init             10005fd2 f   LIBCMT:_fpinit_.obj
 0001:00005032       __fpmath                   10006032 f   LIBCMT:_fpinit_.obj
 0001:00005050       _memset                    10006050 f   LIBCMT:memset.obj
 0001:000050d0       __ftol2_sse                100060d0 f   LIBCMT:ftol2.obj
 0001:000050d9       __ftol2_pentium4           100060d9 f   LIBCMT:ftol2.obj
 0001:000050ec       __ftol2_sse_excpt          100060ec f   LIBCMT:ftol2.obj
 0001:00005106       __ftol2                    10006106 f   LIBCMT:ftol2.obj
 0001:0000517b       ??0_LocaleUpdate@@QAE@PAUlocaleinfo_struct@@@Z 1000617b f i LIBCMT:_ctype.obj
 0001:00005202       __isdigit_l                10006202 f i LIBCMT:_ctype.obj
 0001:00005253       _isdigit                   10006253 f i LIBCMT:_ctype.obj
 0001:00005281       _atol                      10006281 f   LIBCMT:atox.obj
 0001:00005297       _atoi                      10006297 f   LIBCMT:atox.obj
 0001:000052c0       _strchr                    100062c0 f   LIBCMT:strchr.obj
 0001:000052c6       ___from_strstr_to_strchr   100062c6     LIBCMT:strchr.obj
 0001:00005380       __alldiv                   10006380 f   LIBCMT:lldiv.obj
 0001:0000542a       __CRT_INIT@12              1000642a f   LIBCMT:dllcrt0.obj
 0001:00005684       __DllMainCRTStartup@12     10006684 f   LIBCMT:dllcrt0.obj
 0001:000056a7       ??0exception@std@@QAE@ABQBDH@Z 100066a7 f   LIBCMT:stdexcpt.obj
 0001:000056c4       ?what@exception@std@@UBEPBDXZ 100066c4 f   LIBCMT:stdexcpt.obj
 0001:000056d1       ?_Copy_str@exception@std@@AAEXPBD@Z 100066d1 f   LIBCMT:stdexcpt.obj
 0001:00005711       ?_Tidy@exception@std@@AAEXXZ 10006711 f   LIBCMT:stdexcpt.obj
 0001:0000572f       ??4exception@std@@QAEAAV01@ABV01@@Z 1000672f f   LIBCMT:stdexcpt.obj
 0001:00005764       ??1exception@std@@UAE@XZ   10006764 f   LIBCMT:stdexcpt.obj
 0001:0000576f       ??_Eexception@std@@UAEPAXI@Z 1000676f f i LIBCMT:stdexcpt.obj
 0001:0000576f       ??_Gexception@std@@UAEPAXI@Z 1000676f f i LIBCMT:stdexcpt.obj
 0001:00005796       ??0exception@std@@QAE@ABV01@@Z 10006796 f   LIBCMT:stdexcpt.obj
 0001:000057bb       ??1type_info@@UAE@XZ       100067bb f   LIBCMT:typinfo.obj
 0001:000057cb       ??_Etype_info@@UAEPAXI@Z   100067cb f i LIBCMT:typinfo.obj
 0001:000057cb       ??_Gtype_info@@UAEPAXI@Z   100067cb f i LIBCMT:typinfo.obj
 0001:000058a2       ___onexitinit              100068a2 f   LIBCMT:onexit.obj
 0001:000058d3       __onexit                   100068d3 f   LIBCMT:onexit.obj
 0001:0000590f       _atexit                    1000690f f   LIBCMT:onexit.obj
 0001:00005926       _malloc                    10006926 f   LIBCMT:malloc.obj
 0001:000059ba       __initp_heap_handler       100069ba f   LIBCMT:handler.obj
 0001:000059c9       __callnewh                 100069c9 f   LIBCMT:handler.obj
 0001:000059f1       __CxxThrowException@8      100069f1 f   LIBCMT:throw.obj
 0001:00005a3d       _free                      10006a3d f   LIBCMT:free.obj
 0001:00005a77       __initp_misc_invarg        10006a77 f   LIBCMT:invarg.obj
 0001:00005a86       __call_reportfault         10006a86 f   LIBCMT:invarg.obj
 0001:00005baf       __invoke_watson            10006baf f   LIBCMT:invarg.obj
 0001:00005bd4       __invalid_parameter        10006bd4 f   LIBCMT:invarg.obj
 0001:00005c01       __invalid_parameter_noinfo 10006c01 f   LIBCMT:invarg.obj
 0001:000062f2       ___tzset                   100072f2 f   LIBCMT:tzset.obj
 0001:00006341       __isindst                  10007341 f   LIBCMT:tzset.obj
 0001:00006382       __gmtime64_s               10007382 f   LIBCMT:gmtime64.obj
 0001:000065bb       __get_daylight             100075bb f   LIBCMT:timeset.obj
 0001:000065e8       __get_dstbias              100075e8 f   LIBCMT:timeset.obj
 0001:00006615       __get_timezone             10007615 f   LIBCMT:timeset.obj
 0001:00006642       ___daylight                10007642 f   LIBCMT:timeset.obj
 0001:00006648       ___dstbias                 10007648 f   LIBCMT:timeset.obj
 0001:0000664e       ___timezone                1000764e f   LIBCMT:timeset.obj
 0001:00006654       ___tzname                  10007654 f   LIBCMT:timeset.obj
 0001:0000665a       __get_errno_from_oserr     1000765a f   LIBCMT:dosmap.obj
 0001:0000669c       __errno                    1000769c f   LIBCMT:dosmap.obj
 0001:000066af       ___doserrno                100076af f   LIBCMT:dosmap.obj
 0001:000066c2       __dosmaperr                100076c2 f   LIBCMT:dosmap.obj
 0001:000066f0       __allrem                   100076f0 f   LIBCMT:llrem.obj
 0001:000067a2       ___getgmtimebuf            100077a2 f   LIBCMT:gmtime.obj
 0001:000067e0       __aulldiv                  100077e0 f   LIBCMT:ulldiv.obj
 0001:00006848       __VEC_memcpy               10007848 f   LIBCMT:p4_memcpy.obj
 0001:0000694b       ___sse2_available_init     1000794b f   LIBCMT:cpu_disp.obj
 0001:0000695b       __flsbuf                   1000795b f   LIBCMT:_flsbuf.obj
 0001:00006b66       __output_l                 10007b66 f   LIBCMT:output.obj
 0001:00007712       __forcdecpt_l              10008712 f   LIBCMT:cvt.obj
 0001:00007786       __cropzeros_l              10008786 f   LIBCMT:cvt.obj
 0001:00007808       __positive                 10008808 f   LIBCMT:cvt.obj
 0001:00007824       __fassign_l                10008824 f   LIBCMT:cvt.obj
 0001:00007866       __fassign                  10008866 f   LIBCMT:cvt.obj
 0001:0000789f       __forcdecpt                1000889f f   LIBCMT:cvt.obj
 0001:000078b2       __cropzeros                100088b2 f   LIBCMT:cvt.obj
 0001:00007a26       __cftoe_l                  10008a26 f   LIBCMT:cvt.obj
 0001:00007aed       __cftoe                    10008aed f   LIBCMT:cvt.obj
 0001:00007b0d       __cftoa_l                  10008b0d f   LIBCMT:cvt.obj
 0001:00007f86       __cftof_l                  10008f86 f   LIBCMT:cvt.obj
 0001:00008047       __cftog_l                  10009047 f   LIBCMT:cvt.obj
 0001:00008134       __cfltcvt_l                10009134 f   LIBCMT:cvt.obj
 0001:000081bc       __cfltcvt                  100091bc f   LIBCMT:cvt.obj
 0001:000081df       __initp_misc_cfltcvt_tab   100091df f   LIBCMT:cmiscdat.obj
 0001:00008202       __setdefaultprecision      10009202 f   LIBCMT:fp8.obj
 0001:0000822a       __VEC_memzero              1000922a f   LIBCMT:p4_memset.obj
 0001:00008507       ___updatetmbcinfo          10009507 f   LIBCMT:mbctype.obj
 0001:00008627       __setmbcp_nolock           10009627 f   LIBCMT:mbctype.obj
 0001:00008810       __setmbcp                  10009810 f   LIBCMT:mbctype.obj
 0001:000089aa       ___initmbctable            100099aa f   LIBCMT:mbctype.obj
 0001:000089c8       ___addlocaleref            100099c8 f   LIBCMT:localref.obj
 0001:00008a57       ___removelocaleref         10009a57 f   LIBCMT:localref.obj
 0001:00008af0       ___freetlocinfo            10009af0 f   LIBCMT:localref.obj
 0001:00008c3b       __updatetlocinfoEx_nolock  10009c3b f   LIBCMT:localref.obj
 0001:00008c88       ___updatetlocinfo          10009c88 f   LIBCMT:localref.obj
 0001:00008d01       __encoded_null             10009d01 f   LIBCMT:tidtable.obj
 0001:00008d0a       ___crtTlsAlloc@4           10009d0a f   LIBCMT:tidtable.obj
 0001:00008d13       ___set_flsgetvalue         10009d13 f   LIBCMT:tidtable.obj
 0001:00008d47       __mtterm                   10009d47 f   LIBCMT:tidtable.obj
 0001:00008d84       __initptd                  10009d84 f   LIBCMT:tidtable.obj
 0001:00008e38       __getptd_noexit            10009e38 f   LIBCMT:tidtable.obj
 0001:00008eb1       __getptd                   10009eb1 f   LIBCMT:tidtable.obj
 0001:00008ecb       __freefls@4                10009ecb f   LIBCMT:tidtable.obj
 0001:00008ffa       __freeptd                  10009ffa f   LIBCMT:tidtable.obj
 0001:00009068       __mtinit                   1000a068 f   LIBCMT:tidtable.obj
 0001:000091e3       __isctype_l                1000a1e3 f   LIBCMT:isctype.obj
 0001:000094c6       _strtol                    1000a4c6 f   LIBCMT:strtol.obj
 0001:000094f1       __malloc_crt               1000a4f1 f   LIBCMT:crtheap.obj
 0001:00009536       __calloc_crt               1000a536 f   LIBCMT:crtheap.obj
 0001:00009582       __realloc_crt              1000a582 f   LIBCMT:crtheap.obj
 0001:000095d0       __recalloc_crt             1000a5d0 f   LIBCMT:crtheap.obj
 0001:00009622       ___crtCorExitProcess       1000a622 f   LIBCMT:crt0dat.obj
 0001:0000964d       ___crtExitProcess          1000a64d f   LIBCMT:crt0dat.obj
 0001:00009665       __lockexit                 1000a665 f   LIBCMT:crt0dat.obj
 0001:0000966e       __unlockexit               1000a66e f   LIBCMT:crt0dat.obj
 0001:00009677       __init_pointers            1000a677 f   LIBCMT:crt0dat.obj
 0001:000096aa       __initterm_e               1000a6aa f   LIBCMT:crt0dat.obj
 0001:000096ce       __cinit                    1000a6ce f   LIBCMT:crt0dat.obj
 0001:000098a5       __exit                     1000a8a5 f   LIBCMT:crt0dat.obj
 0001:000098bb       __cexit                    1000a8bb f   LIBCMT:crt0dat.obj
 0001:000098ca       __amsg_exit                1000a8ca f   LIBCMT:crt0dat.obj
 0001:000098e8       __ioinit                   1000a8e8 f   LIBCMT:ioinit.obj
 0001:00009b2d       __ioterm                   1000ab2d f   LIBCMT:ioinit.obj
 0001:00009b80       __setenvp                  1000ab80 f   LIBCMT:stdenvp.obj
 0001:00009df6       __setargv                  1000adf6 f   LIBCMT:stdargv.obj
 0001:00009eb1       ___crtGetEnvironmentStringsA 1000aeb1 f   LIBCMT:a_env.obj
 0001:00009f48       __RTC_Initialize           1000af48 f   LIBCMT:_initsect_.obj
 0001:00009f6e       __RTC_Terminate            1000af6e f   LIBCMT:_initsect_.obj
 0001:00009f94       __heap_init                1000af94 f   LIBCMT:heapinit.obj
 0001:00009fb2       __heap_term                1000afb2 f   LIBCMT:heapinit.obj
 0001:00009fd0       __SEH_prolog4              1000afd0 f   LIBCMT:sehprolg4.obj
 0001:0000a015       __SEH_epilog4              1000b015 f   LIBCMT:sehprolg4.obj
 0001:0000a030       __except_handler4          1000b030 f   LIBCMT:chandler4.obj
 0001:0000a1bf       __XcptFilter               1000b1bf f   LIBCMT:winxfltr.obj
 0001:0000a309       ___CppXcptFilter           1000b309 f   LIBCMT:winxfltr.obj
 0001:0000a329       ___security_init_cookie    1000b329 f   LIBCMT:gs_support.obj
 0001:0000a3c4       _strcpy_s                  1000b3c4 f   LIBCMT:strcpy_s.obj
 0001:0000a430       _strlen                    1000b430 f   LIBCMT:strlen.obj
 0001:0000a4bb       ?_Type_info_dtor@type_info@@CAXPAV1@@Z 1000b4bb f   LIBCMT:typname.obj
 0001:0000a530       _strcmp                    1000b530 f   LIBCMT:strcmp.obj
 0001:0000a5b8       __msize                    1000b5b8 f   LIBCMT:msize.obj
 0001:0000a5eb       __GET_RTERRMSG             1000b5eb f   LIBCMT:crt0msg.obj
 0001:0000a611       __NMSG_WRITE               1000b611 f   LIBCMT:crt0msg.obj
 0001:0000a7c0       __FF_MSGBANNER             1000b7c0 f   LIBCMT:crt0msg.obj
 0001:0000a7f9       __mtinitlocks              1000b7f9 f   LIBCMT:mlock.obj
 0001:0000a843       __mtdeletelocks            1000b843 f   LIBCMT:mlock.obj
 0001:0000a89a       __unlock                   1000b89a f   LIBCMT:mlock.obj
 0001:0000a8b1       __mtinitlocknum            1000b8b1 f   LIBCMT:mlock.obj
 0001:0000a973       __lock                     1000b973 f   LIBCMT:mlock.obj
 0001:0000a9a6       __crt_debugger_hook        1000b9a6 f   LIBCMT:dbghook.obj
 0001:0000a9ae       @__security_check_cookie@4 1000b9ae f   LIBCMT:secchk.obj
 0001:0000a9bd       _strncpy_s                 1000b9bd f   LIBCMT:strncpy_s.obj
 0001:0000aa72       __getenv_helper_nolock     1000ba72 f   LIBCMT:getenv.obj
 0001:0000aaf9       ____lc_codepage_func       1000baf9 f   LIBCMT:initctyp.obj
 0001:0000ab20       __allmul                   1000bb20 f   LIBCMT:llmul.obj
 0001:0000ab54       __lseeki64_nolock          1000bb54 f   LIBCMT:lseeki64.obj
 0001:0000abd9       __lseeki64                 1000bbd9 f   LIBCMT:lseeki64.obj
 0001:0000acc3       __write_nolock             1000bcc3 f   LIBCMT:write.obj
 0001:0000b3c0       __write                    1000c3c0 f   LIBCMT:write.obj
 0001:0000b494       __getbuf                   1000c494 f   LIBCMT:_getbuf.obj
 0001:0000b4dd       __isatty                   1000c4dd f   LIBCMT:isatty.obj
 0001:0000b533       ___iob_func                1000c533 f   LIBCMT:_file.obj
 0001:0000b539       ___initstdio               1000c539 f   LIBCMT:_file.obj
 0001:0000b5ea       ___endstdio                1000c5ea f   LIBCMT:_file.obj
 0001:0000b60a       __lock_file                1000c60a f   LIBCMT:_file.obj
 0001:0000b64b       __lock_file2               1000c64b f   LIBCMT:_file.obj
 0001:0000b67d       __unlock_file              1000c67d f   LIBCMT:_file.obj
 0001:0000b6b9       __unlock_file2             1000c6b9 f   LIBCMT:_file.obj
 0001:0000b6e8       __fileno                   1000c6e8 f   LIBCMT:fileno.obj
 0001:0000b70e       __get_printf_count_output  1000c70e f   LIBCMT:printf.obj
 0001:0000b724       __wctomb_s_l               1000c724 f   LIBCMT:wctomb.obj
 0001:0000b879       _wctomb_s                  1000c879 f   LIBCMT:wctomb.obj
 0001:0000b896       __isleadbyte_l             1000c896 f i LIBCMT:_wctype.obj
 0001:0000b8ce       _isleadbyte                1000c8ce f i LIBCMT:_wctype.obj
 0001:0000b8f0       __aulldvrm                 1000c8f0 f   LIBCMT:ulldvrm.obj
 0001:0000b990       _strrchr                   1000c990 f   LIBCMT:strrchr.obj
 0001:0000b9bd       __tolower_l                1000c9bd f   LIBCMT:tolower.obj
 0001:0000bad2       _tolower                   1000cad2 f   LIBCMT:tolower.obj
 0001:0000bafe       __atodbl_l                 1000cafe f   LIBCMT:atodbl.obj
 0001:0000bba6       __atoflt_l                 1000cba6 f   LIBCMT:atodbl.obj
 0001:0000bc4e       __fptostr                  1000cc4e f   LIBCMT:_fptostr.obj
 0001:0000bd01       ___dtold                   1000cd01 f   LIBCMT:_cfout_.obj
 0001:0000bdb4       __fltout2                  1000cdb4 f   LIBCMT:_cfout_.obj
 0001:0000be50       __alldvrm                  1000ce50 f   LIBCMT:lldvrm.obj
 0001:0000bf30       __aullshr                  1000cf30 f   LIBCMT:ullshr.obj
 0001:0000bf4f       __fptrap                   1000cf4f f   LIBCMT:crt0fp.obj
 0001:0000bf58       __controlfp_s              1000cf58 f   LIBCMT:_contrlfp_.obj
 0001:0000bfb7       __freea                    1000cfb7 f i LIBCMT:a_map.obj
 0001:0000c1be       ___crtLCMapStringA         1000d1be f   LIBCMT:a_map.obj
 0001:0000c2eb       ___crtGetStringTypeA       1000d2eb f   LIBCMT:a_str.obj
 0001:0000c32b       ___free_lc_time            1000d32b f   LIBCMT:inittime.obj
 0001:0000c6a2       ___free_lconv_num          1000d6a2 f   LIBCMT:initnum.obj
 0001:0000c70b       ___free_lconv_mon          1000d70b f   LIBCMT:initmon.obj
 0001:0000c810       _strcspn                   1000d810 f   LIBCMT:strcspn.obj
 0001:0000c860       _memcpy                    1000d860 f   LIBCMT:memcpy.obj
 0001:0000cbd0       _strpbrk                   1000dbd0 f   LIBCMT:strpbrk.obj
 0001:0000cc10       __calloc_impl              1000dc10 f   LIBCMT:calloc_impl.obj
 0001:0000cc92       _realloc                   1000dc92 f   LIBCMT:realloc.obj
 0001:0000cd3f       __recalloc                 1000dd3f f   LIBCMT:recalloc.obj
 0001:0000cdad       ?terminate@@YAXXZ          1000ddad f   LIBCMT:hooks.obj
 0001:0000cde6       __initp_eh_hooks           1000dde6 f   LIBCMT:hooks.obj
 0001:0000cdf7       __initp_misc_winsig        1000ddf7 f   LIBCMT:winsig.obj
 0001:0000ce4c       ___get_sigabrt             1000de4c f   LIBCMT:winsig.obj
 0001:0000ce59       _raise                     1000de59 f   LIBCMT:winsig.obj
 0001:0000cffc       __initp_misc_rand_s        1000dffc f   LIBCMT:rand_s.obj
 0001:0000d00b       __initp_misc_purevirt      1000e00b f   LIBCMT:inithelp.obj
 0001:0000d020       __ValidateImageBase        1000e020 f   LIBCMT:pesect.obj
 0001:0000d060       __FindPESection            1000e060 f   LIBCMT:pesect.obj
 0001:0000d0b0       __IsNonwritableInCurrentImage 1000e0b0 f   LIBCMT:pesect.obj
 0001:0000d1bf       __ismbblead                1000e1bf f   LIBCMT:ismbbyte.obj
 0001:0000d1e0       __local_unwind4            1000e1e0 f   LIBCMT:exsup4.obj
 0001:0000d2b6       __seh_longjmp_unwind4@4    1000e2b6 f   LIBCMT:exsup4.obj
 0001:0000d2d2       @_EH4_CallFilterFunc@8     1000e2d2 f   LIBCMT:exsup4.obj
 0001:0000d2e9       @_EH4_TransferToHandler@8  1000e2e9 f   LIBCMT:exsup4.obj
 0001:0000d302       @_EH4_GlobalUnwind2@8      1000e302 f   LIBCMT:exsup4.obj
 0001:0000d31b       @_EH4_LocalUnwind@16       1000e31b f   LIBCMT:exsup4.obj
 0001:0000d332       ___crtMessageBoxW          1000e332 f   LIBCMT:crtmboxw.obj
 0001:0000d49e       _wcscat_s                  1000e49e f   LIBCMT:wcscat_s.obj
 0001:0000d513       _wcsncpy_s                 1000e513 f   LIBCMT:wcsncpy_s.obj
 0001:0000d5e0       _wcslen                    1000e5e0 f   LIBCMT:wcslen.obj
 0001:0000d5fb       _wcscpy_s                  1000e5fb f   LIBCMT:wcscpy_s.obj
 0001:0000d65e       __set_error_mode           1000e65e f   LIBCMT:errmode.obj
 0001:0000d69d       ___report_gsfailure        1000e69d f   LIBCMT:gs_report.obj
 0001:0000d7a3       __mbsnbicoll_l             1000e7a3 f   LIBCMT:mbsnbico.obj
 0001:0000d881       __mbsnbicoll               1000e881 f   LIBCMT:mbsnbico.obj
 0001:0000d89b       ___wtomb_environ           1000e89b f   LIBCMT:wtombenv.obj
 0001:0000d932       __free_osfhnd              1000e932 f   LIBCMT:osfinfo.obj
 0001:0000d9b8       __get_osfhandle            1000e9b8 f   LIBCMT:osfinfo.obj
 0001:0000da21       ___lock_fhandle            1000ea21 f   LIBCMT:osfinfo.obj
 0001:0000dac0       __unlock_fhandle           1000eac0 f   LIBCMT:osfinfo.obj
 0001:0000dae7       __putwch_nolock            1000eae7 f   LIBCMT:putwch.obj
 0001:0000db29       __mbtowc_l                 1000eb29 f   LIBCMT:mbtowc.obj
 0001:0000dc3f       _mbtowc                    1000ec3f f   LIBCMT:mbtowc.obj
 0001:0000dc59       __fcloseall                1000ec59 f   LIBCMT:closeall.obj
 0001:0000dcf5       __flush                    1000ecf5 f   LIBCMT:fflush.obj
 0001:0000dd5d       __fflush_nolock            1000ed5d f   LIBCMT:fflush.obj
 0001:0000de7f       __flushall                 1000ee7f f   LIBCMT:fflush.obj
 0001:0000de88       __ld12tod                  1000ee88 f   LIBCMT:_intrncvt_.obj
 0001:0000e3d9       __ld12tof                  1000f3d9 f   LIBCMT:_intrncvt_.obj
 0001:0000e92c       ___strgtold12_l            1000f92c f   LIBCMT:_strgtold_.obj
 0001:0000f008       _$I10_OUTPUT               10010008 f   LIBCMT:_x10fout_.obj
 0001:0000fa2e       __control87                10010a2e f i LIBCMT:_ieee87_.obj
 0001:0000fd40       __alloca_probe_16          10010d40 f   LIBCMT:alloca16.obj
 0001:0000fd56       __alloca_probe_8           10010d56     LIBCMT:alloca16.obj
 0001:0000fd6c       __strnicmp_l               10010d6c f   LIBCMT:strnicmp.obj
 0001:0000fe4e       _abort                     10010e4e f   LIBCMT:abort.obj
 0001:0000fe90       __global_unwind2           10010e90 f   LIBCMT:exsup.obj
 0001:0000fef5       __local_unwind2            10010ef5 f   LIBCMT:exsup.obj
 0001:0000ff79       __abnormal_termination     10010f79 f   LIBCMT:exsup.obj
 0001:0000ff9c       __NLG_Notify1              10010f9c f   LIBCMT:exsup.obj
 0001:0000ffa5       __NLG_Notify               10010fa5 f   LIBCMT:exsup.obj
 0001:0000ffbc       __NLG_Dispatch             10010fbc     LIBCMT:exsup.obj
 0001:0000ffbc       __NLG_Dispatch2            10010fbc     LIBCMT:exsup.obj
 0001:0000ffc4       __NLG_Call                 10010fc4 f   LIBCMT:exsup.obj
 0001:0000ffc6       __NLG_Return2              10010fc6     LIBCMT:exsup.obj
 0001:00010235       ___crtCompareStringA       10011235 f   LIBCMT:a_cmp.obj
 0001:00010277       __strnicoll_l              10011277 f   LIBCMT:strnicol.obj
 0001:00010413       ___crtsetenv               10011413 f   LIBCMT:setenv.obj
 0001:00010655       ___initconout              10011655 f   LIBCMT:initcon.obj
 0001:00010674       ___termconout              10011674 f   LIBCMT:initcon.obj
 0001:0001068b       __fclose_nolock            1001168b f   LIBCMT:fclose.obj
 0001:000106f8       _fclose                    100116f8 f   LIBCMT:fclose.obj
 0001:0001076c       __commit                   1001176c f   LIBCMT:commit.obj
 0001:00010845       ___mtold12                 10011845 f   LIBCMT:_mantold_.obj
 0001:00010a29       ___set_fpsr_sse2           10011a29 f   LIBCMT:_fpctrl_.obj
 0001:00010aa0       ___ascii_strnicmp          10011aa0 f   LIBCMT:_strnicm.obj
 0001:00010b01       __strdup                   10011b01 f   LIBCMT:strdup.obj
 0001:00010b53       __mbschr_l                 10011b53 f   LIBCMT:mbschr.obj
 0001:00010c03       __mbschr                   10011c03 f   LIBCMT:mbschr.obj
 0001:00010c1a       __close_nolock             10011c1a f   LIBCMT:close.obj
 0001:00010cb6       __close                    10011cb6 f   LIBCMT:close.obj
 0001:00010d7a       __freebuf                  10011d7a f   LIBCMT:_freebuf.obj
 0001:00010ea0       _EncodePointerWrapper@4    10011ea0 f   FsdLib:vc10wrapper.obj
 0001:00010eb0       _DecodePointerWrapper@4    10011eb0 f   FsdLib:vc10wrapper.obj
 0001:00010eb6       _RtlUnwind@16              10011eb6 f   kernel32:KERNEL32.dll
 0001:00010ed0       __TI2?AVbad_alloc@std@@    10011ed0     LIBCMT:new.obj
 0001:00010ee0       __CTA2?AVbad_alloc@std@@   10011ee0     LIBCMT:new.obj
 0001:00010eec       __CT??_R0?AVbad_alloc@std@@@8??0bad_alloc@std@@QAE@ABV01@@Z12 10011eec     LIBCMT:new.obj
 0001:00010f08       __CT??_R0?AVexception@std@@@8??0exception@std@@QAE@ABV01@@Z12 10011f08     LIBCMT:new.obj
 0001:0001127c       __IMPORT_DESCRIPTOR_KERNEL32 1001227c     kernel32:KERNEL32.dll
 0001:00011290       __IMPORT_DESCRIPTOR_USER32 10012290     user32:USER32.dll
 0001:000112a4       __IMPORT_DESCRIPTOR_WINMM  100122a4     winmm:WINMM.dll
 0001:000112b8       __NULL_IMPORT_DESCRIPTOR   100122b8     kernel32:KERNEL32.dll
 0002:00000000       ?StdCommands@@3PAPBDA      10013000     cbFmt.obj
 0002:000000c8       ?StdDialogLines@@3PAPBDA   100130c8     TraficCB.obj
 0002:000000f8       ??_R0?AVbad_alloc@std@@@8  100130f8     LIBCMT:new.obj
 0002:00000114       ??_R0?AVexception@std@@@8  10013114     LIBCMT:new.obj
 0002:00000130       __fltused                  10013130     LIBCMT:_fpinit_.obj
 0002:00000134       __ldused                   10013134     LIBCMT:_fpinit_.obj
 0002:00000140       ??_R0?AVtype_info@@@8      10013140     LIBCMT:typinfo.obj
 0002:00000170       __timezone                 10013170     LIBCMT:timeset.obj
 0002:00000174       __daylight                 10013174     LIBCMT:timeset.obj
 0002:00000178       __dstbias                  10013178     LIBCMT:timeset.obj
 0002:00000200       __tzname                   10013200     LIBCMT:timeset.obj
 0002:00000380       ___nullstring              10013380     LIBCMT:output.obj
 0002:00000384       ___wnullstring             10013384     LIBCMT:output.obj
 0002:00000388       __cfltcvt_tab              10013388     LIBCMT:cmiscdat.obj
 0002:000003b0       ___initialmbcinfo          100133b0     LIBCMT:mbctype.obj
 0002:000005d0       __mbctype                  100135d0     LIBCMT:mbctype.obj
 0002:000006d8       __mbcasemap                100136d8     LIBCMT:mbctype.obj
 0002:000007d8       ___ptmbcinfo               100137d8     LIBCMT:mbctype.obj
 0002:000008d0       ___globallocalestatus      100138d0     LIBCMT:glstatus.obj
 0002:000008d4       ___clocalestr              100138d4     LIBCMT:nlsdata2.obj
 0002:000008d8       ___lc_time_c               100138d8     LIBCMT:nlsdata2.obj
 0002:00000a40       ___initiallocinfo          10013a40     LIBCMT:nlsdata2.obj
 0002:00000b18       ___ptlocinfo               10013b18     LIBCMT:nlsdata2.obj
 0002:00000b1c       ___initiallocalestructinfo 10013b1c     LIBCMT:nlsdata2.obj
 0002:00000b24       ___flsindex                10013b24     LIBCMT:tidtable.obj
 0002:00000b28       ___getvalueindex           10013b28     LIBCMT:tidtable.obj
 0002:00000b30       ___badioinfo               10013b30     LIBCMT:ioinit.obj
 0002:00000c90       ___security_cookie         10013c90     LIBCMT:gs_cookie.obj
 0002:00000c94       ___security_cookie_complement 10013c94     LIBCMT:gs_cookie.obj
 0002:00000c98       __lpdays                   10013c98     LIBCMT:days.obj
 0002:00000ccc       __days                     10013ccc     LIBCMT:days.obj
 0002:00000d00       __iob                      10013d00     LIBCMT:_file.obj
 0002:00000f80       ___lconv_static_decimal    10013f80     LIBCMT:lconv.obj
 0002:00000f84       ___lconv_static_W_decimal  10013f84     LIBCMT:lconv.obj
 0002:00000f88       ___lconv_c                 10013f88     LIBCMT:lconv.obj
 0002:00000fd8       ___lconv                   10013fd8     LIBCMT:lconv.obj
 0002:00000fdc       __pctype                   10013fdc     LIBCMT:ctype.obj
 0002:00000fe0       __pwctype                  10013fe0     LIBCMT:ctype.obj
 0002:00000fe4       ___mb_cur_max              10013fe4     LIBCMT:nlsdata1.obj
 0002:00000fe8       ___decimal_point           10013fe8     LIBCMT:nlsdata1.obj
 0002:00000fec       ___decimal_point_length    10013fec     LIBCMT:nlsdata1.obj
 0002:00001020       ___abort_behavior          10014020     LIBCMT:abort.obj
 0002:00001030       __NLG_Destination          10014030     LIBCMT:exsup.obj
 0002:00001040       __confh                    10014040     LIBCMT:initcon.obj
 0002:00001048       __pow10pos                 10014048     LIBCMT:_constpow_.obj
 0002:000011a8       __pow10neg                 100141a8     LIBCMT:_constpow_.obj
 0002:00001340       ?FTP_Info@@3PAUFTPInterface@@A 10014340     All.obj
 0002:00001344       ?FTP_Module@@3PAUHINSTANCE__@@A 10014344     All.obj
 0002:00001490       ___fastflag                10014490     LIBCMT:_fpinit_.obj
 0002:00001498       __aenvptr                  10014498     LIBCMT:dllcrt0.obj
 0002:0000149c       __wenvptr                  1001449c     LIBCMT:dllcrt0.obj
 0002:000014a0       ___error_mode              100144a0     LIBCMT:dllcrt0.obj
 0002:000014a4       ___app_type                100144a4     LIBCMT:dllcrt0.obj
 0002:000014a8       ?_pnhHeap@@3P6AHI@ZA       100144a8     LIBCMT:handler.obj
 0002:000014ac       ___pInvalidArgHandler      100144ac     LIBCMT:invarg.obj
 0002:0000156c       ___mbulinfo                1001456c     LIBCMT:mbctype.obj
 0002:00001578       ___mbcodepage              10014578     LIBCMT:mbctype.obj
 0002:0000157c       ___ismbcodepage            1001457c     LIBCMT:mbctype.obj
 0002:00001580       ___mblcid                  10014580     LIBCMT:mbctype.obj
 0002:00001584       _gpFlsAlloc                10014584     LIBCMT:tidtable.obj
 0002:00001588       _gpFlsGetValue             10014588     LIBCMT:tidtable.obj
 0002:0000158c       _gpFlsSetValue             1001458c     LIBCMT:tidtable.obj
 0002:00001590       _gpFlsFree                 10014590     LIBCMT:tidtable.obj
 0002:00001594       ___locale_changed          10014594     LIBCMT:setlocal.obj
 0002:00001598       __maxwait                  10014598     LIBCMT:crtheap.obj
 0002:0000159c       __umaskval                 1001459c     LIBCMT:crt0dat.obj
 0002:000015a0       ___argc                    100145a0     LIBCMT:crt0dat.obj
 0002:000015a4       ___argv                    100145a4     LIBCMT:crt0dat.obj
 0002:000015a8       ___wargv                   100145a8     LIBCMT:crt0dat.obj
 0002:000015ac       __environ                  100145ac     LIBCMT:crt0dat.obj
 0002:000015b0       ___initenv                 100145b0     LIBCMT:crt0dat.obj
 0002:000015b4       __wenviron                 100145b4     LIBCMT:crt0dat.obj
 0002:000015b8       ___winitenv                100145b8     LIBCMT:crt0dat.obj
 0002:000015bc       __pgmptr                   100145bc     LIBCMT:crt0dat.obj
 0002:000015c0       __wpgmptr                  100145c0     LIBCMT:crt0dat.obj
 0002:000015c4       __exitflag                 100145c4     LIBCMT:crt0dat.obj
 0002:000015c8       __C_Termination_Done       100145c8     LIBCMT:crt0dat.obj
 0002:000015cc       __C_Exit_Done              100145cc     LIBCMT:crt0dat.obj
 0002:000016d8       __crtheap                  100146d8     LIBCMT:heapinit.obj
 0002:00001d10       __newmode                  10014d10     LIBCMT:_newmode.obj
 0002:00001e68       __cflush                   10014e68     LIBCMT:_file.obj
 0002:00001e70       __outputformat             10014e70     LIBCMT:outputformat.obj
 0002:00001e74       ___lconv_static_null       10014e74     LIBCMT:lconv.obj
 0002:00001e78       ___lconv_static_W_null     10014e78     LIBCMT:lconv.obj
 0002:00001e7c       ?__pInconsistency@@3P6AXXZA 10014e7c     LIBCMT:hooks.obj
 0002:00001e98       ___pPurecall               10014e98     LIBCMT:inithelp.obj
 0002:00001eb0       ?pArgList@UnDecorator@@0PAVReplicator@@A 10014eb0     LIBCMT:undname.obj
 0002:00001eb4       ?pZNameList@UnDecorator@@0PAVReplicator@@A 10014eb4     LIBCMT:undname.obj
 0002:00001eb8       ?pTemplateArgList@UnDecorator@@0PAVReplicator@@A 10014eb8     LIBCMT:undname.obj
 0002:00001ebc       ?gName@UnDecorator@@0PBDB  10014ebc     LIBCMT:undname.obj
 0002:00001ec0       ?name@UnDecorator@@0PBDB   10014ec0     LIBCMT:undname.obj
 0002:00001ec4       ?outputString@UnDecorator@@0PADA 10014ec4     LIBCMT:undname.obj
 0002:00001ec8       ?maxStringLength@UnDecorator@@0HA 10014ec8     LIBCMT:undname.obj
 0002:00001ecc       ?disableFlags@UnDecorator@@0KA 10014ecc     LIBCMT:undname.obj
 0002:00001ed0       ?m_pGetParameter@UnDecorator@@0P6APADJ@ZA 10014ed0     LIBCMT:undname.obj
 0002:00001ed4       ?fExplicitTemplateParams@UnDecorator@@0_NA 10014ed4     LIBCMT:undname.obj
 0002:00001ed5       ?fGetTemplateArgumentList@UnDecorator@@0_NA 10014ed5     LIBCMT:undname.obj
 0002:00002214       __stdbuf                   10015214     LIBCMT:_sftbuf.obj
 0002:00002234       ___piob                    10015234     <common>
 0002:00002240       __bufin                    10015240     <common>
 0002:00003240       __nstream                  10016240     <common>
 0002:00003244       __debugger_hook_dummy      10016244     <common>
 0002:00003248       __pDestructExceptionObject 10016248     <common>
 0002:0000324c       __nhandle                  1001624c     <common>
 0002:00003260       ___pioinfo                 10016260     <common>
 0002:00003360       ___env_initialized         10016360     <common>
 0002:00003364       ___onexitend               10016364     <common>
 0002:00003368       ___onexitbegin             10016368     <common>
 0002:0000336c       ___mbctype_initialized     1001636c     <common>
 0002:00003370       ___dyn_tls_init_callback   10016370     <common>
 0002:00003374       ___sse2_available          10016374     <common>
 0002:00003378       __acmdln                   10016378     <common>

 entry point at        0001:00005684

 Static symbols

 0001:0000558e       ___DllMainCRTStartup       1000658e f   LIBCMT:dllcrt0.obj
 0001:000057ec       __onexit_nolock            100067ec f   LIBCMT:onexit.obj
 0001:00005c11       __tzset_nolock             10006c11 f   LIBCMT:tzset.obj
 0001:00005f24       _cvtdate                   10006f24 f   LIBCMT:tzset.obj
 0001:0000611b       __isindst_nolock           1000711b f   LIBCMT:tzset.obj
 0001:00006abf       _write_char                10007abf f   LIBCMT:output.obj
 0001:00006af2       _write_string              10007af2 f   LIBCMT:output.obj
 0001:00007880       __shift                    10008880 f   LIBCMT:cvt.obj
 0001:000078c5       __cftoe2_l                 100088c5 f   LIBCMT:cvt.obj
 0001:00007e83       __cftof2_l                 10008e83 f   LIBCMT:cvt.obj
 0001:000082e4       ?CPtoLCID@@YAHH@Z          100092e4 f   LIBCMT:mbctype.obj
 0001:00008313       ?setSBCS@@YAXPAUthreadmbcinfostruct@@@Z 10009313 f   LIBCMT:mbctype.obj
 0001:00008377       ?setSBUpLow@@YAXPAUthreadmbcinfostruct@@@Z 10009377 f   LIBCMT:mbctype.obj
 0001:000085ab       ?getSystemCP@@YAHH@Z       100095ab f   LIBCMT:mbctype.obj
 0001:0000929b       ?strtoxl@@YAKPAUlocaleinfo_struct@@PBDPAPBDHH@Z 1000a29b f   LIBCMT:strtol.obj
 0001:00009765       _doexit                    1000a765 f   LIBCMT:crt0dat.obj
 0001:00009c5c       _parse_cmdline             1000ac5c f   LIBCMT:stdargv.obj
 0001:0000bfd7       ?__crtLCMapStringA_stat@@YAHPAUlocaleinfo_struct@@KKPBDHPADHHH@Z 1000cfd7 f   LIBCMT:a_map.obj
 0001:0000c204       ?__crtGetStringTypeA_stat@@YAHPAUlocaleinfo_struct@@KPBDHPAGHHH@Z 1000d204 f   LIBCMT:a_str.obj
 0001:0000ce15       _siglookup                 1000de15 f   LIBCMT:winsig.obj
 0001:0000d16c       ?x_ismbbtype_l@@YAHPAUlocaleinfo_struct@@IHH@Z 1000e16c f   LIBCMT:ismbbyte.obj
 0001:0000d270       __unwind_handler4          1000e270 f   LIBCMT:exsup4.obj
 0001:0000dda5       _flsall                    1000eda5 f   LIBCMT:fflush.obj
 0001:0000f900       __hw_cw                    10010900 f   LIBCMT:_ieee87_.obj
 0001:0000f98e       ___hw_cw_sse2              1001098e f   LIBCMT:_ieee87_.obj
 0001:0000feb0       __unwind_handler           10010eb0 f   LIBCMT:exsup.obj
 0001:0000ffc7       ?__crtCompareStringA_stat@@YAHPAUlocaleinfo_struct@@KKPBDH1HH@Z 10010fc7 f   LIBCMT:a_cmp.obj
 0001:00010361       _findenv                   10011361 f   LIBCMT:setenv.obj
 0001:000103b3       _copy_environ              100113b3 f   LIBCMT:setenv.obj
 0001:00010db0       ?ReturnSamePointer@@YGPAXPAX@Z 10011db0 f   FsdLib:vc10wrapper.obj
 0001:00010dc0       ??$Wrapper@$0A@@@YGPAXPAX@Z 10011dc0 f   FsdLib:vc10wrapper.obj
 0001:00010e30       ??$Wrapper@$00@@YGPAXPAX@Z 10011e30 f   FsdLib:vc10wrapper.obj
 0001:00010ebc       ??__Fnomem@?5???2@YAPAXI@Z@YAXXZ 10011ebc f   LIBCMT:new.obj
